=== longhorizon start 2026-08-14T18:26:17 commit=ec89b3bbf840c2e27c5e270e21ea6ed29c1155c3 config=2d7344a1dac41b6a3484536e18939f294bff62d32a67310254f9a41fc7dfb0d0 todo=360
OK 8YL_H0_N300_POW_seed001 blk=166 meanH=1.0000 meanP=1.0000
OK 8YL_H0_N300_P0_ALL_seed001 blk=167 meanH=0.9975 meanP=0.9975
OK 8YL_H0_N300_P3_ENERGY_seed001 blk=107 meanH=0.5984 meanP=0.5984
OK 8YL_H0_N300_P4_RESERVE_seed001 blk=110 meanH=0.5795 meanP=0.5818
OK 8YL_H0_N300_POW_seed002 blk=157 meanH=1.0000 meanP=1.0000
OK 8YL_H0_N300_P0_ALL_seed002 blk=157 meanH=0.9974 meanP=0.9974
OK 8YL_H0_N300_P3_ENERGY_seed002 blk=103 meanH=0.5983 meanP=0.5983
OK 8YL_H0_N300_P4_RESERVE_seed002 blk=93 meanH=0.5807 meanP=0.5828
OK 8YL_H0_N300_POW_seed003 blk=203 meanH=1.0000 meanP=1.0000
OK 8YL_H0_N300_P0_ALL_seed003 blk=203 meanH=0.9977 meanP=0.9977
OK 8YL_H0_N300_P3_ENERGY_seed003 blk=118 meanH=0.5983 meanP=0.5983
OK 8YL_H0_N300_P4_RESERVE_seed003 blk=114 meanH=0.5370 meanP=0.5395
OK 8YL_H0_N300_POW_seed004 blk=160 meanH=1.0000 meanP=1.0000
OK 8YL_H0_N300_P0_ALL_seed004 blk=159 meanH=0.9974 meanP=0.9974
OK 8YL_H0_N300_P3_ENERGY_seed004 blk=100 meanH=0.5983 meanP=0.5983
OK 8YL_H0_N300_P4_RESERVE_seed004 blk=97 meanH=0.5655 meanP=0.5678
OK 8YL_H0_N300_POW_seed005 blk=161 meanH=1.0000 meanP=1.0000
OK 8YL_H0_N300_P0_ALL_seed005 blk=161 meanH=0.9974 meanP=0.9974
OK 8YL_H0_N300_P3_ENERGY_seed005 blk=98 meanH=0.5982 meanP=0.5982
OK 8YL_H0_N300_P4_RESERVE_seed005 blk=80 meanH=0.5642 meanP=0.5664
OK 8YL_H0_N300_POW_seed006 blk=158 meanH=1.0000 meanP=1.0000
OK 8YL_H0_N300_P0_ALL_seed006 blk=158 meanH=0.9974 meanP=0.9974
OK 8YL_H0_N300_P3_ENERGY_seed006 blk=90 meanH=0.5982 meanP=0.5982
OK 8YL_H0_N300_P4_RESERVE_seed006 blk=93 meanH=0.5645 meanP=0.5668
OK 8YL_H0_N300_POW_seed007 blk=164 meanH=1.0000 meanP=1.0000
OK 8YL_H0_N300_P0_ALL_seed007 blk=164 meanH=0.9974 meanP=0.9974
OK 8YL_H0_N300_P3_ENERGY_seed007 blk=100 meanH=0.5982 meanP=0.5982
OK 8YL_H0_N300_P4_RESERVE_seed007 blk=82 meanH=0.5933 meanP=0.5953
OK 8YL_H0_N300_POW_seed008 blk=158 meanH=1.0000 meanP=1.0000
OK 8YL_H0_N300_P0_ALL_seed008 blk=154 meanH=0.9973 meanP=0.9973
OK 8YL_H0_N300_P3_ENERGY_seed008 blk=100 meanH=0.5983 meanP=0.5983
OK 8YL_H0_N300_P4_RESERVE_seed008 blk=100 meanH=0.5869 meanP=0.5891
OK 8YL_H0_N300_POW_seed009 blk=169 meanH=1.0000 meanP=1.0000
OK 8YL_H0_N300_P0_ALL_seed009 blk=164 meanH=0.9975 meanP=0.9975
OK 8YL_H0_N300_P3_ENERGY_seed009 blk=86 meanH=0.5982 meanP=0.5982
OK 8YL_H0_N300_P4_RESERVE_seed009 blk=100 meanH=0.5522 meanP=0.5547
OK 8YL_H0_N300_POW_seed010 blk=164 meanH=1.0000 meanP=1.0000
OK 8YL_H0_N300_P0_ALL_seed010 blk=164 meanH=0.9977 meanP=0.9977
OK 8YL_H0_N300_P3_ENERGY_seed010 blk=100 meanH=0.5983 meanP=0.5983
OK 8YL_H0_N300_P4_RESERVE_seed010 blk=94 meanH=0.5653 meanP=0.5676
OK 8YL_H0_N300_POW_seed011 blk=156 meanH=1.0000 meanP=1.0000
OK 8YL_H0_N300_P0_ALL_seed011 blk=156 meanH=0.9973 meanP=0.9973
OK 8YL_H0_N300_P3_ENERGY_seed011 blk=94 meanH=0.5982 meanP=0.5982
OK 8YL_H0_N300_P4_RESERVE_seed011 blk=102 meanH=0.5623 meanP=0.5646
OK 8YL_H0_N300_POW_seed012 blk=141 meanH=1.0000 meanP=1.0000
OK 8YL_H0_N300_P0_ALL_seed012 blk=140 meanH=0.9973 meanP=0.9973
OK 8YL_H0_N300_P3_ENERGY_seed012 blk=84 meanH=0.5982 meanP=0.5982
OK 8YL_H0_N300_P4_RESERVE_seed012 blk=79 meanH=0.6007 meanP=0.6027
OK 8YL_H0_N300_POW_seed013 blk=159 meanH=1.0000 meanP=1.0000
OK 8YL_H0_N300_P0_ALL_seed013 blk=163 meanH=0.9977 meanP=0.9977
OK 8YL_H0_N300_P3_ENERGY_seed013 blk=104 meanH=0.5983 meanP=0.5983
OK 8YL_H0_N300_P4_RESERVE_seed013 blk=91 meanH=0.5738 meanP=0.5759
OK 8YL_H0_N300_POW_seed014 blk=157 meanH=1.0000 meanP=1.0000
OK 8YL_H0_N300_P0_ALL_seed014 blk=157 meanH=0.9974 meanP=0.9974
OK 8YL_H0_N300_P3_ENERGY_seed014 blk=80 meanH=0.5982 meanP=0.5982
OK 8YL_H0_N300_P4_RESERVE_seed014 blk=78 meanH=0.6162 meanP=0.6181
OK 8YL_H0_N300_POW_seed015 blk=180 meanH=1.0000 meanP=1.0000
OK 8YL_H0_N300_P0_ALL_seed015 blk=180 meanH=0.9974 meanP=0.9974
OK 8YL_H0_N300_P3_ENERGY_seed015 blk=106 meanH=0.5982 meanP=0.5982
OK 8YL_H0_N300_P4_RESERVE_seed015 blk=92 meanH=0.5818 meanP=0.5839
OK 8YL_H0_N300_POW_seed016 blk=171 meanH=1.0000 meanP=1.0000
OK 8YL_H0_N300_P0_ALL_seed016 blk=169 meanH=0.9975 meanP=0.9975
OK 8YL_H0_N300_P3_ENERGY_seed016 blk=97 meanH=0.5982 meanP=0.5982
OK 8YL_H0_N300_P4_RESERVE_seed016 blk=91 meanH=0.5785 meanP=0.5806
OK 8YL_H0_N300_POW_seed017 blk=147 meanH=1.0000 meanP=1.0000
OK 8YL_H0_N300_P0_ALL_seed017 blk=146 meanH=0.9974 meanP=0.9974
OK 8YL_H0_N300_P3_ENERGY_seed017 blk=94 meanH=0.5983 meanP=0.5983
OK 8YL_H0_N300_P4_RESERVE_seed017 blk=84 meanH=0.5753 meanP=0.5775
OK 8YL_H0_N300_POW_seed018 blk=181 meanH=1.0000 meanP=1.0000
OK 8YL_H0_N300_P0_ALL_seed018 blk=181 meanH=0.9975 meanP=0.9975
OK 8YL_H0_N300_P3_ENERGY_seed018 blk=108 meanH=0.5983 meanP=0.5983
OK 8YL_H0_N300_P4_RESERVE_seed018 blk=115 meanH=0.5613 meanP=0.5637
OK 8YL_H0_N300_POW_seed019 blk=166 meanH=1.0000 meanP=1.0000
OK 8YL_H0_N300_P0_ALL_seed019 blk=166 meanH=0.9972 meanP=0.9972
OK 8YL_H0_N300_P3_ENERGY_seed019 blk=104 meanH=0.5982 meanP=0.5982
OK 8YL_H0_N300_P4_RESERVE_seed019 blk=93 meanH=0.5666 meanP=0.5687
OK 8YL_H0_N300_POW_seed020 blk=166 meanH=1.0000 meanP=1.0000
OK 8YL_H0_N300_P0_ALL_seed020 blk=166 meanH=0.9977 meanP=0.9977
OK 8YL_H0_N300_P3_ENERGY_seed020 blk=103 meanH=0.5983 meanP=0.5983
OK 8YL_H0_N300_P4_RESERVE_seed020 blk=99 meanH=0.5662 meanP=0.5685
OK 8YL_H0_N300_POW_seed021 blk=166 meanH=1.0000 meanP=1.0000
OK 8YL_H0_N300_P0_ALL_seed021 blk=166 meanH=0.9975 meanP=0.9975
OK 8YL_H0_N300_P3_ENERGY_seed021 blk=103 meanH=0.5983 meanP=0.5983
OK 8YL_H0_N300_P4_RESERVE_seed021 blk=98 meanH=0.5682 meanP=0.5704
OK 8YL_H0_N300_POW_seed022 blk=156 meanH=1.0000 meanP=1.0000
OK 8YL_H0_N300_P0_ALL_seed022 blk=156 meanH=0.9976 meanP=0.9976
OK 8YL_H0_N300_P3_ENERGY_seed022 blk=89 meanH=0.5982 meanP=0.5982
OK 8YL_H0_N300_P4_RESERVE_seed022 blk=91 meanH=0.5632 meanP=0.5654
OK 8YL_H0_N300_POW_seed023 blk=153 meanH=1.0000 meanP=1.0000
OK 8YL_H0_N300_P0_ALL_seed023 blk=152 meanH=0.9973 meanP=0.9973
OK 8YL_H0_N300_P3_ENERGY_seed023 blk=95 meanH=0.5982 meanP=0.5982
OK 8YL_H0_N300_P4_RESERVE_seed023 blk=89 meanH=0.5686 meanP=0.5709
OK 8YL_H0_N300_POW_seed024 blk=159 meanH=1.0000 meanP=1.0000
OK 8YL_H0_N300_P0_ALL_seed024 blk=162 meanH=0.9973 meanP=0.9973
OK 8YL_H0_N300_P3_ENERGY_seed024 blk=94 meanH=0.5982 meanP=0.5982
OK 8YL_H0_N300_P4_RESERVE_seed024 blk=98 meanH=0.5687 meanP=0.5709
OK 8YL_H0_N300_POW_seed025 blk=162 meanH=1.0000 meanP=1.0000
OK 8YL_H0_N300_P0_ALL_seed025 blk=162 meanH=0.9974 meanP=0.9974
OK 8YL_H0_N300_P3_ENERGY_seed025 blk=105 meanH=0.5983 meanP=0.5983
OK 8YL_H0_N300_P4_RESERVE_seed025 blk=102 meanH=0.5795 meanP=0.5817
OK 8YL_H0_N300_POW_seed026 blk=179 meanH=1.0000 meanP=1.0000
OK 8YL_H0_N300_P0_ALL_seed026 blk=179 meanH=0.9977 meanP=0.9977
OK 8YL_H0_N300_P3_ENERGY_seed026 blk=101 meanH=0.5982 meanP=0.5982
OK 8YL_H0_N300_P4_RESERVE_seed026 blk=116 meanH=0.5540 meanP=0.5564
OK 8YL_H0_N300_POW_seed027 blk=185 meanH=1.0000 meanP=1.0000
OK 8YL_H0_N300_P0_ALL_seed027 blk=185 meanH=0.9975 meanP=0.9975
OK 8YL_H0_N300_P3_ENERGY_seed027 blk=123 meanH=0.5984 meanP=0.5984
OK 8YL_H0_N300_P4_RESERVE_seed027 blk=103 meanH=0.5735 meanP=0.5757
OK 8YL_H0_N300_POW_seed028 blk=172 meanH=1.0000 meanP=1.0000
OK 8YL_H0_N300_P0_ALL_seed028 blk=171 meanH=0.9974 meanP=0.9974
OK 8YL_H0_N300_P3_ENERGY_seed028 blk=102 meanH=0.5982 meanP=0.5982
OK 8YL_H0_N300_P4_RESERVE_seed028 blk=99 meanH=0.5746 meanP=0.5768
OK 8YL_H0_N300_POW_seed029 blk=155 meanH=1.0000 meanP=1.0000
OK 8YL_H0_N300_P0_ALL_seed029 blk=156 meanH=0.9974 meanP=0.9974
OK 8YL_H0_N300_P3_ENERGY_seed029 blk=86 meanH=0.5982 meanP=0.5982
OK 8YL_H0_N300_P4_RESERVE_seed029 blk=95 meanH=0.5645 meanP=0.5667
OK 8YL_H0_N300_POW_seed030 blk=156 meanH=1.0000 meanP=1.0000
OK 8YL_H0_N300_P0_ALL_seed030 blk=154 meanH=0.9975 meanP=0.9975
OK 8YL_H0_N300_P3_ENERGY_seed030 blk=82 meanH=0.5982 meanP=0.5982
OK 8YL_H0_N300_P4_RESERVE_seed030 blk=85 meanH=0.5776 meanP=0.5798
OK 8YL_H2_N300_POW_seed001 blk=159 meanH=1.0000 meanP=1.0000
OK 8YL_H2_N300_P0_ALL_seed001 blk=151 meanH=0.9975 meanP=0.9975
OK 8YL_H2_N300_P3_ENERGY_seed001 blk=97 meanH=0.5985 meanP=0.4613
OK 8YL_H2_N300_P4_RESERVE_seed001 blk=93 meanH=0.5670 meanP=0.5454
OK 8YL_H2_N300_POW_seed002 blk=154 meanH=1.0000 meanP=1.0000
OK 8YL_H2_N300_P0_ALL_seed002 blk=154 meanH=0.9974 meanP=0.9974
OK 8YL_H2_N300_P3_ENERGY_seed002 blk=84 meanH=0.5982 meanP=0.4611
OK 8YL_H2_N300_P4_RESERVE_seed002 blk=84 meanH=0.6122 meanP=0.5943
OK 8YL_H2_N300_POW_seed003 blk=175 meanH=1.0000 meanP=1.0000
OK 8YL_H2_N300_P0_ALL_seed003 blk=175 meanH=0.9976 meanP=0.9976
OK 8YL_H2_N300_P3_ENERGY_seed003 blk=104 meanH=0.5983 meanP=0.4611
OK 8YL_H2_N300_P4_RESERVE_seed003 blk=111 meanH=0.5489 meanP=0.5208
OK 8YL_H2_N300_POW_seed004 blk=163 meanH=1.0000 meanP=1.0000
OK 8YL_H2_N300_P0_ALL_seed004 blk=163 meanH=0.9974 meanP=0.9974
OK 8YL_H2_N300_P3_ENERGY_seed004 blk=105 meanH=0.5983 meanP=0.4612
OK 8YL_H2_N300_P4_RESERVE_seed004 blk=99 meanH=0.5861 meanP=0.5645
OK 8YL_H2_N300_POW_seed005 blk=153 meanH=1.0000 meanP=1.0000
OK 8YL_H2_N300_P0_ALL_seed005 blk=153 meanH=0.9973 meanP=0.9973
OK 8YL_H2_N300_P3_ENERGY_seed005 blk=86 meanH=0.5982 meanP=0.4611
OK 8YL_H2_N300_P4_RESERVE_seed005 blk=83 meanH=0.5872 meanP=0.5699
OK 8YL_H2_N300_POW_seed006 blk=169 meanH=1.0000 meanP=1.0000
OK 8YL_H2_N300_P0_ALL_seed006 blk=169 meanH=0.9975 meanP=0.9975
OK 8YL_H2_N300_P3_ENERGY_seed006 blk=109 meanH=0.5984 meanP=0.4612
OK 8YL_H2_N300_P4_RESERVE_seed006 blk=99 meanH=0.5270 meanP=0.5041
OK 8YL_H2_N300_POW_seed007 blk=174 meanH=1.0000 meanP=1.0000
OK 8YL_H2_N300_P0_ALL_seed007 blk=170 meanH=0.9975 meanP=0.9975
OK 8YL_H2_N300_P3_ENERGY_seed007 blk=99 meanH=0.5984 meanP=0.4612
OK 8YL_H2_N300_P4_RESERVE_seed007 blk=95 meanH=0.5599 meanP=0.5374
OK 8YL_H2_N300_POW_seed008 blk=166 meanH=1.0000 meanP=1.0000
OK 8YL_H2_N300_P0_ALL_seed008 blk=165 meanH=0.9976 meanP=0.9976
OK 8YL_H2_N300_P3_ENERGY_seed008 blk=94 meanH=0.5982 meanP=0.4611
OK 8YL_H2_N300_P4_RESERVE_seed008 blk=93 meanH=0.5546 meanP=0.5368
OK 8YL_H2_N300_POW_seed009 blk=163 meanH=1.0000 meanP=1.0000
OK 8YL_H2_N300_P0_ALL_seed009 blk=158 meanH=0.9975 meanP=0.9975
OK 8YL_H2_N300_P3_ENERGY_seed009 blk=110 meanH=0.5985 meanP=0.4613
OK 8YL_H2_N300_P4_RESERVE_seed009 blk=104 meanH=0.5699 meanP=0.5444
OK 8YL_H2_N300_POW_seed010 blk=173 meanH=1.0000 meanP=1.0000
OK 8YL_H2_N300_P0_ALL_seed010 blk=172 meanH=0.9977 meanP=0.9977
OK 8YL_H2_N300_P3_ENERGY_seed010 blk=93 meanH=0.5983 meanP=0.4612
OK 8YL_H2_N300_P4_RESERVE_seed010 blk=87 meanH=0.5801 meanP=0.5590
OK 8YL_H2_N300_POW_seed011 blk=161 meanH=1.0000 meanP=1.0000
OK 8YL_H2_N300_P0_ALL_seed011 blk=162 meanH=0.9974 meanP=0.9974
OK 8YL_H2_N300_P3_ENERGY_seed011 blk=94 meanH=0.5983 meanP=0.4611
OK 8YL_H2_N300_P4_RESERVE_seed011 blk=90 meanH=0.5463 meanP=0.5296
OK 8YL_H2_N300_POW_seed012 blk=146 meanH=1.0000 meanP=1.0000
OK 8YL_H2_N300_P0_ALL_seed012 blk=146 meanH=0.9973 meanP=0.9973
OK 8YL_H2_N300_P3_ENERGY_seed012 blk=102 meanH=0.5984 meanP=0.4612
OK 8YL_H2_N300_P4_RESERVE_seed012 blk=88 meanH=0.5964 meanP=0.5778
OK 8YL_H2_N300_POW_seed013 blk=169 meanH=1.0000 meanP=1.0000
OK 8YL_H2_N300_P0_ALL_seed013 blk=164 meanH=0.9976 meanP=0.9976
OK 8YL_H2_N300_P3_ENERGY_seed013 blk=102 meanH=0.5985 meanP=0.4613
OK 8YL_H2_N300_P4_RESERVE_seed013 blk=104 meanH=0.5811 meanP=0.5502
OK 8YL_H2_N300_POW_seed014 blk=157 meanH=1.0000 meanP=1.0000
OK 8YL_H2_N300_P0_ALL_seed014 blk=157 meanH=0.9974 meanP=0.9974
OK 8YL_H2_N300_P3_ENERGY_seed014 blk=94 meanH=0.5982 meanP=0.4611
OK 8YL_H2_N300_P4_RESERVE_seed014 blk=80 meanH=0.5763 meanP=0.5617
OK 8YL_H2_N300_POW_seed015 blk=185 meanH=1.0000 meanP=1.0000
OK 8YL_H2_N300_P0_ALL_seed015 blk=183 meanH=0.9976 meanP=0.9976
OK 8YL_H2_N300_P3_ENERGY_seed015 blk=97 meanH=0.5983 meanP=0.4612
OK 8YL_H2_N300_P4_RESERVE_seed015 blk=88 meanH=0.5853 meanP=0.5653
OK 8YL_H2_N300_POW_seed016 blk=158 meanH=1.0000 meanP=1.0000
OK 8YL_H2_N300_P0_ALL_seed016 blk=158 meanH=0.9973 meanP=0.9973
OK 8YL_H2_N300_P3_ENERGY_seed016 blk=96 meanH=0.5983 meanP=0.4612
OK 8YL_H2_N300_P4_RESERVE_seed016 blk=89 meanH=0.5903 meanP=0.5740
OK 8YL_H2_N300_POW_seed017 blk=139 meanH=1.0000 meanP=1.0000
OK 8YL_H2_N300_P0_ALL_seed017 blk=138 meanH=0.9974 meanP=0.9974
OK 8YL_H2_N300_P3_ENERGY_seed017 blk=94 meanH=0.5983 meanP=0.4611
OK 8YL_H2_N300_P4_RESERVE_seed017 blk=88 meanH=0.5810 meanP=0.5630
OK 8YL_H2_N300_POW_seed018 blk=175 meanH=1.0000 meanP=1.0000
OK 8YL_H2_N300_P0_ALL_seed018 blk=175 meanH=0.9975 meanP=0.9975
OK 8YL_H2_N300_P3_ENERGY_seed018 blk=111 meanH=0.5983 meanP=0.4611
OK 8YL_H2_N300_P4_RESERVE_seed018 blk=101 meanH=0.5629 meanP=0.5422
OK 8YL_H2_N300_POW_seed019 blk=156 meanH=1.0000 meanP=1.0000
OK 8YL_H2_N300_P0_ALL_seed019 blk=154 meanH=0.9973 meanP=0.9973
OK 8YL_H2_N300_P3_ENERGY_seed019 blk=88 meanH=0.5982 meanP=0.4610
OK 8YL_H2_N300_P4_RESERVE_seed019 blk=81 meanH=0.5639 meanP=0.5515
OK 8YL_H2_N300_POW_seed020 blk=150 meanH=1.0000 meanP=1.0000
OK 8YL_H2_N300_P0_ALL_seed020 blk=150 meanH=0.9974 meanP=0.9974
OK 8YL_H2_N300_P3_ENERGY_seed020 blk=88 meanH=0.5983 meanP=0.4612
OK 8YL_H2_N300_P4_RESERVE_seed020 blk=83 meanH=0.5780 meanP=0.5583
OK 8YL_H2_N300_POW_seed021 blk=170 meanH=1.0000 meanP=1.0000
OK 8YL_H2_N300_P0_ALL_seed021 blk=169 meanH=0.9976 meanP=0.9976
OK 8YL_H2_N300_P3_ENERGY_seed021 blk=103 meanH=0.5984 meanP=0.4612
OK 8YL_H2_N300_P4_RESERVE_seed021 blk=89 meanH=0.5482 meanP=0.5278
OK 8YL_H2_N300_POW_seed022 blk=153 meanH=1.0000 meanP=1.0000
OK 8YL_H2_N300_P0_ALL_seed022 blk=151 meanH=0.9974 meanP=0.9974
OK 8YL_H2_N300_P3_ENERGY_seed022 blk=93 meanH=0.5984 meanP=0.4612
OK 8YL_H2_N300_P4_RESERVE_seed022 blk=90 meanH=0.5753 meanP=0.5544
OK 8YL_H2_N300_POW_seed023 blk=160 meanH=1.0000 meanP=1.0000
OK 8YL_H2_N300_P0_ALL_seed023 blk=160 meanH=0.9974 meanP=0.9974
OK 8YL_H2_N300_P3_ENERGY_seed023 blk=100 meanH=0.5984 meanP=0.4612
OK 8YL_H2_N300_P4_RESERVE_seed023 blk=95 meanH=0.5739 meanP=0.5522
OK 8YL_H2_N300_POW_seed024 blk=178 meanH=1.0000 meanP=1.0000
OK 8YL_H2_N300_P0_ALL_seed024 blk=177 meanH=0.9975 meanP=0.9975
OK 8YL_H2_N300_P3_ENERGY_seed024 blk=109 meanH=0.5982 meanP=0.4611
OK 8YL_H2_N300_P4_RESERVE_seed024 blk=96 meanH=0.5993 meanP=0.5815
OK 8YL_H2_N300_POW_seed025 blk=156 meanH=1.0000 meanP=1.0000
OK 8YL_H2_N300_P0_ALL_seed025 blk=158 meanH=0.9973 meanP=0.9973
OK 8YL_H2_N300_P3_ENERGY_seed025 blk=94 meanH=0.5982 meanP=0.4611
OK 8YL_H2_N300_P4_RESERVE_seed025 blk=100 meanH=0.5396 meanP=0.5191
OK 8YL_H2_N300_POW_seed026 blk=184 meanH=1.0000 meanP=1.0000
OK 8YL_H2_N300_P0_ALL_seed026 blk=183 meanH=0.9976 meanP=0.9976
OK 8YL_H2_N300_P3_ENERGY_seed026 blk=126 meanH=0.5985 meanP=0.4613
OK 8YL_H2_N300_P4_RESERVE_seed026 blk=114 meanH=0.5640 meanP=0.5379
OK 8YL_H2_N300_POW_seed027 blk=182 meanH=1.0000 meanP=1.0000
OK 8YL_H2_N300_P0_ALL_seed027 blk=182 meanH=0.9977 meanP=0.9977
OK 8YL_H2_N300_P3_ENERGY_seed027 blk=98 meanH=0.5984 meanP=0.4612
OK 8YL_H2_N300_P4_RESERVE_seed027 blk=103 meanH=0.5656 meanP=0.5369
OK 8YL_H2_N300_POW_seed028 blk=182 meanH=1.0000 meanP=1.0000
OK 8YL_H2_N300_P0_ALL_seed028 blk=182 meanH=0.9975 meanP=0.9975
OK 8YL_H2_N300_P3_ENERGY_seed028 blk=96 meanH=0.5982 meanP=0.4611
OK 8YL_H2_N300_P4_RESERVE_seed028 blk=90 meanH=0.5858 meanP=0.5687
OK 8YL_H2_N300_POW_seed029 blk=160 meanH=1.0000 meanP=1.0000
OK 8YL_H2_N300_P0_ALL_seed029 blk=161 meanH=0.9975 meanP=0.9975
OK 8YL_H2_N300_P3_ENERGY_seed029 blk=97 meanH=0.5983 meanP=0.4611
OK 8YL_H2_N300_P4_RESERVE_seed029 blk=92 meanH=0.5775 meanP=0.5569
OK 8YL_H2_N300_POW_seed030 blk=161 meanH=1.0000 meanP=1.0000
OK 8YL_H2_N300_P0_ALL_seed030 blk=161 meanH=0.9973 meanP=0.9973
OK 8YL_H2_N300_P3_ENERGY_seed030 blk=101 meanH=0.5983 meanP=0.4612
OK 8YL_H2_N300_P4_RESERVE_seed030 blk=95 meanH=0.5516 meanP=0.5309
OK 8YL_H4_N300_POW_seed001 blk=171 meanH=1.0000 meanP=1.0000
OK 8YL_H4_N300_P0_ALL_seed001 blk=172 meanH=0.9975 meanP=0.9975
OK 8YL_H4_N300_P3_ENERGY_seed001 blk=113 meanH=0.6000 meanP=0.4813
OK 8YL_H4_N300_P4_RESERVE_seed001 blk=109 meanH=0.5594 meanP=0.5396
OK 8YL_H4_N300_POW_seed002 blk=157 meanH=1.0000 meanP=1.0000
OK 8YL_H4_N300_P0_ALL_seed002 blk=157 meanH=0.9974 meanP=0.9974
OK 8YL_H4_N300_P3_ENERGY_seed002 blk=84 meanH=0.5997 meanP=0.4811
OK 8YL_H4_N300_P4_RESERVE_seed002 blk=83 meanH=0.6055 meanP=0.5928
OK 8YL_H4_N300_POW_seed003 blk=175 meanH=1.0000 meanP=1.0000
OK 8YL_H4_N300_P0_ALL_seed003 blk=175 meanH=0.9974 meanP=0.9974
OK 8YL_H4_N300_P3_ENERGY_seed003 blk=114 meanH=0.5998 meanP=0.4812
OK 8YL_H4_N300_P4_RESERVE_seed003 blk=104 meanH=0.5699 meanP=0.5514
OK 8YL_H4_N300_POW_seed004 blk=163 meanH=1.0000 meanP=1.0000
OK 8YL_H4_N300_P0_ALL_seed004 blk=162 meanH=0.9973 meanP=0.9973
OK 8YL_H4_N300_P3_ENERGY_seed004 blk=108 meanH=0.5998 meanP=0.4812
OK 8YL_H4_N300_P4_RESERVE_seed004 blk=106 meanH=0.5733 meanP=0.5537
OK 8YL_H4_N300_POW_seed005 blk=161 meanH=1.0000 meanP=1.0000
OK 8YL_H4_N300_P0_ALL_seed005 blk=161 meanH=0.9974 meanP=0.9974
OK 8YL_H4_N300_P3_ENERGY_seed005 blk=93 meanH=0.5997 meanP=0.4811
OK 8YL_H4_N300_P4_RESERVE_seed005 blk=89 meanH=0.5944 meanP=0.5803
OK 8YL_H4_N300_POW_seed006 blk=169 meanH=1.0000 meanP=1.0000
OK 8YL_H4_N300_P0_ALL_seed006 blk=171 meanH=0.9975 meanP=0.9975
OK 8YL_H4_N300_P3_ENERGY_seed006 blk=109 meanH=0.5998 meanP=0.4812
OK 8YL_H4_N300_P4_RESERVE_seed006 blk=104 meanH=0.5531 meanP=0.5338
OK 8YL_H4_N300_POW_seed007 blk=169 meanH=1.0000 meanP=1.0000
OK 8YL_H4_N300_P0_ALL_seed007 blk=169 meanH=0.9974 meanP=0.9974
OK 8YL_H4_N300_P3_ENERGY_seed007 blk=105 meanH=0.5999 meanP=0.4813
OK 8YL_H4_N300_P4_RESERVE_seed007 blk=93 meanH=0.5285 meanP=0.5138
OK 8YL_H4_N300_POW_seed008 blk=163 meanH=1.0000 meanP=1.0000
OK 8YL_H4_N300_P0_ALL_seed008 blk=163 meanH=0.9975 meanP=0.9975
OK 8YL_H4_N300_P3_ENERGY_seed008 blk=98 meanH=0.5998 meanP=0.4812
OK 8YL_H4_N300_P4_RESERVE_seed008 blk=92 meanH=0.5801 meanP=0.5666
OK 8YL_H4_N300_POW_seed009 blk=162 meanH=1.0000 meanP=1.0000
OK 8YL_H4_N300_P0_ALL_seed009 blk=163 meanH=0.9976 meanP=0.9976
OK 8YL_H4_N300_P3_ENERGY_seed009 blk=110 meanH=0.5999 meanP=0.4813
OK 8YL_H4_N300_P4_RESERVE_seed009 blk=113 meanH=0.5976 meanP=0.5737
OK 8YL_H4_N300_POW_seed010 blk=162 meanH=1.0000 meanP=1.0000
OK 8YL_H4_N300_P0_ALL_seed010 blk=161 meanH=0.9977 meanP=0.9977
OK 8YL_H4_N300_P3_ENERGY_seed010 blk=91 meanH=0.5998 meanP=0.4812
OK 8YL_H4_N300_P4_RESERVE_seed010 blk=87 meanH=0.5828 meanP=0.5674
OK 8YL_H4_N300_POW_seed011 blk=168 meanH=1.0000 meanP=1.0000
OK 8YL_H4_N300_P0_ALL_seed011 blk=167 meanH=0.9973 meanP=0.9973
OK 8YL_H4_N300_P3_ENERGY_seed011 blk=107 meanH=0.5998 meanP=0.4812
OK 8YL_H4_N300_P4_RESERVE_seed011 blk=100 meanH=0.5680 meanP=0.5511
OK 8YL_H4_N300_POW_seed012 blk=143 meanH=1.0000 meanP=1.0000
OK 8YL_H4_N300_P0_ALL_seed012 blk=143 meanH=0.9973 meanP=0.9973
OK 8YL_H4_N300_P3_ENERGY_seed012 blk=97 meanH=0.5998 meanP=0.4812
OK 8YL_H4_N300_P4_RESERVE_seed012 blk=85 meanH=0.5844 meanP=0.5700
OK 8YL_H4_N300_POW_seed013 blk=160 meanH=1.0000 meanP=1.0000
OK 8YL_H4_N300_P0_ALL_seed013 blk=154 meanH=0.9975 meanP=0.9975
OK 8YL_H4_N300_P3_ENERGY_seed013 blk=104 meanH=0.6000 meanP=0.4813
OK 8YL_H4_N300_P4_RESERVE_seed013 blk=109 meanH=0.5864 meanP=0.5599
OK 8YL_H4_N300_POW_seed014 blk=165 meanH=1.0000 meanP=1.0000
OK 8YL_H4_N300_P0_ALL_seed014 blk=165 meanH=0.9974 meanP=0.9974
OK 8YL_H4_N300_P3_ENERGY_seed014 blk=85 meanH=0.5997 meanP=0.4811
OK 8YL_H4_N300_P4_RESERVE_seed014 blk=78 meanH=0.5771 meanP=0.5659
OK 8YL_H4_N300_POW_seed015 blk=185 meanH=1.0000 meanP=1.0000
OK 8YL_H4_N300_P0_ALL_seed015 blk=184 meanH=0.9975 meanP=0.9975
OK 8YL_H4_N300_P3_ENERGY_seed015 blk=108 meanH=0.5998 meanP=0.4812
OK 8YL_H4_N300_P4_RESERVE_seed015 blk=93 meanH=0.5896 meanP=0.5728
OK 8YL_H4_N300_POW_seed016 blk=172 meanH=1.0000 meanP=1.0000
OK 8YL_H4_N300_P0_ALL_seed016 blk=170 meanH=0.9975 meanP=0.9975
OK 8YL_H4_N300_P3_ENERGY_seed016 blk=104 meanH=0.5999 meanP=0.4813
OK 8YL_H4_N300_P4_RESERVE_seed016 blk=102 meanH=0.5596 meanP=0.5440
OK 8YL_H4_N300_POW_seed017 blk=138 meanH=1.0000 meanP=1.0000
OK 8YL_H4_N300_P0_ALL_seed017 blk=138 meanH=0.9973 meanP=0.9973
OK 8YL_H4_N300_P3_ENERGY_seed017 blk=95 meanH=0.5998 meanP=0.4812
OK 8YL_H4_N300_P4_RESERVE_seed017 blk=84 meanH=0.5940 meanP=0.5799
OK 8YL_H4_N300_POW_seed018 blk=172 meanH=1.0000 meanP=1.0000
OK 8YL_H4_N300_P0_ALL_seed018 blk=175 meanH=0.9973 meanP=0.9973
OK 8YL_H4_N300_P3_ENERGY_seed018 blk=115 meanH=0.5998 meanP=0.4812
OK 8YL_H4_N300_P4_RESERVE_seed018 blk=98 meanH=0.5476 meanP=0.5307
OK 8YL_H4_N300_POW_seed019 blk=164 meanH=1.0000 meanP=1.0000
OK 8YL_H4_N300_P0_ALL_seed019 blk=164 meanH=0.9975 meanP=0.9975
OK 8YL_H4_N300_P3_ENERGY_seed019 blk=99 meanH=0.5998 meanP=0.4812
OK 8YL_H4_N300_P4_RESERVE_seed019 blk=88 meanH=0.5550 meanP=0.5430
OK 8YL_H4_N300_POW_seed020 blk=170 meanH=1.0000 meanP=1.0000
OK 8YL_H4_N300_P0_ALL_seed020 blk=170 meanH=0.9977 meanP=0.9977
OK 8YL_H4_N300_P3_ENERGY_seed020 blk=107 meanH=0.5999 meanP=0.4813
OK 8YL_H4_N300_P4_RESERVE_seed020 blk=91 meanH=0.5603 meanP=0.5434
OK 8YL_H4_N300_POW_seed021 blk=164 meanH=1.0000 meanP=1.0000
OK 8YL_H4_N300_P0_ALL_seed021 blk=166 meanH=0.9975 meanP=0.9975
OK 8YL_H4_N300_P3_ENERGY_seed021 blk=97 meanH=0.5997 meanP=0.4811
OK 8YL_H4_N300_P4_RESERVE_seed021 blk=95 meanH=0.5840 meanP=0.5658
OK 8YL_H4_N300_POW_seed022 blk=152 meanH=1.0000 meanP=1.0000
OK 8YL_H4_N300_P0_ALL_seed022 blk=151 meanH=0.9974 meanP=0.9974
OK 8YL_H4_N300_P3_ENERGY_seed022 blk=99 meanH=0.5999 meanP=0.4812
OK 8YL_H4_N300_P4_RESERVE_seed022 blk=95 meanH=0.5672 meanP=0.5477
OK 8YL_H4_N300_POW_seed023 blk=173 meanH=1.0000 meanP=1.0000
OK 8YL_H4_N300_P0_ALL_seed023 blk=165 meanH=0.9975 meanP=0.9975
OK 8YL_H4_N300_P3_ENERGY_seed023 blk=107 meanH=0.5998 meanP=0.4812
OK 8YL_H4_N300_P4_RESERVE_seed023 blk=90 meanH=0.5840 meanP=0.5697
OK 8YL_H4_N300_POW_seed024 blk=161 meanH=1.0000 meanP=1.0000
OK 8YL_H4_N300_P0_ALL_seed024 blk=160 meanH=0.9974 meanP=0.9974
OK 8YL_H4_N300_P3_ENERGY_seed024 blk=106 meanH=0.5998 meanP=0.4812
OK 8YL_H4_N300_P4_RESERVE_seed024 blk=103 meanH=0.5926 meanP=0.5708
OK 8YL_H4_N300_POW_seed025 blk=155 meanH=1.0000 meanP=1.0000
OK 8YL_H4_N300_P0_ALL_seed025 blk=151 meanH=0.9972 meanP=0.9972
OK 8YL_H4_N300_P3_ENERGY_seed025 blk=90 meanH=0.5997 meanP=0.4811
OK 8YL_H4_N300_P4_RESERVE_seed025 blk=102 meanH=0.5710 meanP=0.5511
OK 8YL_H4_N300_POW_seed026 blk=192 meanH=1.0000 meanP=1.0000
OK 8YL_H4_N300_P0_ALL_seed026 blk=191 meanH=0.9977 meanP=0.9977
OK 8YL_H4_N300_P3_ENERGY_seed026 blk=110 meanH=0.5999 meanP=0.4812
OK 8YL_H4_N300_P4_RESERVE_seed026 blk=101 meanH=0.5632 meanP=0.5449
OK 8YL_H4_N300_POW_seed027 blk=180 meanH=1.0000 meanP=1.0000
OK 8YL_H4_N300_P0_ALL_seed027 blk=186 meanH=0.9976 meanP=0.9976
OK 8YL_H4_N300_P3_ENERGY_seed027 blk=110 meanH=0.5999 meanP=0.4813
OK 8YL_H4_N300_P4_RESERVE_seed027 blk=103 meanH=0.5415 meanP=0.5237
OK 8YL_H4_N300_POW_seed028 blk=178 meanH=1.0000 meanP=1.0000
OK 8YL_H4_N300_P0_ALL_seed028 blk=177 meanH=0.9975 meanP=0.9975
OK 8YL_H4_N300_P3_ENERGY_seed028 blk=108 meanH=0.5998 meanP=0.4812
OK 8YL_H4_N300_P4_RESERVE_seed028 blk=95 meanH=0.5909 meanP=0.5750
OK 8YL_H4_N300_POW_seed029 blk=155 meanH=1.0000 meanP=1.0000
OK 8YL_H4_N300_P0_ALL_seed029 blk=155 meanH=0.9974 meanP=0.9974
OK 8YL_H4_N300_P3_ENERGY_seed029 blk=99 meanH=0.5997 meanP=0.4811
OK 8YL_H4_N300_P4_RESERVE_seed029 blk=97 meanH=0.5672 meanP=0.5493
OK 8YL_H4_N300_POW_seed030 blk=169 meanH=1.0000 meanP=1.0000
OK 8YL_H4_N300_P0_ALL_seed030 blk=168 meanH=0.9973 meanP=0.9973
OK 8YL_H4_N300_P3_ENERGY_seed030 blk=100 meanH=0.5997 meanP=0.4811
OK 8YL_H4_N300_P4_RESERVE_seed030 blk=90 meanH=0.5657 meanP=0.5527
=== longhorizon end completed=360 failed=0 elapsed=178.6s
