=== pilot start 2026-08-14T18:21:47 commit=ec89b3bbf840c2e27c5e270e21ea6ed29c1155c3 config=2d7344a1dac41b6a3484536e18939f294bff62d32a67310254f9a41fc7dfb0d0 todo=378
OK 8YP_H0_N100_POW_seed001 blk=23 meanH=1.0000 meanP=1.0000
OK 8YP_H0_N100_POW_CT_seed001 blk=6 meanH=1.0000 meanP=1.0000
OK 8YP_H0_N100_P0_ALL_seed001 blk=23 meanH=0.9989 meanP=0.9989
OK 8YP_H0_N100_P1_EQUAL_seed001 blk=23 meanH=0.9989 meanP=0.9989
OK 8YP_H0_N100_P2_HASHPROP_seed001 blk=23 meanH=0.9989 meanP=0.9989
OK 8YP_H0_N100_P3_ENERGY_seed001 blk=14 meanH=0.5988 meanP=0.5988
OK 8YP_H0_N100_P4_RESERVE_seed001 blk=13 meanH=0.5406 meanP=0.5430
OK 8YP_H0_N100_POW_seed002 blk=21 meanH=1.0000 meanP=1.0000
OK 8YP_H0_N100_POW_CT_seed002 blk=8 meanH=1.0000 meanP=1.0000
OK 8YP_H0_N100_P0_ALL_seed002 blk=20 meanH=0.9978 meanP=0.9978
OK 8YP_H0_N100_P1_EQUAL_seed002 blk=20 meanH=0.9978 meanP=0.9978
OK 8YP_H0_N100_P2_HASHPROP_seed002 blk=20 meanH=0.9978 meanP=0.9978
OK 8YP_H0_N100_P3_ENERGY_seed002 blk=14 meanH=0.5987 meanP=0.5987
OK 8YP_H0_N100_P4_RESERVE_seed002 blk=9 meanH=0.6258 meanP=0.6278
OK 8YP_H0_N100_POW_seed003 blk=17 meanH=1.0000 meanP=1.0000
OK 8YP_H0_N100_POW_CT_seed003 blk=6 meanH=1.0000 meanP=1.0000
OK 8YP_H0_N100_P0_ALL_seed003 blk=17 meanH=0.9981 meanP=0.9981
OK 8YP_H0_N100_P1_EQUAL_seed003 blk=17 meanH=0.9981 meanP=0.9981
OK 8YP_H0_N100_P2_HASHPROP_seed003 blk=17 meanH=0.9981 meanP=0.9981
OK 8YP_H0_N100_P3_ENERGY_seed003 blk=10 meanH=0.5986 meanP=0.5986
OK 8YP_H0_N100_P4_RESERVE_seed003 blk=11 meanH=0.5678 meanP=0.5705
OK 8YP_H0_N100_POW_seed004 blk=20 meanH=1.0000 meanP=1.0000
OK 8YP_H0_N100_POW_CT_seed004 blk=8 meanH=1.0000 meanP=1.0000
OK 8YP_H0_N100_P0_ALL_seed004 blk=20 meanH=0.9979 meanP=0.9979
OK 8YP_H0_N100_P1_EQUAL_seed004 blk=20 meanH=0.9979 meanP=0.9979
OK 8YP_H0_N100_P2_HASHPROP_seed004 blk=20 meanH=0.9979 meanP=0.9979
OK 8YP_H0_N100_P3_ENERGY_seed004 blk=10 meanH=0.5985 meanP=0.5985
OK 8YP_H0_N100_P4_RESERVE_seed004 blk=10 meanH=0.5294 meanP=0.5317
OK 8YP_H0_N100_POW_seed005 blk=14 meanH=1.0000 meanP=1.0000
OK 8YP_H0_N100_POW_CT_seed005 blk=17 meanH=1.0000 meanP=1.0000
OK 8YP_H0_N100_P0_ALL_seed005 blk=14 meanH=0.9977 meanP=0.9977
OK 8YP_H0_N100_P1_EQUAL_seed005 blk=14 meanH=0.9977 meanP=0.9977
OK 8YP_H0_N100_P2_HASHPROP_seed005 blk=14 meanH=0.9977 meanP=0.9977
OK 8YP_H0_N100_P3_ENERGY_seed005 blk=10 meanH=0.5987 meanP=0.5987
OK 8YP_H0_N100_P4_RESERVE_seed005 blk=11 meanH=0.5587 meanP=0.5611
OK 8YP_H0_N100_POW_seed006 blk=15 meanH=1.0000 meanP=1.0000
OK 8YP_H0_N100_POW_CT_seed006 blk=11 meanH=1.0000 meanP=1.0000
OK 8YP_H0_N100_P0_ALL_seed006 blk=15 meanH=0.9978 meanP=0.9978
OK 8YP_H0_N100_P1_EQUAL_seed006 blk=15 meanH=0.9978 meanP=0.9978
OK 8YP_H0_N100_P2_HASHPROP_seed006 blk=15 meanH=0.9978 meanP=0.9978
OK 8YP_H0_N100_P3_ENERGY_seed006 blk=8 meanH=0.5986 meanP=0.5986
OK 8YP_H0_N100_P4_RESERVE_seed006 blk=11 meanH=0.6216 meanP=0.6238
OK 8YP_H0_N300_POW_seed001 blk=25 meanH=1.0000 meanP=1.0000
OK 8YP_H0_N300_POW_CT_seed001 blk=8 meanH=1.0000 meanP=1.0000
OK 8YP_H0_N300_P0_ALL_seed001 blk=24 meanH=0.9983 meanP=0.9983
OK 8YP_H0_N300_P1_EQUAL_seed001 blk=24 meanH=0.9983 meanP=0.9983
OK 8YP_H0_N300_P2_HASHPROP_seed001 blk=24 meanH=0.9983 meanP=0.9983
OK 8YP_H0_N300_P3_ENERGY_seed001 blk=18 meanH=0.5988 meanP=0.5988
OK 8YP_H0_N300_P4_RESERVE_seed001 blk=18 meanH=0.5605 meanP=0.5631
OK 8YP_H0_N300_POW_seed002 blk=22 meanH=1.0000 meanP=1.0000
OK 8YP_H0_N300_POW_CT_seed002 blk=8 meanH=1.0000 meanP=1.0000
OK 8YP_H0_N300_P0_ALL_seed002 blk=22 meanH=0.9987 meanP=0.9987
OK 8YP_H0_N300_P1_EQUAL_seed002 blk=22 meanH=0.9987 meanP=0.9987
OK 8YP_H0_N300_P2_HASHPROP_seed002 blk=22 meanH=0.9987 meanP=0.9987
OK 8YP_H0_N300_P3_ENERGY_seed002 blk=14 meanH=0.5988 meanP=0.5988
OK 8YP_H0_N300_P4_RESERVE_seed002 blk=7 meanH=0.5677 meanP=0.5699
OK 8YP_H0_N300_POW_seed003 blk=13 meanH=1.0000 meanP=1.0000
OK 8YP_H0_N300_POW_CT_seed003 blk=12 meanH=1.0000 meanP=1.0000
OK 8YP_H0_N300_P0_ALL_seed003 blk=13 meanH=0.9972 meanP=0.9972
OK 8YP_H0_N300_P1_EQUAL_seed003 blk=13 meanH=0.9972 meanP=0.9972
OK 8YP_H0_N300_P2_HASHPROP_seed003 blk=13 meanH=0.9972 meanP=0.9972
OK 8YP_H0_N300_P3_ENERGY_seed003 blk=10 meanH=0.5984 meanP=0.5984
OK 8YP_H0_N300_P4_RESERVE_seed003 blk=10 meanH=0.5895 meanP=0.5918
OK 8YP_H0_N300_POW_seed004 blk=24 meanH=1.0000 meanP=1.0000
OK 8YP_H0_N300_POW_CT_seed004 blk=6 meanH=1.0000 meanP=1.0000
OK 8YP_H0_N300_P0_ALL_seed004 blk=24 meanH=0.9986 meanP=0.9986
OK 8YP_H0_N300_P1_EQUAL_seed004 blk=24 meanH=0.9986 meanP=0.9986
OK 8YP_H0_N300_P2_HASHPROP_seed004 blk=24 meanH=0.9986 meanP=0.9986
OK 8YP_H0_N300_P3_ENERGY_seed004 blk=13 meanH=0.5982 meanP=0.5982
OK 8YP_H0_N300_P4_RESERVE_seed004 blk=13 meanH=0.5379 meanP=0.5405
OK 8YP_H0_N300_POW_seed005 blk=20 meanH=1.0000 meanP=1.0000
OK 8YP_H0_N300_POW_CT_seed005 blk=15 meanH=1.0000 meanP=1.0000
OK 8YP_H0_N300_P0_ALL_seed005 blk=20 meanH=0.9976 meanP=0.9976
OK 8YP_H0_N300_P1_EQUAL_seed005 blk=20 meanH=0.9976 meanP=0.9976
OK 8YP_H0_N300_P2_HASHPROP_seed005 blk=20 meanH=0.9976 meanP=0.9976
OK 8YP_H0_N300_P3_ENERGY_seed005 blk=16 meanH=0.5988 meanP=0.5988
OK 8YP_H0_N300_P4_RESERVE_seed005 blk=14 meanH=0.5971 meanP=0.5991
OK 8YP_H0_N300_POW_seed006 blk=18 meanH=1.0000 meanP=1.0000
OK 8YP_H0_N300_POW_CT_seed006 blk=11 meanH=1.0000 meanP=1.0000
OK 8YP_H0_N300_P0_ALL_seed006 blk=18 meanH=0.9973 meanP=0.9973
OK 8YP_H0_N300_P1_EQUAL_seed006 blk=18 meanH=0.9973 meanP=0.9973
OK 8YP_H0_N300_P2_HASHPROP_seed006 blk=18 meanH=0.9973 meanP=0.9973
OK 8YP_H0_N300_P3_ENERGY_seed006 blk=10 meanH=0.5986 meanP=0.5986
OK 8YP_H0_N300_P4_RESERVE_seed006 blk=10 meanH=0.5641 meanP=0.5661
OK 8YP_H0_N500_POW_seed001 blk=18 meanH=1.0000 meanP=1.0000
OK 8YP_H0_N500_POW_CT_seed001 blk=7 meanH=1.0000 meanP=1.0000
OK 8YP_H0_N500_P0_ALL_seed001 blk=18 meanH=0.9977 meanP=0.9977
OK 8YP_H0_N500_P1_EQUAL_seed001 blk=18 meanH=0.9977 meanP=0.9977
OK 8YP_H0_N500_P2_HASHPROP_seed001 blk=18 meanH=0.9977 meanP=0.9977
OK 8YP_H0_N500_P3_ENERGY_seed001 blk=16 meanH=0.6005 meanP=0.6005
OK 8YP_H0_N500_P4_RESERVE_seed001 blk=12 meanH=0.5723 meanP=0.5742
OK 8YP_H0_N500_POW_seed002 blk=21 meanH=1.0000 meanP=1.0000
OK 8YP_H0_N500_POW_CT_seed002 blk=7 meanH=1.0000 meanP=1.0000
OK 8YP_H0_N500_P0_ALL_seed002 blk=21 meanH=0.9984 meanP=0.9984
OK 8YP_H0_N500_P1_EQUAL_seed002 blk=21 meanH=0.9984 meanP=0.9984
OK 8YP_H0_N500_P2_HASHPROP_seed002 blk=21 meanH=0.9984 meanP=0.9984
OK 8YP_H0_N500_P3_ENERGY_seed002 blk=13 meanH=0.6006 meanP=0.6006
OK 8YP_H0_N500_P4_RESERVE_seed002 blk=10 meanH=0.5402 meanP=0.5428
OK 8YP_H0_N500_POW_seed003 blk=14 meanH=1.0000 meanP=1.0000
OK 8YP_H0_N500_POW_CT_seed003 blk=10 meanH=1.0000 meanP=1.0000
OK 8YP_H0_N500_P0_ALL_seed003 blk=14 meanH=0.9971 meanP=0.9971
OK 8YP_H0_N500_P1_EQUAL_seed003 blk=14 meanH=0.9971 meanP=0.9971
OK 8YP_H0_N500_P2_HASHPROP_seed003 blk=14 meanH=0.9971 meanP=0.9971
OK 8YP_H0_N500_P3_ENERGY_seed003 blk=7 meanH=0.6003 meanP=0.6003
OK 8YP_H0_N500_P4_RESERVE_seed003 blk=9 meanH=0.6330 meanP=0.6352
OK 8YP_H0_N500_POW_seed004 blk=20 meanH=1.0000 meanP=1.0000
OK 8YP_H0_N500_POW_CT_seed004 blk=9 meanH=1.0000 meanP=1.0000
OK 8YP_H0_N500_P0_ALL_seed004 blk=20 meanH=0.9979 meanP=0.9979
OK 8YP_H0_N500_P1_EQUAL_seed004 blk=20 meanH=0.9979 meanP=0.9979
OK 8YP_H0_N500_P2_HASHPROP_seed004 blk=20 meanH=0.9979 meanP=0.9979
OK 8YP_H0_N500_P3_ENERGY_seed004 blk=15 meanH=0.6006 meanP=0.6006
OK 8YP_H0_N500_P4_RESERVE_seed004 blk=11 meanH=0.5446 meanP=0.5467
OK 8YP_H0_N500_POW_seed005 blk=19 meanH=1.0000 meanP=1.0000
OK 8YP_H0_N500_POW_CT_seed005 blk=10 meanH=1.0000 meanP=1.0000
OK 8YP_H0_N500_P0_ALL_seed005 blk=19 meanH=0.9975 meanP=0.9975
OK 8YP_H0_N500_P1_EQUAL_seed005 blk=19 meanH=0.9975 meanP=0.9975
OK 8YP_H0_N500_P2_HASHPROP_seed005 blk=19 meanH=0.9975 meanP=0.9975
OK 8YP_H0_N500_P3_ENERGY_seed005 blk=13 meanH=0.6005 meanP=0.6005
OK 8YP_H0_N500_P4_RESERVE_seed005 blk=13 meanH=0.4986 meanP=0.5014
OK 8YP_H0_N500_POW_seed006 blk=15 meanH=1.0000 meanP=1.0000
OK 8YP_H0_N500_POW_CT_seed006 blk=20 meanH=1.0000 meanP=1.0000
OK 8YP_H0_N500_P0_ALL_seed006 blk=15 meanH=0.9969 meanP=0.9969
OK 8YP_H0_N500_P1_EQUAL_seed006 blk=15 meanH=0.9969 meanP=0.9969
OK 8YP_H0_N500_P2_HASHPROP_seed006 blk=15 meanH=0.9969 meanP=0.9969
OK 8YP_H0_N500_P3_ENERGY_seed006 blk=13 meanH=0.6002 meanP=0.6002
OK 8YP_H0_N500_P4_RESERVE_seed006 blk=9 meanH=0.5586 meanP=0.5606
OK 8YP_H2_N100_POW_seed001 blk=20 meanH=1.0000 meanP=1.0000
OK 8YP_H2_N100_POW_CT_seed001 blk=7 meanH=1.0000 meanP=1.0000
OK 8YP_H2_N100_P0_ALL_seed001 blk=20 meanH=0.9983 meanP=0.9983
OK 8YP_H2_N100_P1_EQUAL_seed001 blk=20 meanH=0.7893 meanP=0.8375
OK 8YP_H2_N100_P2_HASHPROP_seed001 blk=20 meanH=0.9983 meanP=0.9983
OK 8YP_H2_N100_P3_ENERGY_seed001 blk=13 meanH=0.6005 meanP=0.4674
OK 8YP_H2_N100_P4_RESERVE_seed001 blk=10 meanH=0.6078 meanP=0.5688
OK 8YP_H2_N100_POW_seed002 blk=20 meanH=1.0000 meanP=1.0000
OK 8YP_H2_N100_POW_CT_seed002 blk=7 meanH=1.0000 meanP=1.0000
OK 8YP_H2_N100_P0_ALL_seed002 blk=20 meanH=0.9980 meanP=0.9980
OK 8YP_H2_N100_P1_EQUAL_seed002 blk=13 meanH=0.7055 meanP=0.7727
OK 8YP_H2_N100_P2_HASHPROP_seed002 blk=20 meanH=0.9980 meanP=0.9980
OK 8YP_H2_N100_P3_ENERGY_seed002 blk=11 meanH=0.6003 meanP=0.4672
OK 8YP_H2_N100_P4_RESERVE_seed002 blk=9 meanH=0.5539 meanP=0.5241
OK 8YP_H2_N100_POW_seed003 blk=15 meanH=1.0000 meanP=1.0000
OK 8YP_H2_N100_POW_CT_seed003 blk=8 meanH=1.0000 meanP=1.0000
OK 8YP_H2_N100_P0_ALL_seed003 blk=15 meanH=0.9977 meanP=0.9977
OK 8YP_H2_N100_P1_EQUAL_seed003 blk=10 meanH=0.7134 meanP=0.7788
OK 8YP_H2_N100_P2_HASHPROP_seed003 blk=15 meanH=0.9977 meanP=0.9977
OK 8YP_H2_N100_P3_ENERGY_seed003 blk=12 meanH=0.6004 meanP=0.4674
OK 8YP_H2_N100_P4_RESERVE_seed003 blk=12 meanH=0.5934 meanP=0.5474
OK 8YP_H2_N100_POW_seed004 blk=20 meanH=1.0000 meanP=1.0000
OK 8YP_H2_N100_POW_CT_seed004 blk=9 meanH=1.0000 meanP=1.0000
OK 8YP_H2_N100_P0_ALL_seed004 blk=20 meanH=0.9979 meanP=0.9979
OK 8YP_H2_N100_P1_EQUAL_seed004 blk=18 meanH=0.7359 meanP=0.7962
OK 8YP_H2_N100_P2_HASHPROP_seed004 blk=20 meanH=0.9979 meanP=0.9979
OK 8YP_H2_N100_P3_ENERGY_seed004 blk=10 meanH=0.6004 meanP=0.4673
OK 8YP_H2_N100_P4_RESERVE_seed004 blk=7 meanH=0.6191 meanP=0.6160
OK 8YP_H2_N100_POW_seed005 blk=16 meanH=1.0000 meanP=1.0000
OK 8YP_H2_N100_POW_CT_seed005 blk=10 meanH=1.0000 meanP=1.0000
OK 8YP_H2_N100_P0_ALL_seed005 blk=16 meanH=0.9979 meanP=0.9979
OK 8YP_H2_N100_P1_EQUAL_seed005 blk=11 meanH=0.6952 meanP=0.7647
OK 8YP_H2_N100_P2_HASHPROP_seed005 blk=16 meanH=0.9979 meanP=0.9979
OK 8YP_H2_N100_P3_ENERGY_seed005 blk=12 meanH=0.6007 meanP=0.4676
OK 8YP_H2_N100_P4_RESERVE_seed005 blk=13 meanH=0.5953 meanP=0.5363
OK 8YP_H2_N100_POW_seed006 blk=12 meanH=1.0000 meanP=1.0000
OK 8YP_H2_N100_POW_CT_seed006 blk=14 meanH=1.0000 meanP=1.0000
OK 8YP_H2_N100_P0_ALL_seed006 blk=12 meanH=0.9977 meanP=0.9977
OK 8YP_H2_N100_P1_EQUAL_seed006 blk=8 meanH=0.6830 meanP=0.7553
OK 8YP_H2_N100_P2_HASHPROP_seed006 blk=12 meanH=0.9977 meanP=0.9977
OK 8YP_H2_N100_P3_ENERGY_seed006 blk=6 meanH=0.6001 meanP=0.4671
OK 8YP_H2_N100_P4_RESERVE_seed006 blk=8 meanH=0.5997 meanP=0.5826
OK 8YP_H2_N300_POW_seed001 blk=20 meanH=1.0000 meanP=1.0000
OK 8YP_H2_N300_POW_CT_seed001 blk=11 meanH=1.0000 meanP=1.0000
OK 8YP_H2_N300_P0_ALL_seed001 blk=20 meanH=0.9980 meanP=0.9980
OK 8YP_H2_N300_P1_EQUAL_seed001 blk=16 meanH=0.7229 meanP=0.7862
OK 8YP_H2_N300_P2_HASHPROP_seed001 blk=20 meanH=0.9980 meanP=0.9980
OK 8YP_H2_N300_P3_ENERGY_seed001 blk=9 meanH=0.5985 meanP=0.4613
OK 8YP_H2_N300_P4_RESERVE_seed001 blk=15 meanH=0.5866 meanP=0.5215
OK 8YP_H2_N300_POW_seed002 blk=18 meanH=1.0000 meanP=1.0000
OK 8YP_H2_N300_POW_CT_seed002 blk=8 meanH=1.0000 meanP=1.0000
OK 8YP_H2_N300_P0_ALL_seed002 blk=18 meanH=0.9975 meanP=0.9975
OK 8YP_H2_N300_P1_EQUAL_seed002 blk=10 meanH=0.7104 meanP=0.7766
OK 8YP_H2_N300_P2_HASHPROP_seed002 blk=18 meanH=0.9975 meanP=0.9975
OK 8YP_H2_N300_P3_ENERGY_seed002 blk=6 meanH=0.5982 meanP=0.4611
OK 8YP_H2_N300_P4_RESERVE_seed002 blk=6 meanH=0.5882 meanP=0.5743
OK 8YP_H2_N300_POW_seed003 blk=11 meanH=1.0000 meanP=1.0000
OK 8YP_H2_N300_POW_CT_seed003 blk=10 meanH=1.0000 meanP=1.0000
OK 8YP_H2_N300_P0_ALL_seed003 blk=11 meanH=0.9972 meanP=0.9972
OK 8YP_H2_N300_P1_EQUAL_seed003 blk=12 meanH=0.7061 meanP=0.7732
OK 8YP_H2_N300_P2_HASHPROP_seed003 blk=11 meanH=0.9972 meanP=0.9972
OK 8YP_H2_N300_P3_ENERGY_seed003 blk=9 meanH=0.5981 meanP=0.4610
OK 8YP_H2_N300_P4_RESERVE_seed003 blk=9 meanH=0.5247 meanP=0.5096
OK 8YP_H2_N300_POW_seed004 blk=27 meanH=1.0000 meanP=1.0000
OK 8YP_H2_N300_POW_CT_seed004 blk=8 meanH=1.0000 meanP=1.0000
OK 8YP_H2_N300_P0_ALL_seed004 blk=27 meanH=0.9992 meanP=0.9992
OK 8YP_H2_N300_P1_EQUAL_seed004 blk=18 meanH=0.7526 meanP=0.8091
OK 8YP_H2_N300_P2_HASHPROP_seed004 blk=27 meanH=0.9992 meanP=0.9992
OK 8YP_H2_N300_P3_ENERGY_seed004 blk=18 meanH=0.5991 meanP=0.4618
OK 8YP_H2_N300_P4_RESERVE_seed004 blk=12 meanH=0.5207 meanP=0.4859
OK 8YP_H2_N300_POW_seed005 blk=16 meanH=1.0000 meanP=1.0000
OK 8YP_H2_N300_POW_CT_seed005 blk=12 meanH=1.0000 meanP=1.0000
OK 8YP_H2_N300_P0_ALL_seed005 blk=16 meanH=0.9976 meanP=0.9976
OK 8YP_H2_N300_P1_EQUAL_seed005 blk=15 meanH=0.7479 meanP=0.8053
OK 8YP_H2_N300_P2_HASHPROP_seed005 blk=16 meanH=0.9976 meanP=0.9976
OK 8YP_H2_N300_P3_ENERGY_seed005 blk=7 meanH=0.5980 meanP=0.4609
OK 8YP_H2_N300_P4_RESERVE_seed005 blk=8 meanH=0.5239 meanP=0.5100
OK 8YP_H2_N300_POW_seed006 blk=23 meanH=1.0000 meanP=1.0000
OK 8YP_H2_N300_POW_CT_seed006 blk=14 meanH=1.0000 meanP=1.0000
OK 8YP_H2_N300_P0_ALL_seed006 blk=22 meanH=0.9980 meanP=0.9980
OK 8YP_H2_N300_P1_EQUAL_seed006 blk=15 meanH=0.6813 meanP=0.7540
OK 8YP_H2_N300_P2_HASHPROP_seed006 blk=22 meanH=0.9980 meanP=0.9980
OK 8YP_H2_N300_P3_ENERGY_seed006 blk=11 meanH=0.5980 meanP=0.4609
OK 8YP_H2_N300_P4_RESERVE_seed006 blk=13 meanH=0.5841 meanP=0.5499
OK 8YP_H2_N500_POW_seed001 blk=16 meanH=1.0000 meanP=1.0000
OK 8YP_H2_N500_POW_CT_seed001 blk=8 meanH=1.0000 meanP=1.0000
OK 8YP_H2_N500_P0_ALL_seed001 blk=16 meanH=0.9976 meanP=0.9976
OK 8YP_H2_N500_P1_EQUAL_seed001 blk=12 meanH=0.7054 meanP=0.7726
OK 8YP_H2_N500_P2_HASHPROP_seed001 blk=16 meanH=0.9976 meanP=0.9976
OK 8YP_H2_N500_P3_ENERGY_seed001 blk=6 meanH=0.5991 meanP=0.4617
OK 8YP_H2_N500_P4_RESERVE_seed001 blk=8 meanH=0.5356 meanP=0.5090
OK 8YP_H2_N500_POW_seed002 blk=16 meanH=1.0000 meanP=1.0000
OK 8YP_H2_N500_POW_CT_seed002 blk=8 meanH=1.0000 meanP=1.0000
OK 8YP_H2_N500_P0_ALL_seed002 blk=14 meanH=0.9973 meanP=0.9973
OK 8YP_H2_N500_P1_EQUAL_seed002 blk=14 meanH=0.7096 meanP=0.7759
OK 8YP_H2_N500_P2_HASHPROP_seed002 blk=14 meanH=0.9973 meanP=0.9973
OK 8YP_H2_N500_P3_ENERGY_seed002 blk=7 meanH=0.5993 meanP=0.4619
OK 8YP_H2_N500_P4_RESERVE_seed002 blk=7 meanH=0.5876 meanP=0.5650
OK 8YP_H2_N500_POW_seed003 blk=13 meanH=1.0000 meanP=1.0000
OK 8YP_H2_N500_POW_CT_seed003 blk=5 meanH=1.0000 meanP=1.0000
OK 8YP_H2_N500_P0_ALL_seed003 blk=13 meanH=0.9970 meanP=0.9970
OK 8YP_H2_N500_P1_EQUAL_seed003 blk=12 meanH=0.7184 meanP=0.7826
OK 8YP_H2_N500_P2_HASHPROP_seed003 blk=13 meanH=0.9970 meanP=0.9970
OK 8YP_H2_N500_P3_ENERGY_seed003 blk=11 meanH=0.5990 meanP=0.4617
OK 8YP_H2_N500_P4_RESERVE_seed003 blk=7 meanH=0.5632 meanP=0.5518
OK 8YP_H2_N500_POW_seed004 blk=16 meanH=1.0000 meanP=1.0000
OK 8YP_H2_N500_POW_CT_seed004 blk=13 meanH=1.0000 meanP=1.0000
OK 8YP_H2_N500_P0_ALL_seed004 blk=16 meanH=0.9976 meanP=0.9976
OK 8YP_H2_N500_P1_EQUAL_seed004 blk=13 meanH=0.7174 meanP=0.7818
OK 8YP_H2_N500_P2_HASHPROP_seed004 blk=16 meanH=0.9976 meanP=0.9976
OK 8YP_H2_N500_P3_ENERGY_seed004 blk=7 meanH=0.5989 meanP=0.4616
OK 8YP_H2_N500_P4_RESERVE_seed004 blk=7 meanH=0.5552 meanP=0.5403
OK 8YP_H2_N500_POW_seed005 blk=16 meanH=1.0000 meanP=1.0000
OK 8YP_H2_N500_POW_CT_seed005 blk=15 meanH=1.0000 meanP=1.0000
OK 8YP_H2_N500_P0_ALL_seed005 blk=16 meanH=0.9970 meanP=0.9970
OK 8YP_H2_N500_P1_EQUAL_seed005 blk=14 meanH=0.7077 meanP=0.7743
OK 8YP_H2_N500_P2_HASHPROP_seed005 blk=16 meanH=0.9970 meanP=0.9970
OK 8YP_H2_N500_P3_ENERGY_seed005 blk=8 meanH=0.5990 meanP=0.4617
OK 8YP_H2_N500_P4_RESERVE_seed005 blk=7 meanH=0.5406 meanP=0.5310
OK 8YP_H2_N500_POW_seed006 blk=14 meanH=1.0000 meanP=1.0000
OK 8YP_H2_N500_POW_CT_seed006 blk=15 meanH=1.0000 meanP=1.0000
OK 8YP_H2_N500_P0_ALL_seed006 blk=14 meanH=0.9968 meanP=0.9968
OK 8YP_H2_N500_P1_EQUAL_seed006 blk=10 meanH=0.7007 meanP=0.7689
OK 8YP_H2_N500_P2_HASHPROP_seed006 blk=14 meanH=0.9968 meanP=0.9968
OK 8YP_H2_N500_P3_ENERGY_seed006 blk=9 meanH=0.5991 meanP=0.4618
OK 8YP_H2_N500_P4_RESERVE_seed006 blk=9 meanH=0.5346 meanP=0.5056
OK 8YP_H4_N100_POW_seed001 blk=21 meanH=1.0000 meanP=1.0000
OK 8YP_H4_N100_POW_CT_seed001 blk=10 meanH=1.0000 meanP=1.0000
OK 8YP_H4_N100_P0_ALL_seed001 blk=21 meanH=0.9984 meanP=0.9984
OK 8YP_H4_N100_P1_EQUAL_seed001 blk=20 meanH=0.8595 meanP=0.8955
OK 8YP_H4_N100_P2_HASHPROP_seed001 blk=21 meanH=0.9984 meanP=0.9984
OK 8YP_H4_N100_P3_ENERGY_seed001 blk=14 meanH=0.6002 meanP=0.4815
OK 8YP_H4_N100_P4_RESERVE_seed001 blk=13 meanH=0.5726 meanP=0.5564
OK 8YP_H4_N100_POW_seed002 blk=17 meanH=1.0000 meanP=1.0000
OK 8YP_H4_N100_POW_CT_seed002 blk=8 meanH=1.0000 meanP=1.0000
OK 8YP_H4_N100_P0_ALL_seed002 blk=17 meanH=0.9974 meanP=0.9974
OK 8YP_H4_N100_P1_EQUAL_seed002 blk=14 meanH=0.8131 meanP=0.8588
OK 8YP_H4_N100_P2_HASHPROP_seed002 blk=17 meanH=0.9974 meanP=0.9974
OK 8YP_H4_N100_P3_ENERGY_seed002 blk=7 meanH=0.6000 meanP=0.4813
OK 8YP_H4_N100_P4_RESERVE_seed002 blk=9 meanH=0.5140 meanP=0.4925
OK 8YP_H4_N100_POW_seed003 blk=19 meanH=1.0000 meanP=1.0000
OK 8YP_H4_N100_POW_CT_seed003 blk=8 meanH=1.0000 meanP=1.0000
OK 8YP_H4_N100_P0_ALL_seed003 blk=19 meanH=0.9982 meanP=0.9982
OK 8YP_H4_N100_P1_EQUAL_seed003 blk=15 meanH=0.8151 meanP=0.8607
OK 8YP_H4_N100_P2_HASHPROP_seed003 blk=19 meanH=0.9982 meanP=0.9982
OK 8YP_H4_N100_P3_ENERGY_seed003 blk=11 meanH=0.6001 meanP=0.4814
OK 8YP_H4_N100_P4_RESERVE_seed003 blk=9 meanH=0.5994 meanP=0.5810
OK 8YP_H4_N100_POW_seed004 blk=20 meanH=1.0000 meanP=1.0000
OK 8YP_H4_N100_POW_CT_seed004 blk=8 meanH=1.0000 meanP=1.0000
OK 8YP_H4_N100_P0_ALL_seed004 blk=20 meanH=0.9981 meanP=0.9981
OK 8YP_H4_N100_P1_EQUAL_seed004 blk=18 meanH=0.8131 meanP=0.8589
OK 8YP_H4_N100_P2_HASHPROP_seed004 blk=20 meanH=0.9981 meanP=0.9981
OK 8YP_H4_N100_P3_ENERGY_seed004 blk=15 meanH=0.6004 meanP=0.4817
OK 8YP_H4_N100_P4_RESERVE_seed004 blk=9 meanH=0.6140 meanP=0.6099
OK 8YP_H4_N100_POW_seed005 blk=16 meanH=1.0000 meanP=1.0000
OK 8YP_H4_N100_POW_CT_seed005 blk=12 meanH=1.0000 meanP=1.0000
OK 8YP_H4_N100_P0_ALL_seed005 blk=16 meanH=0.9977 meanP=0.9977
OK 8YP_H4_N100_P1_EQUAL_seed005 blk=12 meanH=0.7971 meanP=0.8462
OK 8YP_H4_N100_P2_HASHPROP_seed005 blk=16 meanH=0.9977 meanP=0.9977
OK 8YP_H4_N100_P3_ENERGY_seed005 blk=11 meanH=0.6004 meanP=0.4817
OK 8YP_H4_N100_P4_RESERVE_seed005 blk=14 meanH=0.5512 meanP=0.5172
OK 8YP_H4_N100_POW_seed006 blk=15 meanH=1.0000 meanP=1.0000
OK 8YP_H4_N100_POW_CT_seed006 blk=22 meanH=1.0000 meanP=1.0000
OK 8YP_H4_N100_P0_ALL_seed006 blk=14 meanH=0.9980 meanP=0.9980
OK 8YP_H4_N100_P1_EQUAL_seed006 blk=8 meanH=0.7794 meanP=0.8331
OK 8YP_H4_N100_P2_HASHPROP_seed006 blk=14 meanH=0.9980 meanP=0.9980
OK 8YP_H4_N100_P3_ENERGY_seed006 blk=8 meanH=0.6001 meanP=0.4814
OK 8YP_H4_N100_P4_RESERVE_seed006 blk=9 meanH=0.5095 meanP=0.4950
OK 8YP_H4_N300_POW_seed001 blk=26 meanH=1.0000 meanP=1.0000
OK 8YP_H4_N300_POW_CT_seed001 blk=8 meanH=1.0000 meanP=1.0000
OK 8YP_H4_N300_P0_ALL_seed001 blk=26 meanH=0.9984 meanP=0.9984
OK 8YP_H4_N300_P1_EQUAL_seed001 blk=16 meanH=0.8245 meanP=0.8696
OK 8YP_H4_N300_P2_HASHPROP_seed001 blk=26 meanH=0.9984 meanP=0.9984
OK 8YP_H4_N300_P3_ENERGY_seed001 blk=15 meanH=0.6000 meanP=0.4814
OK 8YP_H4_N300_P4_RESERVE_seed001 blk=16 meanH=0.6108 meanP=0.5626
OK 8YP_H4_N300_POW_seed002 blk=20 meanH=1.0000 meanP=1.0000
OK 8YP_H4_N300_POW_CT_seed002 blk=8 meanH=1.0000 meanP=1.0000
OK 8YP_H4_N300_P0_ALL_seed002 blk=20 meanH=0.9980 meanP=0.9980
OK 8YP_H4_N300_P1_EQUAL_seed002 blk=20 meanH=0.8437 meanP=0.8832
OK 8YP_H4_N300_P2_HASHPROP_seed002 blk=20 meanH=0.9980 meanP=0.9980
OK 8YP_H4_N300_P3_ENERGY_seed002 blk=8 meanH=0.5997 meanP=0.4811
OK 8YP_H4_N300_P4_RESERVE_seed002 blk=7 meanH=0.5465 meanP=0.5354
OK 8YP_H4_N300_POW_seed003 blk=11 meanH=1.0000 meanP=1.0000
OK 8YP_H4_N300_POW_CT_seed003 blk=15 meanH=1.0000 meanP=1.0000
OK 8YP_H4_N300_P0_ALL_seed003 blk=11 meanH=0.9971 meanP=0.9971
OK 8YP_H4_N300_P1_EQUAL_seed003 blk=13 meanH=0.8167 meanP=0.8613
OK 8YP_H4_N300_P2_HASHPROP_seed003 blk=11 meanH=0.9971 meanP=0.9971
OK 8YP_H4_N300_P3_ENERGY_seed003 blk=9 meanH=0.5997 meanP=0.4811
OK 8YP_H4_N300_P4_RESERVE_seed003 blk=7 meanH=0.5193 meanP=0.5145
OK 8YP_H4_N300_POW_seed004 blk=24 meanH=1.0000 meanP=1.0000
OK 8YP_H4_N300_POW_CT_seed004 blk=8 meanH=1.0000 meanP=1.0000
OK 8YP_H4_N300_P0_ALL_seed004 blk=24 meanH=0.9987 meanP=0.9988
OK 8YP_H4_N300_P1_EQUAL_seed004 blk=20 meanH=0.8384 meanP=0.8784
OK 8YP_H4_N300_P2_HASHPROP_seed004 blk=24 meanH=0.9987 meanP=0.9988
OK 8YP_H4_N300_P3_ENERGY_seed004 blk=15 meanH=0.6004 meanP=0.4817
OK 8YP_H4_N300_P4_RESERVE_seed004 blk=16 meanH=0.5486 meanP=0.5053
OK 8YP_H4_N300_POW_seed005 blk=18 meanH=1.0000 meanP=1.0000
OK 8YP_H4_N300_POW_CT_seed005 blk=6 meanH=1.0000 meanP=1.0000
OK 8YP_H4_N300_P0_ALL_seed005 blk=18 meanH=0.9974 meanP=0.9974
OK 8YP_H4_N300_P1_EQUAL_seed005 blk=17 meanH=0.8288 meanP=0.8717
OK 8YP_H4_N300_P2_HASHPROP_seed005 blk=18 meanH=0.9974 meanP=0.9974
OK 8YP_H4_N300_P3_ENERGY_seed005 blk=9 meanH=0.5996 meanP=0.4811
OK 8YP_H4_N300_P4_RESERVE_seed005 blk=8 meanH=0.5598 meanP=0.5404
OK 8YP_H4_N300_POW_seed006 blk=23 meanH=1.0000 meanP=1.0000
OK 8YP_H4_N300_POW_CT_seed006 blk=8 meanH=1.0000 meanP=1.0000
OK 8YP_H4_N300_P0_ALL_seed006 blk=23 meanH=0.9982 meanP=0.9982
OK 8YP_H4_N300_P1_EQUAL_seed006 blk=16 meanH=0.7988 meanP=0.8477
OK 8YP_H4_N300_P2_HASHPROP_seed006 blk=23 meanH=0.9982 meanP=0.9982
OK 8YP_H4_N300_P3_ENERGY_seed006 blk=15 meanH=0.5999 meanP=0.4812
OK 8YP_H4_N300_P4_RESERVE_seed006 blk=14 meanH=0.4990 meanP=0.4718
OK 8YP_H4_N500_POW_seed001 blk=22 meanH=1.0000 meanP=1.0000
OK 8YP_H4_N500_POW_CT_seed001 blk=13 meanH=1.0000 meanP=1.0000
OK 8YP_H4_N500_P0_ALL_seed001 blk=22 meanH=0.9985 meanP=0.9985
OK 8YP_H4_N500_P1_EQUAL_seed001 blk=13 meanH=0.8079 meanP=0.8553
OK 8YP_H4_N500_P2_HASHPROP_seed001 blk=22 meanH=0.9985 meanP=0.9985
OK 8YP_H4_N500_P3_ENERGY_seed001 blk=9 meanH=0.5985 meanP=0.4809
OK 8YP_H4_N500_P4_RESERVE_seed001 blk=15 meanH=0.5714 meanP=0.5279
OK 8YP_H4_N500_POW_seed002 blk=17 meanH=1.0000 meanP=1.0000
OK 8YP_H4_N500_POW_CT_seed002 blk=8 meanH=1.0000 meanP=1.0000
OK 8YP_H4_N500_P0_ALL_seed002 blk=17 meanH=0.9975 meanP=0.9975
OK 8YP_H4_N500_P1_EQUAL_seed002 blk=20 meanH=0.8513 meanP=0.8882
OK 8YP_H4_N500_P2_HASHPROP_seed002 blk=17 meanH=0.9975 meanP=0.9975
OK 8YP_H4_N500_P3_ENERGY_seed002 blk=10 meanH=0.5985 meanP=0.4809
OK 8YP_H4_N500_P4_RESERVE_seed002 blk=6 meanH=0.5664 meanP=0.5608
OK 8YP_H4_N500_POW_seed003 blk=15 meanH=1.0000 meanP=1.0000
OK 8YP_H4_N500_POW_CT_seed003 blk=14 meanH=1.0000 meanP=1.0000
OK 8YP_H4_N500_P0_ALL_seed003 blk=15 meanH=0.9971 meanP=0.9971
OK 8YP_H4_N500_P1_EQUAL_seed003 blk=13 meanH=0.8174 meanP=0.8616
OK 8YP_H4_N500_P2_HASHPROP_seed003 blk=15 meanH=0.9971 meanP=0.9971
OK 8YP_H4_N500_P3_ENERGY_seed003 blk=12 meanH=0.5981 meanP=0.4806
OK 8YP_H4_N500_P4_RESERVE_seed003 blk=8 meanH=0.5954 meanP=0.5879
OK 8YP_H4_N500_POW_seed004 blk=16 meanH=1.0000 meanP=1.0000
OK 8YP_H4_N500_POW_CT_seed004 blk=8 meanH=1.0000 meanP=1.0000
OK 8YP_H4_N500_P0_ALL_seed004 blk=16 meanH=0.9971 meanP=0.9971
OK 8YP_H4_N500_P1_EQUAL_seed004 blk=14 meanH=0.8063 meanP=0.8537
OK 8YP_H4_N500_P2_HASHPROP_seed004 blk=16 meanH=0.9971 meanP=0.9971
OK 8YP_H4_N500_P3_ENERGY_seed004 blk=5 meanH=0.5980 meanP=0.4805
OK 8YP_H4_N500_P4_RESERVE_seed004 blk=8 meanH=0.5480 meanP=0.5318
OK 8YP_H4_N500_POW_seed005 blk=20 meanH=1.0000 meanP=1.0000
OK 8YP_H4_N500_POW_CT_seed005 blk=16 meanH=1.0000 meanP=1.0000
OK 8YP_H4_N500_P0_ALL_seed005 blk=20 meanH=0.9977 meanP=0.9977
OK 8YP_H4_N500_P1_EQUAL_seed005 blk=15 meanH=0.8021 meanP=0.8504
OK 8YP_H4_N500_P2_HASHPROP_seed005 blk=20 meanH=0.9977 meanP=0.9977
OK 8YP_H4_N500_P3_ENERGY_seed005 blk=9 meanH=0.5982 meanP=0.4807
OK 8YP_H4_N500_P4_RESERVE_seed005 blk=12 meanH=0.5211 meanP=0.5004
OK 8YP_H4_N500_POW_seed006 blk=11 meanH=1.0000 meanP=1.0000
OK 8YP_H4_N500_POW_CT_seed006 blk=11 meanH=1.0000 meanP=1.0000
OK 8YP_H4_N500_P0_ALL_seed006 blk=11 meanH=0.9966 meanP=0.9966
OK 8YP_H4_N500_P1_EQUAL_seed006 blk=11 meanH=0.7812 meanP=0.8347
OK 8YP_H4_N500_P2_HASHPROP_seed006 blk=11 meanH=0.9966 meanP=0.9966
OK 8YP_H4_N500_P3_ENERGY_seed006 blk=6 meanH=0.5984 meanP=0.4808
OK 8YP_H4_N500_P4_RESERVE_seed006 blk=8 meanH=0.6074 meanP=0.5925
=== pilot end completed=378 failed=0 elapsed=26.1s
