=== primary start 2026-08-14T18:22:13 commit=ec89b3bbf840c2e27c5e270e21ea6ed29c1155c3 config=2d7344a1dac41b6a3484536e18939f294bff62d32a67310254f9a41fc7dfb0d0 todo=1080
OK 8Y_H0_N100_POW_seed001 blk=18 meanH=1.0000 meanP=1.0000
OK 8Y_H0_N100_P0_ALL_seed001 blk=18 meanH=0.9981 meanP=0.9981
OK 8Y_H0_N100_P3_ENERGY_seed001 blk=13 meanH=0.5989 meanP=0.5989
OK 8Y_H0_N100_P4_RESERVE_seed001 blk=12 meanH=0.6238 meanP=0.6258
OK 8Y_H0_N100_POW_seed002 blk=24 meanH=1.0000 meanP=1.0000
OK 8Y_H0_N100_P0_ALL_seed002 blk=24 meanH=0.9983 meanP=0.9983
OK 8Y_H0_N100_P3_ENERGY_seed002 blk=15 meanH=0.5987 meanP=0.5987
OK 8Y_H0_N100_P4_RESERVE_seed002 blk=13 meanH=0.5351 meanP=0.5375
OK 8Y_H0_N100_POW_seed003 blk=16 meanH=1.0000 meanP=1.0000
OK 8Y_H0_N100_P0_ALL_seed003 blk=16 meanH=0.9979 meanP=0.9979
OK 8Y_H0_N100_P3_ENERGY_seed003 blk=14 meanH=0.5989 meanP=0.5989
OK 8Y_H0_N100_P4_RESERVE_seed003 blk=10 meanH=0.5093 meanP=0.5120
OK 8Y_H0_N100_POW_seed004 blk=15 meanH=1.0000 meanP=1.0000
OK 8Y_H0_N100_P0_ALL_seed004 blk=15 meanH=0.9979 meanP=0.9979
OK 8Y_H0_N100_P3_ENERGY_seed004 blk=10 meanH=0.5985 meanP=0.5985
OK 8Y_H0_N100_P4_RESERVE_seed004 blk=10 meanH=0.6318 meanP=0.6338
OK 8Y_H0_N100_POW_seed005 blk=24 meanH=1.0000 meanP=1.0000
OK 8Y_H0_N100_P0_ALL_seed005 blk=24 meanH=0.9985 meanP=0.9985
OK 8Y_H0_N100_P3_ENERGY_seed005 blk=13 meanH=0.5989 meanP=0.5989
OK 8Y_H0_N100_P4_RESERVE_seed005 blk=11 meanH=0.5600 meanP=0.5623
OK 8Y_H0_N100_POW_seed006 blk=11 meanH=1.0000 meanP=1.0000
OK 8Y_H0_N100_P0_ALL_seed006 blk=11 meanH=0.9978 meanP=0.9978
OK 8Y_H0_N100_P3_ENERGY_seed006 blk=8 meanH=0.5987 meanP=0.5987
OK 8Y_H0_N100_P4_RESERVE_seed006 blk=7 meanH=0.5825 meanP=0.5847
OK 8Y_H0_N100_POW_seed007 blk=10 meanH=1.0000 meanP=1.0000
OK 8Y_H0_N100_P0_ALL_seed007 blk=10 meanH=0.9971 meanP=0.9971
OK 8Y_H0_N100_P3_ENERGY_seed007 blk=9 meanH=0.5985 meanP=0.5985
OK 8Y_H0_N100_P4_RESERVE_seed007 blk=10 meanH=0.5959 meanP=0.5982
OK 8Y_H0_N100_POW_seed008 blk=12 meanH=1.0000 meanP=1.0000
OK 8Y_H0_N100_P0_ALL_seed008 blk=12 meanH=0.9974 meanP=0.9974
OK 8Y_H0_N100_P3_ENERGY_seed008 blk=8 meanH=0.5982 meanP=0.5982
OK 8Y_H0_N100_P4_RESERVE_seed008 blk=8 meanH=0.6414 meanP=0.6432
OK 8Y_H0_N100_POW_seed009 blk=15 meanH=1.0000 meanP=1.0000
OK 8Y_H0_N100_P0_ALL_seed009 blk=15 meanH=0.9978 meanP=0.9978
OK 8Y_H0_N100_P3_ENERGY_seed009 blk=12 meanH=0.5985 meanP=0.5985
OK 8Y_H0_N100_P4_RESERVE_seed009 blk=10 meanH=0.6515 meanP=0.6533
OK 8Y_H0_N100_POW_seed010 blk=26 meanH=1.0000 meanP=1.0000
OK 8Y_H0_N100_P0_ALL_seed010 blk=26 meanH=0.9990 meanP=0.9990
OK 8Y_H0_N100_P3_ENERGY_seed010 blk=11 meanH=0.5987 meanP=0.5987
OK 8Y_H0_N100_P4_RESERVE_seed010 blk=13 meanH=0.5520 meanP=0.5548
OK 8Y_H0_N100_POW_seed011 blk=13 meanH=1.0000 meanP=1.0000
OK 8Y_H0_N100_P0_ALL_seed011 blk=13 meanH=0.9977 meanP=0.9977
OK 8Y_H0_N100_P3_ENERGY_seed011 blk=6 meanH=0.5984 meanP=0.5984
OK 8Y_H0_N100_P4_RESERVE_seed011 blk=7 meanH=0.5626 meanP=0.5649
OK 8Y_H0_N100_POW_seed012 blk=23 meanH=1.0000 meanP=1.0000
OK 8Y_H0_N100_P0_ALL_seed012 blk=23 meanH=0.9986 meanP=0.9986
OK 8Y_H0_N100_P3_ENERGY_seed012 blk=16 meanH=0.5991 meanP=0.5991
OK 8Y_H0_N100_P4_RESERVE_seed012 blk=14 meanH=0.5576 meanP=0.5600
OK 8Y_H0_N100_POW_seed013 blk=16 meanH=1.0000 meanP=1.0000
OK 8Y_H0_N100_P0_ALL_seed013 blk=16 meanH=0.9977 meanP=0.9977
OK 8Y_H0_N100_P3_ENERGY_seed013 blk=15 meanH=0.5989 meanP=0.5989
OK 8Y_H0_N100_P4_RESERVE_seed013 blk=12 meanH=0.5409 meanP=0.5433
OK 8Y_H0_N100_POW_seed014 blk=17 meanH=1.0000 meanP=1.0000
OK 8Y_H0_N100_P0_ALL_seed014 blk=17 meanH=0.9976 meanP=0.9976
OK 8Y_H0_N100_P3_ENERGY_seed014 blk=10 meanH=0.5986 meanP=0.5986
OK 8Y_H0_N100_P4_RESERVE_seed014 blk=12 meanH=0.5202 meanP=0.5226
OK 8Y_H0_N100_POW_seed015 blk=14 meanH=1.0000 meanP=1.0000
OK 8Y_H0_N100_P0_ALL_seed015 blk=14 meanH=0.9981 meanP=0.9981
OK 8Y_H0_N100_P3_ENERGY_seed015 blk=12 meanH=0.5989 meanP=0.5989
OK 8Y_H0_N100_P4_RESERVE_seed015 blk=8 meanH=0.5244 meanP=0.5267
OK 8Y_H0_N100_POW_seed016 blk=24 meanH=1.0000 meanP=1.0000
OK 8Y_H0_N100_P0_ALL_seed016 blk=24 meanH=0.9986 meanP=0.9986
OK 8Y_H0_N100_P3_ENERGY_seed016 blk=11 meanH=0.5988 meanP=0.5988
OK 8Y_H0_N100_P4_RESERVE_seed016 blk=8 meanH=0.5359 meanP=0.5386
OK 8Y_H0_N100_POW_seed017 blk=14 meanH=1.0000 meanP=1.0000
OK 8Y_H0_N100_P0_ALL_seed017 blk=14 meanH=0.9974 meanP=0.9974
OK 8Y_H0_N100_P3_ENERGY_seed017 blk=8 meanH=0.5986 meanP=0.5986
OK 8Y_H0_N100_P4_RESERVE_seed017 blk=7 meanH=0.5465 meanP=0.5486
OK 8Y_H0_N100_POW_seed018 blk=15 meanH=1.0000 meanP=1.0000
OK 8Y_H0_N100_P0_ALL_seed018 blk=15 meanH=0.9980 meanP=0.9980
OK 8Y_H0_N100_P3_ENERGY_seed018 blk=7 meanH=0.5985 meanP=0.5985
OK 8Y_H0_N100_P4_RESERVE_seed018 blk=5 meanH=0.6219 meanP=0.6235
OK 8Y_H0_N100_POW_seed019 blk=21 meanH=1.0000 meanP=1.0000
OK 8Y_H0_N100_P0_ALL_seed019 blk=21 meanH=0.9987 meanP=0.9987
OK 8Y_H0_N100_P3_ENERGY_seed019 blk=14 meanH=0.5991 meanP=0.5991
OK 8Y_H0_N100_P4_RESERVE_seed019 blk=13 meanH=0.5336 meanP=0.5360
OK 8Y_H0_N100_POW_seed020 blk=18 meanH=1.0000 meanP=1.0000
OK 8Y_H0_N100_P0_ALL_seed020 blk=18 meanH=0.9979 meanP=0.9979
OK 8Y_H0_N100_P3_ENERGY_seed020 blk=10 meanH=0.5986 meanP=0.5986
OK 8Y_H0_N100_P4_RESERVE_seed020 blk=9 meanH=0.6122 meanP=0.6143
OK 8Y_H0_N100_POW_seed021 blk=16 meanH=1.0000 meanP=1.0000
OK 8Y_H0_N100_P0_ALL_seed021 blk=16 meanH=0.9987 meanP=0.9987
OK 8Y_H0_N100_P3_ENERGY_seed021 blk=8 meanH=0.5987 meanP=0.5987
OK 8Y_H0_N100_P4_RESERVE_seed021 blk=9 meanH=0.5910 meanP=0.5935
OK 8Y_H0_N100_POW_seed022 blk=14 meanH=1.0000 meanP=1.0000
OK 8Y_H0_N100_P0_ALL_seed022 blk=14 meanH=0.9981 meanP=0.9981
OK 8Y_H0_N100_P3_ENERGY_seed022 blk=8 meanH=0.5986 meanP=0.5986
OK 8Y_H0_N100_P4_RESERVE_seed022 blk=7 meanH=0.5589 meanP=0.5612
OK 8Y_H0_N100_POW_seed023 blk=16 meanH=1.0000 meanP=1.0000
OK 8Y_H0_N100_P0_ALL_seed023 blk=16 meanH=0.9979 meanP=0.9979
OK 8Y_H0_N100_P3_ENERGY_seed023 blk=9 meanH=0.5986 meanP=0.5986
OK 8Y_H0_N100_P4_RESERVE_seed023 blk=8 meanH=0.4820 meanP=0.4846
OK 8Y_H0_N100_POW_seed024 blk=12 meanH=1.0000 meanP=1.0000
OK 8Y_H0_N100_P0_ALL_seed024 blk=12 meanH=0.9979 meanP=0.9979
OK 8Y_H0_N100_P3_ENERGY_seed024 blk=8 meanH=0.5988 meanP=0.5988
OK 8Y_H0_N100_P4_RESERVE_seed024 blk=7 meanH=0.5533 meanP=0.5556
OK 8Y_H0_N100_POW_seed025 blk=16 meanH=1.0000 meanP=1.0000
OK 8Y_H0_N100_P0_ALL_seed025 blk=16 meanH=0.9986 meanP=0.9986
OK 8Y_H0_N100_P3_ENERGY_seed025 blk=9 meanH=0.5987 meanP=0.5987
OK 8Y_H0_N100_P4_RESERVE_seed025 blk=10 meanH=0.6007 meanP=0.6030
OK 8Y_H0_N100_POW_seed026 blk=18 meanH=1.0000 meanP=1.0000
OK 8Y_H0_N100_P0_ALL_seed026 blk=18 meanH=0.9982 meanP=0.9982
OK 8Y_H0_N100_P3_ENERGY_seed026 blk=13 meanH=0.5990 meanP=0.5990
OK 8Y_H0_N100_P4_RESERVE_seed026 blk=7 meanH=0.5590 meanP=0.5614
OK 8Y_H0_N100_POW_seed027 blk=16 meanH=1.0000 meanP=1.0000
OK 8Y_H0_N100_P0_ALL_seed027 blk=16 meanH=0.9981 meanP=0.9981
OK 8Y_H0_N100_P3_ENERGY_seed027 blk=8 meanH=0.5985 meanP=0.5985
OK 8Y_H0_N100_P4_RESERVE_seed027 blk=8 meanH=0.5839 meanP=0.5860
OK 8Y_H0_N100_POW_seed028 blk=14 meanH=1.0000 meanP=1.0000
OK 8Y_H0_N100_P0_ALL_seed028 blk=14 meanH=0.9980 meanP=0.9980
OK 8Y_H0_N100_P3_ENERGY_seed028 blk=10 meanH=0.5986 meanP=0.5986
OK 8Y_H0_N100_P4_RESERVE_seed028 blk=8 meanH=0.5606 meanP=0.5627
OK 8Y_H0_N100_POW_seed029 blk=23 meanH=1.0000 meanP=1.0000
OK 8Y_H0_N100_P0_ALL_seed029 blk=23 meanH=0.9984 meanP=0.9984
OK 8Y_H0_N100_P3_ENERGY_seed029 blk=12 meanH=0.5987 meanP=0.5987
OK 8Y_H0_N100_P4_RESERVE_seed029 blk=13 meanH=0.5391 meanP=0.5418
OK 8Y_H0_N100_POW_seed030 blk=24 meanH=1.0000 meanP=1.0000
OK 8Y_H0_N100_P0_ALL_seed030 blk=24 meanH=0.9983 meanP=0.9983
OK 8Y_H0_N100_P3_ENERGY_seed030 blk=16 meanH=0.5987 meanP=0.5987
OK 8Y_H0_N100_P4_RESERVE_seed030 blk=13 meanH=0.5269 meanP=0.5293
OK 8Y_H0_N300_POW_seed001 blk=15 meanH=1.0000 meanP=1.0000
OK 8Y_H0_N300_P0_ALL_seed001 blk=15 meanH=0.9977 meanP=0.9977
OK 8Y_H0_N300_P3_ENERGY_seed001 blk=8 meanH=0.5984 meanP=0.5984
OK 8Y_H0_N300_P4_RESERVE_seed001 blk=10 meanH=0.5578 meanP=0.5601
OK 8Y_H0_N300_POW_seed002 blk=16 meanH=1.0000 meanP=1.0000
OK 8Y_H0_N300_P0_ALL_seed002 blk=16 meanH=0.9977 meanP=0.9977
OK 8Y_H0_N300_P3_ENERGY_seed002 blk=13 meanH=0.5984 meanP=0.5984
OK 8Y_H0_N300_P4_RESERVE_seed002 blk=13 meanH=0.5499 meanP=0.5523
OK 8Y_H0_N300_POW_seed003 blk=11 meanH=1.0000 meanP=1.0000
OK 8Y_H0_N300_P0_ALL_seed003 blk=11 meanH=0.9970 meanP=0.9970
OK 8Y_H0_N300_P3_ENERGY_seed003 blk=6 meanH=0.5982 meanP=0.5982
OK 8Y_H0_N300_P4_RESERVE_seed003 blk=8 meanH=0.6949 meanP=0.6967
OK 8Y_H0_N300_POW_seed004 blk=14 meanH=1.0000 meanP=1.0000
OK 8Y_H0_N300_P0_ALL_seed004 blk=14 meanH=0.9970 meanP=0.9970
OK 8Y_H0_N300_P3_ENERGY_seed004 blk=10 meanH=0.5986 meanP=0.5986
OK 8Y_H0_N300_P4_RESERVE_seed004 blk=10 meanH=0.5647 meanP=0.5672
OK 8Y_H0_N300_POW_seed005 blk=15 meanH=1.0000 meanP=1.0000
OK 8Y_H0_N300_P0_ALL_seed005 blk=15 meanH=0.9974 meanP=0.9974
OK 8Y_H0_N300_P3_ENERGY_seed005 blk=11 meanH=0.5984 meanP=0.5984
OK 8Y_H0_N300_P4_RESERVE_seed005 blk=7 meanH=0.5979 meanP=0.5998
OK 8Y_H0_N300_POW_seed006 blk=19 meanH=1.0000 meanP=1.0000
OK 8Y_H0_N300_P0_ALL_seed006 blk=19 meanH=0.9977 meanP=0.9977
OK 8Y_H0_N300_P3_ENERGY_seed006 blk=5 meanH=0.5982 meanP=0.5982
OK 8Y_H0_N300_P4_RESERVE_seed006 blk=10 meanH=0.5982 meanP=0.6006
OK 8Y_H0_N300_POW_seed007 blk=17 meanH=1.0000 meanP=1.0000
OK 8Y_H0_N300_P0_ALL_seed007 blk=17 meanH=0.9979 meanP=0.9979
OK 8Y_H0_N300_P3_ENERGY_seed007 blk=11 meanH=0.5986 meanP=0.5986
OK 8Y_H0_N300_P4_RESERVE_seed007 blk=7 meanH=0.5841 meanP=0.5862
OK 8Y_H0_N300_POW_seed008 blk=21 meanH=1.0000 meanP=1.0000
OK 8Y_H0_N300_P0_ALL_seed008 blk=21 meanH=0.9973 meanP=0.9973
OK 8Y_H0_N300_P3_ENERGY_seed008 blk=15 meanH=0.5984 meanP=0.5984
OK 8Y_H0_N300_P4_RESERVE_seed008 blk=13 meanH=0.5315 meanP=0.5340
OK 8Y_H0_N300_POW_seed009 blk=16 meanH=1.0000 meanP=1.0000
OK 8Y_H0_N300_P0_ALL_seed009 blk=16 meanH=0.9970 meanP=0.9970
OK 8Y_H0_N300_P3_ENERGY_seed009 blk=9 meanH=0.5983 meanP=0.5983
OK 8Y_H0_N300_P4_RESERVE_seed009 blk=7 meanH=0.5013 meanP=0.5037
OK 8Y_H0_N300_POW_seed010 blk=23 meanH=1.0000 meanP=1.0000
OK 8Y_H0_N300_P0_ALL_seed010 blk=23 meanH=0.9985 meanP=0.9985
OK 8Y_H0_N300_P3_ENERGY_seed010 blk=16 meanH=0.5986 meanP=0.5986
OK 8Y_H0_N300_P4_RESERVE_seed010 blk=14 meanH=0.6395 meanP=0.6412
OK 8Y_H0_N300_POW_seed011 blk=13 meanH=1.0000 meanP=1.0000
OK 8Y_H0_N300_P0_ALL_seed011 blk=13 meanH=0.9977 meanP=0.9977
OK 8Y_H0_N300_P3_ENERGY_seed011 blk=8 meanH=0.5983 meanP=0.5983
OK 8Y_H0_N300_P4_RESERVE_seed011 blk=8 meanH=0.6599 meanP=0.6616
OK 8Y_H0_N300_POW_seed012 blk=14 meanH=1.0000 meanP=1.0000
OK 8Y_H0_N300_P0_ALL_seed012 blk=14 meanH=0.9978 meanP=0.9978
OK 8Y_H0_N300_P3_ENERGY_seed012 blk=7 meanH=0.5984 meanP=0.5984
OK 8Y_H0_N300_P4_RESERVE_seed012 blk=6 meanH=0.5564 meanP=0.5587
OK 8Y_H0_N300_POW_seed013 blk=16 meanH=1.0000 meanP=1.0000
OK 8Y_H0_N300_P0_ALL_seed013 blk=16 meanH=0.9974 meanP=0.9974
OK 8Y_H0_N300_P3_ENERGY_seed013 blk=11 meanH=0.5985 meanP=0.5985
OK 8Y_H0_N300_P4_RESERVE_seed013 blk=7 meanH=0.5412 meanP=0.5437
OK 8Y_H0_N300_POW_seed014 blk=17 meanH=1.0000 meanP=1.0000
OK 8Y_H0_N300_P0_ALL_seed014 blk=17 meanH=0.9975 meanP=0.9975
OK 8Y_H0_N300_P3_ENERGY_seed014 blk=9 meanH=0.5983 meanP=0.5983
OK 8Y_H0_N300_P4_RESERVE_seed014 blk=10 meanH=0.5173 meanP=0.5202
OK 8Y_H0_N300_POW_seed015 blk=11 meanH=1.0000 meanP=1.0000
OK 8Y_H0_N300_P0_ALL_seed015 blk=11 meanH=0.9967 meanP=0.9967
OK 8Y_H0_N300_P3_ENERGY_seed015 blk=7 meanH=0.5982 meanP=0.5982
OK 8Y_H0_N300_P4_RESERVE_seed015 blk=6 meanH=0.6270 meanP=0.6287
OK 8Y_H0_N300_POW_seed016 blk=16 meanH=1.0000 meanP=1.0000
OK 8Y_H0_N300_P0_ALL_seed016 blk=16 meanH=0.9972 meanP=0.9972
OK 8Y_H0_N300_P3_ENERGY_seed016 blk=12 meanH=0.5986 meanP=0.5986
OK 8Y_H0_N300_P4_RESERVE_seed016 blk=11 meanH=0.5297 meanP=0.5325
OK 8Y_H0_N300_POW_seed017 blk=23 meanH=1.0000 meanP=1.0000
OK 8Y_H0_N300_P0_ALL_seed017 blk=23 meanH=0.9986 meanP=0.9986
OK 8Y_H0_N300_P3_ENERGY_seed017 blk=8 meanH=0.5980 meanP=0.5980
OK 8Y_H0_N300_P4_RESERVE_seed017 blk=9 meanH=0.5594 meanP=0.5614
OK 8Y_H0_N300_POW_seed018 blk=18 meanH=1.0000 meanP=1.0000
OK 8Y_H0_N300_P0_ALL_seed018 blk=18 meanH=0.9983 meanP=0.9983
OK 8Y_H0_N300_P3_ENERGY_seed018 blk=8 meanH=0.5983 meanP=0.5983
OK 8Y_H0_N300_P4_RESERVE_seed018 blk=7 meanH=0.5138 meanP=0.5162
OK 8Y_H0_N300_POW_seed019 blk=12 meanH=1.0000 meanP=1.0000
OK 8Y_H0_N300_P0_ALL_seed019 blk=12 meanH=0.9969 meanP=0.9969
OK 8Y_H0_N300_P3_ENERGY_seed019 blk=8 meanH=0.5984 meanP=0.5984
OK 8Y_H0_N300_P4_RESERVE_seed019 blk=7 meanH=0.5803 meanP=0.5823
OK 8Y_H0_N300_POW_seed020 blk=16 meanH=1.0000 meanP=1.0000
OK 8Y_H0_N300_P0_ALL_seed020 blk=16 meanH=0.9976 meanP=0.9976
OK 8Y_H0_N300_P3_ENERGY_seed020 blk=8 meanH=0.5983 meanP=0.5983
OK 8Y_H0_N300_P4_RESERVE_seed020 blk=5 meanH=0.6156 meanP=0.6174
OK 8Y_H0_N300_POW_seed021 blk=17 meanH=1.0000 meanP=1.0000
OK 8Y_H0_N300_P0_ALL_seed021 blk=17 meanH=0.9975 meanP=0.9975
OK 8Y_H0_N300_P3_ENERGY_seed021 blk=10 meanH=0.5983 meanP=0.5983
OK 8Y_H0_N300_P4_RESERVE_seed021 blk=12 meanH=0.5016 meanP=0.5042
OK 8Y_H0_N300_POW_seed022 blk=15 meanH=1.0000 meanP=1.0000
OK 8Y_H0_N300_P0_ALL_seed022 blk=15 meanH=0.9975 meanP=0.9975
OK 8Y_H0_N300_P3_ENERGY_seed022 blk=11 meanH=0.5984 meanP=0.5984
OK 8Y_H0_N300_P4_RESERVE_seed022 blk=10 meanH=0.5470 meanP=0.5492
OK 8Y_H0_N300_POW_seed023 blk=17 meanH=1.0000 meanP=1.0000
OK 8Y_H0_N300_P0_ALL_seed023 blk=17 meanH=0.9978 meanP=0.9978
OK 8Y_H0_N300_P3_ENERGY_seed023 blk=16 meanH=0.5988 meanP=0.5988
OK 8Y_H0_N300_P4_RESERVE_seed023 blk=11 meanH=0.5423 meanP=0.5446
OK 8Y_H0_N300_POW_seed024 blk=15 meanH=1.0000 meanP=1.0000
OK 8Y_H0_N300_P0_ALL_seed024 blk=15 meanH=0.9981 meanP=0.9981
OK 8Y_H0_N300_P3_ENERGY_seed024 blk=5 meanH=0.5980 meanP=0.5980
OK 8Y_H0_N300_P4_RESERVE_seed024 blk=7 meanH=0.5788 meanP=0.5808
OK 8Y_H0_N300_POW_seed025 blk=20 meanH=1.0000 meanP=1.0000
OK 8Y_H0_N300_P0_ALL_seed025 blk=20 meanH=0.9978 meanP=0.9978
OK 8Y_H0_N300_P3_ENERGY_seed025 blk=12 meanH=0.5986 meanP=0.5986
OK 8Y_H0_N300_P4_RESERVE_seed025 blk=11 meanH=0.5364 meanP=0.5386
OK 8Y_H0_N300_POW_seed026 blk=14 meanH=1.0000 meanP=1.0000
OK 8Y_H0_N300_P0_ALL_seed026 blk=14 meanH=0.9978 meanP=0.9978
OK 8Y_H0_N300_P3_ENERGY_seed026 blk=9 meanH=0.5987 meanP=0.5987
OK 8Y_H0_N300_P4_RESERVE_seed026 blk=8 meanH=0.5380 meanP=0.5403
OK 8Y_H0_N300_POW_seed027 blk=13 meanH=1.0000 meanP=1.0000
OK 8Y_H0_N300_P0_ALL_seed027 blk=13 meanH=0.9974 meanP=0.9974
OK 8Y_H0_N300_P3_ENERGY_seed027 blk=7 meanH=0.5984 meanP=0.5984
OK 8Y_H0_N300_P4_RESERVE_seed027 blk=5 meanH=0.6045 meanP=0.6064
OK 8Y_H0_N300_POW_seed028 blk=17 meanH=1.0000 meanP=1.0000
OK 8Y_H0_N300_P0_ALL_seed028 blk=17 meanH=0.9975 meanP=0.9975
OK 8Y_H0_N300_P3_ENERGY_seed028 blk=11 meanH=0.5984 meanP=0.5984
OK 8Y_H0_N300_P4_RESERVE_seed028 blk=8 meanH=0.5576 meanP=0.5602
OK 8Y_H0_N300_POW_seed029 blk=16 meanH=1.0000 meanP=1.0000
OK 8Y_H0_N300_P0_ALL_seed029 blk=16 meanH=0.9971 meanP=0.9971
OK 8Y_H0_N300_P3_ENERGY_seed029 blk=5 meanH=0.5982 meanP=0.5982
OK 8Y_H0_N300_P4_RESERVE_seed029 blk=9 meanH=0.5355 meanP=0.5381
OK 8Y_H0_N300_POW_seed030 blk=17 meanH=1.0000 meanP=1.0000
OK 8Y_H0_N300_P0_ALL_seed030 blk=17 meanH=0.9979 meanP=0.9979
OK 8Y_H0_N300_P3_ENERGY_seed030 blk=10 meanH=0.5982 meanP=0.5982
OK 8Y_H0_N300_P4_RESERVE_seed030 blk=8 meanH=0.5823 meanP=0.5842
OK 8Y_H0_N500_POW_seed001 blk=11 meanH=1.0000 meanP=1.0000
OK 8Y_H0_N500_P0_ALL_seed001 blk=11 meanH=0.9970 meanP=0.9970
OK 8Y_H0_N500_P3_ENERGY_seed001 blk=8 meanH=0.6001 meanP=0.6001
OK 8Y_H0_N500_P4_RESERVE_seed001 blk=11 meanH=0.5862 meanP=0.5884
OK 8Y_H0_N500_POW_seed002 blk=18 meanH=1.0000 meanP=1.0000
OK 8Y_H0_N500_P0_ALL_seed002 blk=18 meanH=0.9976 meanP=0.9976
OK 8Y_H0_N500_P3_ENERGY_seed002 blk=12 meanH=0.6003 meanP=0.6003
OK 8Y_H0_N500_P4_RESERVE_seed002 blk=13 meanH=0.5285 meanP=0.5308
OK 8Y_H0_N500_POW_seed003 blk=11 meanH=1.0000 meanP=1.0000
OK 8Y_H0_N500_P0_ALL_seed003 blk=11 meanH=0.9966 meanP=0.9966
OK 8Y_H0_N500_P3_ENERGY_seed003 blk=7 meanH=0.5998 meanP=0.5998
OK 8Y_H0_N500_P4_RESERVE_seed003 blk=8 meanH=0.6139 meanP=0.6155
OK 8Y_H0_N500_POW_seed004 blk=11 meanH=1.0000 meanP=1.0000
OK 8Y_H0_N500_P0_ALL_seed004 blk=11 meanH=0.9966 meanP=0.9966
OK 8Y_H0_N500_P3_ENERGY_seed004 blk=9 meanH=0.6002 meanP=0.6002
OK 8Y_H0_N500_P4_RESERVE_seed004 blk=8 meanH=0.5523 meanP=0.5545
OK 8Y_H0_N500_POW_seed005 blk=19 meanH=1.0000 meanP=1.0000
OK 8Y_H0_N500_P0_ALL_seed005 blk=19 meanH=0.9982 meanP=0.9982
OK 8Y_H0_N500_P3_ENERGY_seed005 blk=12 meanH=0.6003 meanP=0.6003
OK 8Y_H0_N500_P4_RESERVE_seed005 blk=9 meanH=0.5164 meanP=0.5185
OK 8Y_H0_N500_POW_seed006 blk=19 meanH=1.0000 meanP=1.0000
OK 8Y_H0_N500_P0_ALL_seed006 blk=19 meanH=0.9976 meanP=0.9976
OK 8Y_H0_N500_P3_ENERGY_seed006 blk=13 meanH=0.6005 meanP=0.6005
OK 8Y_H0_N500_P4_RESERVE_seed006 blk=12 meanH=0.5233 meanP=0.5260
OK 8Y_H0_N500_POW_seed007 blk=16 meanH=1.0000 meanP=1.0000
OK 8Y_H0_N500_P0_ALL_seed007 blk=16 meanH=0.9978 meanP=0.9978
OK 8Y_H0_N500_P3_ENERGY_seed007 blk=11 meanH=0.6003 meanP=0.6003
OK 8Y_H0_N500_P4_RESERVE_seed007 blk=9 meanH=0.5830 meanP=0.5849
OK 8Y_H0_N500_POW_seed008 blk=19 meanH=1.0000 meanP=1.0000
OK 8Y_H0_N500_P0_ALL_seed008 blk=19 meanH=0.9973 meanP=0.9973
OK 8Y_H0_N500_P3_ENERGY_seed008 blk=12 meanH=0.5998 meanP=0.5998
OK 8Y_H0_N500_P4_RESERVE_seed008 blk=8 meanH=0.5597 meanP=0.5618
OK 8Y_H0_N500_POW_seed009 blk=19 meanH=1.0000 meanP=1.0000
OK 8Y_H0_N500_P0_ALL_seed009 blk=19 meanH=0.9974 meanP=0.9974
OK 8Y_H0_N500_P3_ENERGY_seed009 blk=9 meanH=0.5999 meanP=0.5999
OK 8Y_H0_N500_P4_RESERVE_seed009 blk=7 meanH=0.5457 meanP=0.5481
OK 8Y_H0_N500_POW_seed010 blk=21 meanH=1.0000 meanP=1.0000
OK 8Y_H0_N500_P0_ALL_seed010 blk=21 meanH=0.9978 meanP=0.9978
OK 8Y_H0_N500_P3_ENERGY_seed010 blk=17 meanH=0.6010 meanP=0.6010
OK 8Y_H0_N500_P4_RESERVE_seed010 blk=15 meanH=0.5335 meanP=0.5360
OK 8Y_H0_N500_POW_seed011 blk=21 meanH=1.0000 meanP=1.0000
OK 8Y_H0_N500_P0_ALL_seed011 blk=21 meanH=0.9977 meanP=0.9977
OK 8Y_H0_N500_P3_ENERGY_seed011 blk=8 meanH=0.6002 meanP=0.6002
OK 8Y_H0_N500_P4_RESERVE_seed011 blk=8 meanH=0.5762 meanP=0.5787
OK 8Y_H0_N500_POW_seed012 blk=17 meanH=1.0000 meanP=1.0000
OK 8Y_H0_N500_P0_ALL_seed012 blk=17 meanH=0.9983 meanP=0.9983
OK 8Y_H0_N500_P3_ENERGY_seed012 blk=7 meanH=0.6001 meanP=0.6001
OK 8Y_H0_N500_P4_RESERVE_seed012 blk=8 meanH=0.5707 meanP=0.5729
OK 8Y_H0_N500_POW_seed013 blk=13 meanH=1.0000 meanP=1.0000
OK 8Y_H0_N500_P0_ALL_seed013 blk=13 meanH=0.9973 meanP=0.9973
OK 8Y_H0_N500_P3_ENERGY_seed013 blk=8 meanH=0.6002 meanP=0.6002
OK 8Y_H0_N500_P4_RESERVE_seed013 blk=6 meanH=0.5270 meanP=0.5292
OK 8Y_H0_N500_POW_seed014 blk=23 meanH=1.0000 meanP=1.0000
OK 8Y_H0_N500_P0_ALL_seed014 blk=23 meanH=0.9980 meanP=0.9980
OK 8Y_H0_N500_P3_ENERGY_seed014 blk=16 meanH=0.6005 meanP=0.6005
OK 8Y_H0_N500_P4_RESERVE_seed014 blk=14 meanH=0.5943 meanP=0.5964
OK 8Y_H0_N500_POW_seed015 blk=15 meanH=1.0000 meanP=1.0000
OK 8Y_H0_N500_P0_ALL_seed015 blk=15 meanH=0.9968 meanP=0.9968
OK 8Y_H0_N500_P3_ENERGY_seed015 blk=10 meanH=0.5999 meanP=0.5999
OK 8Y_H0_N500_P4_RESERVE_seed015 blk=13 meanH=0.6116 meanP=0.6139
OK 8Y_H0_N500_POW_seed016 blk=17 meanH=1.0000 meanP=1.0000
OK 8Y_H0_N500_P0_ALL_seed016 blk=17 meanH=0.9971 meanP=0.9971
OK 8Y_H0_N500_P3_ENERGY_seed016 blk=14 meanH=0.6005 meanP=0.6005
OK 8Y_H0_N500_P4_RESERVE_seed016 blk=8 meanH=0.6088 meanP=0.6110
OK 8Y_H0_N500_POW_seed017 blk=25 meanH=1.0000 meanP=1.0000
OK 8Y_H0_N500_P0_ALL_seed017 blk=25 meanH=0.9987 meanP=0.9987
OK 8Y_H0_N500_P3_ENERGY_seed017 blk=13 meanH=0.6006 meanP=0.6006
OK 8Y_H0_N500_P4_RESERVE_seed017 blk=9 meanH=0.5284 meanP=0.5307
OK 8Y_H0_N500_POW_seed018 blk=22 meanH=1.0000 meanP=1.0000
OK 8Y_H0_N500_P0_ALL_seed018 blk=22 meanH=0.9985 meanP=0.9985
OK 8Y_H0_N500_P3_ENERGY_seed018 blk=13 meanH=0.6008 meanP=0.6008
OK 8Y_H0_N500_P4_RESERVE_seed018 blk=10 meanH=0.5576 meanP=0.5601
OK 8Y_H0_N500_POW_seed019 blk=18 meanH=1.0000 meanP=1.0000
OK 8Y_H0_N500_P0_ALL_seed019 blk=18 meanH=0.9971 meanP=0.9971
OK 8Y_H0_N500_P3_ENERGY_seed019 blk=11 meanH=0.6000 meanP=0.6000
OK 8Y_H0_N500_P4_RESERVE_seed019 blk=10 meanH=0.5203 meanP=0.5230
OK 8Y_H0_N500_POW_seed020 blk=10 meanH=1.0000 meanP=1.0000
OK 8Y_H0_N500_P0_ALL_seed020 blk=10 meanH=0.9972 meanP=0.9972
OK 8Y_H0_N500_P3_ENERGY_seed020 blk=3 meanH=0.5997 meanP=0.5997
OK 8Y_H0_N500_P4_RESERVE_seed020 blk=5 meanH=0.7493 meanP=0.7510
OK 8Y_H0_N500_POW_seed021 blk=18 meanH=1.0000 meanP=1.0000
OK 8Y_H0_N500_P0_ALL_seed021 blk=18 meanH=0.9980 meanP=0.9980
OK 8Y_H0_N500_P3_ENERGY_seed021 blk=11 meanH=0.6002 meanP=0.6002
OK 8Y_H0_N500_P4_RESERVE_seed021 blk=11 meanH=0.6009 meanP=0.6028
OK 8Y_H0_N500_POW_seed022 blk=15 meanH=1.0000 meanP=1.0000
OK 8Y_H0_N500_P0_ALL_seed022 blk=15 meanH=0.9970 meanP=0.9970
OK 8Y_H0_N500_P3_ENERGY_seed022 blk=9 meanH=0.6001 meanP=0.6001
OK 8Y_H0_N500_P4_RESERVE_seed022 blk=9 meanH=0.6680 meanP=0.6700
OK 8Y_H0_N500_POW_seed023 blk=17 meanH=1.0000 meanP=1.0000
OK 8Y_H0_N500_P0_ALL_seed023 blk=17 meanH=0.9981 meanP=0.9981
OK 8Y_H0_N500_P3_ENERGY_seed023 blk=9 meanH=0.6001 meanP=0.6001
OK 8Y_H0_N500_P4_RESERVE_seed023 blk=9 meanH=0.5168 meanP=0.5194
OK 8Y_H0_N500_POW_seed024 blk=15 meanH=1.0000 meanP=1.0000
OK 8Y_H0_N500_P0_ALL_seed024 blk=15 meanH=0.9970 meanP=0.9970
OK 8Y_H0_N500_P3_ENERGY_seed024 blk=7 meanH=0.6000 meanP=0.6000
OK 8Y_H0_N500_P4_RESERVE_seed024 blk=10 meanH=0.5548 meanP=0.5574
OK 8Y_H0_N500_POW_seed025 blk=18 meanH=1.0000 meanP=1.0000
OK 8Y_H0_N500_P0_ALL_seed025 blk=18 meanH=0.9978 meanP=0.9978
OK 8Y_H0_N500_P3_ENERGY_seed025 blk=13 meanH=0.6004 meanP=0.6004
OK 8Y_H0_N500_P4_RESERVE_seed025 blk=10 meanH=0.5300 meanP=0.5324
OK 8Y_H0_N500_POW_seed026 blk=14 meanH=1.0000 meanP=1.0000
OK 8Y_H0_N500_P0_ALL_seed026 blk=14 meanH=0.9972 meanP=0.9972
OK 8Y_H0_N500_P3_ENERGY_seed026 blk=10 meanH=0.6003 meanP=0.6003
OK 8Y_H0_N500_P4_RESERVE_seed026 blk=9 meanH=0.6090 meanP=0.6112
OK 8Y_H0_N500_POW_seed027 blk=12 meanH=1.0000 meanP=1.0000
OK 8Y_H0_N500_P0_ALL_seed027 blk=12 meanH=0.9972 meanP=0.9972
OK 8Y_H0_N500_P3_ENERGY_seed027 blk=5 meanH=0.5999 meanP=0.5999
OK 8Y_H0_N500_P4_RESERVE_seed027 blk=7 meanH=0.6296 meanP=0.6316
OK 8Y_H0_N500_POW_seed028 blk=16 meanH=1.0000 meanP=1.0000
OK 8Y_H0_N500_P0_ALL_seed028 blk=16 meanH=0.9975 meanP=0.9975
OK 8Y_H0_N500_P3_ENERGY_seed028 blk=8 meanH=0.5999 meanP=0.5999
OK 8Y_H0_N500_P4_RESERVE_seed028 blk=7 meanH=0.5427 meanP=0.5450
OK 8Y_H0_N500_POW_seed029 blk=14 meanH=1.0000 meanP=1.0000
OK 8Y_H0_N500_P0_ALL_seed029 blk=13 meanH=0.9971 meanP=0.9971
OK 8Y_H0_N500_P3_ENERGY_seed029 blk=7 meanH=0.6001 meanP=0.6001
OK 8Y_H0_N500_P4_RESERVE_seed029 blk=11 meanH=0.5947 meanP=0.5973
OK 8Y_H0_N500_POW_seed030 blk=11 meanH=1.0000 meanP=1.0000
OK 8Y_H0_N500_P0_ALL_seed030 blk=11 meanH=0.9968 meanP=0.9968
OK 8Y_H0_N500_P3_ENERGY_seed030 blk=6 meanH=0.6001 meanP=0.6001
OK 8Y_H0_N500_P4_RESERVE_seed030 blk=9 meanH=0.6454 meanP=0.6472
OK 8Y_H2_N100_POW_seed001 blk=14 meanH=1.0000 meanP=1.0000
OK 8Y_H2_N100_P0_ALL_seed001 blk=14 meanH=0.9981 meanP=0.9981
OK 8Y_H2_N100_P3_ENERGY_seed001 blk=11 meanH=0.6006 meanP=0.4675
OK 8Y_H2_N100_P4_RESERVE_seed001 blk=9 meanH=0.6426 meanP=0.6141
OK 8Y_H2_N100_POW_seed002 blk=22 meanH=1.0000 meanP=1.0000
OK 8Y_H2_N100_P0_ALL_seed002 blk=22 meanH=0.9983 meanP=0.9983
OK 8Y_H2_N100_P3_ENERGY_seed002 blk=10 meanH=0.6001 meanP=0.4671
OK 8Y_H2_N100_P4_RESERVE_seed002 blk=9 meanH=0.5170 meanP=0.4996
OK 8Y_H2_N100_POW_seed003 blk=16 meanH=1.0000 meanP=1.0000
OK 8Y_H2_N100_P0_ALL_seed003 blk=16 meanH=0.9981 meanP=0.9981
OK 8Y_H2_N100_P3_ENERGY_seed003 blk=10 meanH=0.6005 meanP=0.4674
OK 8Y_H2_N100_P4_RESERVE_seed003 blk=9 meanH=0.5521 meanP=0.5291
OK 8Y_H2_N100_POW_seed004 blk=16 meanH=1.0000 meanP=1.0000
OK 8Y_H2_N100_P0_ALL_seed004 blk=16 meanH=0.9984 meanP=0.9984
OK 8Y_H2_N100_P3_ENERGY_seed004 blk=11 meanH=0.6003 meanP=0.4672
OK 8Y_H2_N100_P4_RESERVE_seed004 blk=8 meanH=0.5587 meanP=0.5387
OK 8Y_H2_N100_POW_seed005 blk=19 meanH=1.0000 meanP=1.0000
OK 8Y_H2_N100_P0_ALL_seed005 blk=19 meanH=0.9986 meanP=0.9986
OK 8Y_H2_N100_P3_ENERGY_seed005 blk=13 meanH=0.6007 meanP=0.4676
OK 8Y_H2_N100_P4_RESERVE_seed005 blk=15 meanH=0.6029 meanP=0.5412
OK 8Y_H2_N100_POW_seed006 blk=13 meanH=1.0000 meanP=1.0000
OK 8Y_H2_N100_P0_ALL_seed006 blk=13 meanH=0.9979 meanP=0.9979
OK 8Y_H2_N100_P3_ENERGY_seed006 blk=7 meanH=0.6001 meanP=0.4671
OK 8Y_H2_N100_P4_RESERVE_seed006 blk=9 meanH=0.5509 meanP=0.5276
OK 8Y_H2_N100_POW_seed007 blk=11 meanH=1.0000 meanP=1.0000
OK 8Y_H2_N100_P0_ALL_seed007 blk=11 meanH=0.9976 meanP=0.9976
OK 8Y_H2_N100_P3_ENERGY_seed007 blk=8 meanH=0.5998 meanP=0.4669
OK 8Y_H2_N100_P4_RESERVE_seed007 blk=7 meanH=0.5457 meanP=0.5411
OK 8Y_H2_N100_POW_seed008 blk=15 meanH=1.0000 meanP=1.0000
OK 8Y_H2_N100_P0_ALL_seed008 blk=15 meanH=0.9973 meanP=0.9973
OK 8Y_H2_N100_P3_ENERGY_seed008 blk=12 meanH=0.6002 meanP=0.4672
OK 8Y_H2_N100_P4_RESERVE_seed008 blk=7 meanH=0.5266 meanP=0.5232
OK 8Y_H2_N100_POW_seed009 blk=15 meanH=1.0000 meanP=1.0000
OK 8Y_H2_N100_P0_ALL_seed009 blk=15 meanH=0.9982 meanP=0.9982
OK 8Y_H2_N100_P3_ENERGY_seed009 blk=10 meanH=0.6002 meanP=0.4671
OK 8Y_H2_N100_P4_RESERVE_seed009 blk=8 meanH=0.5587 meanP=0.5327
OK 8Y_H2_N100_POW_seed010 blk=24 meanH=1.0000 meanP=1.0000
OK 8Y_H2_N100_P0_ALL_seed010 blk=23 meanH=0.9987 meanP=0.9987
OK 8Y_H2_N100_P3_ENERGY_seed010 blk=17 meanH=0.6008 meanP=0.4677
OK 8Y_H2_N100_P4_RESERVE_seed010 blk=17 meanH=0.5530 meanP=0.4956
OK 8Y_H2_N100_POW_seed011 blk=15 meanH=1.0000 meanP=1.0000
OK 8Y_H2_N100_P0_ALL_seed011 blk=15 meanH=0.9975 meanP=0.9975
OK 8Y_H2_N100_P3_ENERGY_seed011 blk=11 meanH=0.6001 meanP=0.4671
OK 8Y_H2_N100_P4_RESERVE_seed011 blk=10 meanH=0.6263 meanP=0.6064
OK 8Y_H2_N100_POW_seed012 blk=20 meanH=1.0000 meanP=1.0000
OK 8Y_H2_N100_P0_ALL_seed012 blk=20 meanH=0.9984 meanP=0.9984
OK 8Y_H2_N100_P3_ENERGY_seed012 blk=11 meanH=0.6003 meanP=0.4673
OK 8Y_H2_N100_P4_RESERVE_seed012 blk=11 meanH=0.5528 meanP=0.5303
OK 8Y_H2_N100_POW_seed013 blk=14 meanH=1.0000 meanP=1.0000
OK 8Y_H2_N100_P0_ALL_seed013 blk=14 meanH=0.9976 meanP=0.9976
OK 8Y_H2_N100_P3_ENERGY_seed013 blk=9 meanH=0.6003 meanP=0.4673
OK 8Y_H2_N100_P4_RESERVE_seed013 blk=10 meanH=0.5015 meanP=0.4637
OK 8Y_H2_N100_POW_seed014 blk=19 meanH=1.0000 meanP=1.0000
OK 8Y_H2_N100_P0_ALL_seed014 blk=19 meanH=0.9980 meanP=0.9980
OK 8Y_H2_N100_P3_ENERGY_seed014 blk=14 meanH=0.6002 meanP=0.4672
OK 8Y_H2_N100_P4_RESERVE_seed014 blk=10 meanH=0.5299 meanP=0.5102
OK 8Y_H2_N100_POW_seed015 blk=14 meanH=1.0000 meanP=1.0000
OK 8Y_H2_N100_P0_ALL_seed015 blk=14 meanH=0.9984 meanP=0.9984
OK 8Y_H2_N100_P3_ENERGY_seed015 blk=8 meanH=0.6002 meanP=0.4672
OK 8Y_H2_N100_P4_RESERVE_seed015 blk=7 meanH=0.5775 meanP=0.5584
OK 8Y_H2_N100_POW_seed016 blk=20 meanH=1.0000 meanP=1.0000
OK 8Y_H2_N100_P0_ALL_seed016 blk=20 meanH=0.9983 meanP=0.9983
OK 8Y_H2_N100_P3_ENERGY_seed016 blk=16 meanH=0.6006 meanP=0.4675
OK 8Y_H2_N100_P4_RESERVE_seed016 blk=15 meanH=0.5440 meanP=0.4874
OK 8Y_H2_N100_POW_seed017 blk=14 meanH=1.0000 meanP=1.0000
OK 8Y_H2_N100_P0_ALL_seed017 blk=14 meanH=0.9976 meanP=0.9976
OK 8Y_H2_N100_P3_ENERGY_seed017 blk=12 meanH=0.6001 meanP=0.4671
OK 8Y_H2_N100_P4_RESERVE_seed017 blk=9 meanH=0.5235 meanP=0.5027
OK 8Y_H2_N100_POW_seed018 blk=17 meanH=1.0000 meanP=1.0000
OK 8Y_H2_N100_P0_ALL_seed018 blk=17 meanH=0.9985 meanP=0.9985
OK 8Y_H2_N100_P3_ENERGY_seed018 blk=10 meanH=0.6002 meanP=0.4672
OK 8Y_H2_N100_P4_RESERVE_seed018 blk=6 meanH=0.5720 meanP=0.5536
OK 8Y_H2_N100_POW_seed019 blk=25 meanH=1.0000 meanP=1.0000
OK 8Y_H2_N100_P0_ALL_seed019 blk=25 meanH=0.9989 meanP=0.9989
OK 8Y_H2_N100_P3_ENERGY_seed019 blk=9 meanH=0.6003 meanP=0.4673
OK 8Y_H2_N100_P4_RESERVE_seed019 blk=12 meanH=0.5520 meanP=0.5042
OK 8Y_H2_N100_POW_seed020 blk=24 meanH=1.0000 meanP=1.0000
OK 8Y_H2_N100_P0_ALL_seed020 blk=24 meanH=0.9987 meanP=0.9987
OK 8Y_H2_N100_P3_ENERGY_seed020 blk=14 meanH=0.6002 meanP=0.4672
OK 8Y_H2_N100_P4_RESERVE_seed020 blk=16 meanH=0.5831 meanP=0.5383
OK 8Y_H2_N100_POW_seed021 blk=13 meanH=1.0000 meanP=1.0000
OK 8Y_H2_N100_P0_ALL_seed021 blk=13 meanH=0.9980 meanP=0.9980
OK 8Y_H2_N100_P3_ENERGY_seed021 blk=11 meanH=0.6005 meanP=0.4674
OK 8Y_H2_N100_P4_RESERVE_seed021 blk=11 meanH=0.5250 meanP=0.4865
OK 8Y_H2_N100_POW_seed022 blk=13 meanH=1.0000 meanP=1.0000
OK 8Y_H2_N100_P0_ALL_seed022 blk=13 meanH=0.9980 meanP=0.9980
OK 8Y_H2_N100_P3_ENERGY_seed022 blk=6 meanH=0.6001 meanP=0.4671
OK 8Y_H2_N100_P4_RESERVE_seed022 blk=7 meanH=0.5854 meanP=0.5646
OK 8Y_H2_N100_POW_seed023 blk=19 meanH=1.0000 meanP=1.0000
OK 8Y_H2_N100_P0_ALL_seed023 blk=19 meanH=0.9982 meanP=0.9982
OK 8Y_H2_N100_P3_ENERGY_seed023 blk=13 meanH=0.6006 meanP=0.4675
OK 8Y_H2_N100_P4_RESERVE_seed023 blk=11 meanH=0.5182 meanP=0.4932
OK 8Y_H2_N100_POW_seed024 blk=9 meanH=1.0000 meanP=1.0000
OK 8Y_H2_N100_P0_ALL_seed024 blk=9 meanH=0.9974 meanP=0.9974
OK 8Y_H2_N100_P3_ENERGY_seed024 blk=5 meanH=0.5997 meanP=0.4668
OK 8Y_H2_N100_P4_RESERVE_seed024 blk=7 meanH=0.5635 meanP=0.5451
OK 8Y_H2_N100_POW_seed025 blk=16 meanH=1.0000 meanP=1.0000
OK 8Y_H2_N100_P0_ALL_seed025 blk=16 meanH=0.9986 meanP=0.9986
OK 8Y_H2_N100_P3_ENERGY_seed025 blk=9 meanH=0.6004 meanP=0.4673
OK 8Y_H2_N100_P4_RESERVE_seed025 blk=8 meanH=0.5467 meanP=0.5309
OK 8Y_H2_N100_POW_seed026 blk=20 meanH=1.0000 meanP=1.0000
OK 8Y_H2_N100_P0_ALL_seed026 blk=20 meanH=0.9983 meanP=0.9983
OK 8Y_H2_N100_P3_ENERGY_seed026 blk=14 meanH=0.6004 meanP=0.4673
OK 8Y_H2_N100_P4_RESERVE_seed026 blk=12 meanH=0.5615 meanP=0.5371
OK 8Y_H2_N100_POW_seed027 blk=12 meanH=1.0000 meanP=1.0000
OK 8Y_H2_N100_P0_ALL_seed027 blk=12 meanH=0.9974 meanP=0.9974
OK 8Y_H2_N100_P3_ENERGY_seed027 blk=9 meanH=0.6002 meanP=0.4672
OK 8Y_H2_N100_P4_RESERVE_seed027 blk=7 meanH=0.5215 meanP=0.5165
OK 8Y_H2_N100_POW_seed028 blk=14 meanH=1.0000 meanP=1.0000
OK 8Y_H2_N100_P0_ALL_seed028 blk=14 meanH=0.9975 meanP=0.9975
OK 8Y_H2_N100_P3_ENERGY_seed028 blk=7 meanH=0.6000 meanP=0.4670
OK 8Y_H2_N100_P4_RESERVE_seed028 blk=8 meanH=0.6195 meanP=0.6042
OK 8Y_H2_N100_POW_seed029 blk=19 meanH=1.0000 meanP=1.0000
OK 8Y_H2_N100_P0_ALL_seed029 blk=19 meanH=0.9980 meanP=0.9980
OK 8Y_H2_N100_P3_ENERGY_seed029 blk=13 meanH=0.6003 meanP=0.4673
OK 8Y_H2_N100_P4_RESERVE_seed029 blk=10 meanH=0.5630 meanP=0.5394
OK 8Y_H2_N100_POW_seed030 blk=18 meanH=1.0000 meanP=1.0000
OK 8Y_H2_N100_P0_ALL_seed030 blk=18 meanH=0.9984 meanP=0.9984
OK 8Y_H2_N100_P3_ENERGY_seed030 blk=9 meanH=0.5999 meanP=0.4670
OK 8Y_H2_N100_P4_RESERVE_seed030 blk=11 meanH=0.5700 meanP=0.5290
OK 8Y_H2_N300_POW_seed001 blk=19 meanH=1.0000 meanP=1.0000
OK 8Y_H2_N300_P0_ALL_seed001 blk=19 meanH=0.9980 meanP=0.9980
OK 8Y_H2_N300_P3_ENERGY_seed001 blk=14 meanH=0.5986 meanP=0.4614
OK 8Y_H2_N300_P4_RESERVE_seed001 blk=13 meanH=0.5714 meanP=0.5235
OK 8Y_H2_N300_POW_seed002 blk=16 meanH=1.0000 meanP=1.0000
OK 8Y_H2_N300_P0_ALL_seed002 blk=16 meanH=0.9977 meanP=0.9977
OK 8Y_H2_N300_P3_ENERGY_seed002 blk=9 meanH=0.5986 meanP=0.4614
OK 8Y_H2_N300_P4_RESERVE_seed002 blk=13 meanH=0.5466 meanP=0.5053
OK 8Y_H2_N300_POW_seed003 blk=19 meanH=1.0000 meanP=1.0000
OK 8Y_H2_N300_P0_ALL_seed003 blk=19 meanH=0.9976 meanP=0.9976
OK 8Y_H2_N300_P3_ENERGY_seed003 blk=16 meanH=0.5985 meanP=0.4613
OK 8Y_H2_N300_P4_RESERVE_seed003 blk=9 meanH=0.4820 meanP=0.4723
OK 8Y_H2_N300_POW_seed004 blk=19 meanH=1.0000 meanP=1.0000
OK 8Y_H2_N300_P0_ALL_seed004 blk=19 meanH=0.9982 meanP=0.9982
OK 8Y_H2_N300_P3_ENERGY_seed004 blk=12 meanH=0.5984 meanP=0.4612
OK 8Y_H2_N300_P4_RESERVE_seed004 blk=8 meanH=0.5572 meanP=0.5382
OK 8Y_H2_N300_POW_seed005 blk=15 meanH=1.0000 meanP=1.0000
OK 8Y_H2_N300_P0_ALL_seed005 blk=15 meanH=0.9975 meanP=0.9975
OK 8Y_H2_N300_P3_ENERGY_seed005 blk=12 meanH=0.5988 meanP=0.4616
OK 8Y_H2_N300_P4_RESERVE_seed005 blk=9 meanH=0.5892 meanP=0.5606
OK 8Y_H2_N300_POW_seed006 blk=22 meanH=1.0000 meanP=1.0000
OK 8Y_H2_N300_P0_ALL_seed006 blk=20 meanH=0.9974 meanP=0.9974
OK 8Y_H2_N300_P3_ENERGY_seed006 blk=13 meanH=0.5983 meanP=0.4611
OK 8Y_H2_N300_P4_RESERVE_seed006 blk=12 meanH=0.5764 meanP=0.5581
OK 8Y_H2_N300_POW_seed007 blk=15 meanH=1.0000 meanP=1.0000
OK 8Y_H2_N300_P0_ALL_seed007 blk=15 meanH=0.9975 meanP=0.9975
OK 8Y_H2_N300_P3_ENERGY_seed007 blk=8 meanH=0.5984 meanP=0.4612
OK 8Y_H2_N300_P4_RESERVE_seed007 blk=6 meanH=0.6193 meanP=0.6159
OK 8Y_H2_N300_POW_seed008 blk=21 meanH=1.0000 meanP=1.0000
OK 8Y_H2_N300_P0_ALL_seed008 blk=20 meanH=0.9975 meanP=0.9975
OK 8Y_H2_N300_P3_ENERGY_seed008 blk=13 meanH=0.5985 meanP=0.4613
OK 8Y_H2_N300_P4_RESERVE_seed008 blk=8 meanH=0.5470 meanP=0.5232
OK 8Y_H2_N300_POW_seed009 blk=17 meanH=1.0000 meanP=1.0000
OK 8Y_H2_N300_P0_ALL_seed009 blk=17 meanH=0.9973 meanP=0.9973
OK 8Y_H2_N300_P3_ENERGY_seed009 blk=13 meanH=0.5985 meanP=0.4613
OK 8Y_H2_N300_P4_RESERVE_seed009 blk=12 meanH=0.5421 meanP=0.4954
OK 8Y_H2_N300_POW_seed010 blk=25 meanH=1.0000 meanP=1.0000
OK 8Y_H2_N300_P0_ALL_seed010 blk=25 meanH=0.9986 meanP=0.9986
OK 8Y_H2_N300_P3_ENERGY_seed010 blk=16 meanH=0.5989 meanP=0.4616
OK 8Y_H2_N300_P4_RESERVE_seed010 blk=17 meanH=0.5700 meanP=0.5062
OK 8Y_H2_N300_POW_seed011 blk=16 meanH=1.0000 meanP=1.0000
OK 8Y_H2_N300_P0_ALL_seed011 blk=16 meanH=0.9973 meanP=0.9973
OK 8Y_H2_N300_P3_ENERGY_seed011 blk=8 meanH=0.5985 meanP=0.4613
OK 8Y_H2_N300_P4_RESERVE_seed011 blk=9 meanH=0.5377 meanP=0.5160
OK 8Y_H2_N300_POW_seed012 blk=12 meanH=1.0000 meanP=1.0000
OK 8Y_H2_N300_P0_ALL_seed012 blk=12 meanH=0.9974 meanP=0.9974
OK 8Y_H2_N300_P3_ENERGY_seed012 blk=4 meanH=0.5981 meanP=0.4610
OK 8Y_H2_N300_P4_RESERVE_seed012 blk=8 meanH=0.6238 meanP=0.5955
OK 8Y_H2_N300_POW_seed013 blk=21 meanH=1.0000 meanP=1.0000
OK 8Y_H2_N300_P0_ALL_seed013 blk=21 meanH=0.9976 meanP=0.9976
OK 8Y_H2_N300_P3_ENERGY_seed013 blk=18 meanH=0.5989 meanP=0.4616
OK 8Y_H2_N300_P4_RESERVE_seed013 blk=15 meanH=0.5488 meanP=0.5078
OK 8Y_H2_N300_POW_seed014 blk=21 meanH=1.0000 meanP=1.0000
OK 8Y_H2_N300_P0_ALL_seed014 blk=21 meanH=0.9979 meanP=0.9979
OK 8Y_H2_N300_P3_ENERGY_seed014 blk=12 meanH=0.5985 meanP=0.4613
OK 8Y_H2_N300_P4_RESERVE_seed014 blk=12 meanH=0.5323 meanP=0.4978
OK 8Y_H2_N300_POW_seed015 blk=13 meanH=1.0000 meanP=1.0000
OK 8Y_H2_N300_P0_ALL_seed015 blk=13 meanH=0.9967 meanP=0.9967
OK 8Y_H2_N300_P3_ENERGY_seed015 blk=11 meanH=0.5982 meanP=0.4610
OK 8Y_H2_N300_P4_RESERVE_seed015 blk=10 meanH=0.5859 meanP=0.5654
OK 8Y_H2_N300_POW_seed016 blk=22 meanH=1.0000 meanP=1.0000
OK 8Y_H2_N300_P0_ALL_seed016 blk=22 meanH=0.9977 meanP=0.9977
OK 8Y_H2_N300_P3_ENERGY_seed016 blk=10 meanH=0.5981 meanP=0.4610
OK 8Y_H2_N300_P4_RESERVE_seed016 blk=8 meanH=0.5450 meanP=0.5375
OK 8Y_H2_N300_POW_seed017 blk=24 meanH=1.0000 meanP=1.0000
OK 8Y_H2_N300_P0_ALL_seed017 blk=24 meanH=0.9985 meanP=0.9985
OK 8Y_H2_N300_P3_ENERGY_seed017 blk=11 meanH=0.5985 meanP=0.4613
OK 8Y_H2_N300_P4_RESERVE_seed017 blk=8 meanH=0.5490 meanP=0.5447
OK 8Y_H2_N300_POW_seed018 blk=16 meanH=1.0000 meanP=1.0000
OK 8Y_H2_N300_P0_ALL_seed018 blk=16 meanH=0.9982 meanP=0.9982
OK 8Y_H2_N300_P3_ENERGY_seed018 blk=6 meanH=0.5985 meanP=0.4613
OK 8Y_H2_N300_P4_RESERVE_seed018 blk=6 meanH=0.6328 meanP=0.6137
OK 8Y_H2_N300_POW_seed019 blk=15 meanH=1.0000 meanP=1.0000
OK 8Y_H2_N300_P0_ALL_seed019 blk=15 meanH=0.9972 meanP=0.9972
OK 8Y_H2_N300_P3_ENERGY_seed019 blk=10 meanH=0.5983 meanP=0.4611
OK 8Y_H2_N300_P4_RESERVE_seed019 blk=9 meanH=0.5879 meanP=0.5727
OK 8Y_H2_N300_POW_seed020 blk=11 meanH=1.0000 meanP=1.0000
OK 8Y_H2_N300_P0_ALL_seed020 blk=11 meanH=0.9969 meanP=0.9969
OK 8Y_H2_N300_P3_ENERGY_seed020 blk=8 meanH=0.5983 meanP=0.4612
OK 8Y_H2_N300_P4_RESERVE_seed020 blk=7 meanH=0.6645 meanP=0.6442
OK 8Y_H2_N300_POW_seed021 blk=17 meanH=1.0000 meanP=1.0000
OK 8Y_H2_N300_P0_ALL_seed021 blk=17 meanH=0.9975 meanP=0.9975
OK 8Y_H2_N300_P3_ENERGY_seed021 blk=13 meanH=0.5985 meanP=0.4613
OK 8Y_H2_N300_P4_RESERVE_seed021 blk=11 meanH=0.5120 meanP=0.4784
OK 8Y_H2_N300_POW_seed022 blk=18 meanH=1.0000 meanP=1.0000
OK 8Y_H2_N300_P0_ALL_seed022 blk=18 meanH=0.9983 meanP=0.9983
OK 8Y_H2_N300_P3_ENERGY_seed022 blk=11 meanH=0.5987 meanP=0.4615
OK 8Y_H2_N300_P4_RESERVE_seed022 blk=11 meanH=0.5446 meanP=0.5136
OK 8Y_H2_N300_POW_seed023 blk=15 meanH=1.0000 meanP=1.0000
OK 8Y_H2_N300_P0_ALL_seed023 blk=15 meanH=0.9975 meanP=0.9975
OK 8Y_H2_N300_P3_ENERGY_seed023 blk=8 meanH=0.5984 meanP=0.4612
OK 8Y_H2_N300_P4_RESERVE_seed023 blk=8 meanH=0.5862 meanP=0.5562
OK 8Y_H2_N300_POW_seed024 blk=15 meanH=1.0000 meanP=1.0000
OK 8Y_H2_N300_P0_ALL_seed024 blk=15 meanH=0.9982 meanP=0.9982
OK 8Y_H2_N300_P3_ENERGY_seed024 blk=11 meanH=0.5986 meanP=0.4614
OK 8Y_H2_N300_P4_RESERVE_seed024 blk=10 meanH=0.6159 meanP=0.5771
OK 8Y_H2_N300_POW_seed025 blk=21 meanH=1.0000 meanP=1.0000
OK 8Y_H2_N300_P0_ALL_seed025 blk=21 meanH=0.9982 meanP=0.9982
OK 8Y_H2_N300_P3_ENERGY_seed025 blk=11 meanH=0.5982 meanP=0.4611
OK 8Y_H2_N300_P4_RESERVE_seed025 blk=10 meanH=0.5203 meanP=0.4966
OK 8Y_H2_N300_POW_seed026 blk=16 meanH=1.0000 meanP=1.0000
OK 8Y_H2_N300_P0_ALL_seed026 blk=16 meanH=0.9978 meanP=0.9978
OK 8Y_H2_N300_P3_ENERGY_seed026 blk=13 meanH=0.5985 meanP=0.4613
OK 8Y_H2_N300_P4_RESERVE_seed026 blk=8 meanH=0.5827 meanP=0.5656
OK 8Y_H2_N300_POW_seed027 blk=10 meanH=1.0000 meanP=1.0000
OK 8Y_H2_N300_P0_ALL_seed027 blk=10 meanH=0.9968 meanP=0.9968
OK 8Y_H2_N300_P3_ENERGY_seed027 blk=8 meanH=0.5985 meanP=0.4613
OK 8Y_H2_N300_P4_RESERVE_seed027 blk=5 meanH=0.5817 meanP=0.5703
OK 8Y_H2_N300_POW_seed028 blk=20 meanH=1.0000 meanP=1.0000
OK 8Y_H2_N300_P0_ALL_seed028 blk=20 meanH=0.9978 meanP=0.9978
OK 8Y_H2_N300_P3_ENERGY_seed028 blk=13 meanH=0.5988 meanP=0.4615
OK 8Y_H2_N300_P4_RESERVE_seed028 blk=15 meanH=0.5288 meanP=0.4929
OK 8Y_H2_N300_POW_seed029 blk=23 meanH=1.0000 meanP=1.0000
OK 8Y_H2_N300_P0_ALL_seed029 blk=23 meanH=0.9975 meanP=0.9975
OK 8Y_H2_N300_P3_ENERGY_seed029 blk=17 meanH=0.5985 meanP=0.4613
OK 8Y_H2_N300_P4_RESERVE_seed029 blk=14 meanH=0.4910 meanP=0.4554
OK 8Y_H2_N300_POW_seed030 blk=17 meanH=1.0000 meanP=1.0000
OK 8Y_H2_N300_P0_ALL_seed030 blk=17 meanH=0.9983 meanP=0.9983
OK 8Y_H2_N300_P3_ENERGY_seed030 blk=11 meanH=0.5987 meanP=0.4615
OK 8Y_H2_N300_P4_RESERVE_seed030 blk=12 meanH=0.5465 meanP=0.5087
OK 8Y_H2_N500_POW_seed001 blk=15 meanH=1.0000 meanP=1.0000
OK 8Y_H2_N500_P0_ALL_seed001 blk=15 meanH=0.9972 meanP=0.9972
OK 8Y_H2_N500_P3_ENERGY_seed001 blk=11 meanH=0.5995 meanP=0.4621
OK 8Y_H2_N500_P4_RESERVE_seed001 blk=11 meanH=0.5059 meanP=0.4695
OK 8Y_H2_N500_POW_seed002 blk=21 meanH=1.0000 meanP=1.0000
OK 8Y_H2_N500_P0_ALL_seed002 blk=21 meanH=0.9978 meanP=0.9978
OK 8Y_H2_N500_P3_ENERGY_seed002 blk=12 meanH=0.5994 meanP=0.4620
OK 8Y_H2_N500_P4_RESERVE_seed002 blk=12 meanH=0.5386 meanP=0.4891
OK 8Y_H2_N500_POW_seed003 blk=13 meanH=1.0000 meanP=1.0000
OK 8Y_H2_N500_P0_ALL_seed003 blk=12 meanH=0.9969 meanP=0.9969
OK 8Y_H2_N500_P3_ENERGY_seed003 blk=7 meanH=0.5993 meanP=0.4619
OK 8Y_H2_N500_P4_RESERVE_seed003 blk=10 meanH=0.5183 meanP=0.4853
OK 8Y_H2_N500_POW_seed004 blk=14 meanH=1.0000 meanP=1.0000
OK 8Y_H2_N500_P0_ALL_seed004 blk=14 meanH=0.9969 meanP=0.9969
OK 8Y_H2_N500_P3_ENERGY_seed004 blk=8 meanH=0.5990 meanP=0.4616
OK 8Y_H2_N500_P4_RESERVE_seed004 blk=8 meanH=0.6659 meanP=0.6465
OK 8Y_H2_N500_POW_seed005 blk=17 meanH=1.0000 meanP=1.0000
OK 8Y_H2_N500_P0_ALL_seed005 blk=17 meanH=0.9980 meanP=0.9980
OK 8Y_H2_N500_P3_ENERGY_seed005 blk=10 meanH=0.5992 meanP=0.4619
OK 8Y_H2_N500_P4_RESERVE_seed005 blk=10 meanH=0.5526 meanP=0.5119
OK 8Y_H2_N500_POW_seed006 blk=18 meanH=1.0000 meanP=1.0000
OK 8Y_H2_N500_P0_ALL_seed006 blk=19 meanH=0.9980 meanP=0.9980
OK 8Y_H2_N500_P3_ENERGY_seed006 blk=13 meanH=0.5993 meanP=0.4619
OK 8Y_H2_N500_P4_RESERVE_seed006 blk=10 meanH=0.5328 meanP=0.5127
OK 8Y_H2_N500_POW_seed007 blk=16 meanH=1.0000 meanP=1.0000
OK 8Y_H2_N500_P0_ALL_seed007 blk=16 meanH=0.9980 meanP=0.9980
OK 8Y_H2_N500_P3_ENERGY_seed007 blk=6 meanH=0.5992 meanP=0.4618
OK 8Y_H2_N500_P4_RESERVE_seed007 blk=8 meanH=0.5719 meanP=0.5477
OK 8Y_H2_N500_POW_seed008 blk=14 meanH=1.0000 meanP=1.0000
OK 8Y_H2_N500_P0_ALL_seed008 blk=14 meanH=0.9965 meanP=0.9965
OK 8Y_H2_N500_P3_ENERGY_seed008 blk=9 meanH=0.5990 meanP=0.4617
OK 8Y_H2_N500_P4_RESERVE_seed008 blk=8 meanH=0.5674 meanP=0.5516
OK 8Y_H2_N500_POW_seed009 blk=17 meanH=1.0000 meanP=1.0000
OK 8Y_H2_N500_P0_ALL_seed009 blk=17 meanH=0.9970 meanP=0.9970
OK 8Y_H2_N500_P3_ENERGY_seed009 blk=10 meanH=0.5991 meanP=0.4617
OK 8Y_H2_N500_P4_RESERVE_seed009 blk=6 meanH=0.5408 meanP=0.5286
OK 8Y_H2_N500_POW_seed010 blk=22 meanH=1.0000 meanP=1.0000
OK 8Y_H2_N500_P0_ALL_seed010 blk=22 meanH=0.9979 meanP=0.9979
OK 8Y_H2_N500_P3_ENERGY_seed010 blk=13 meanH=0.5995 meanP=0.4620
OK 8Y_H2_N500_P4_RESERVE_seed010 blk=12 meanH=0.5231 meanP=0.4875
OK 8Y_H2_N500_POW_seed011 blk=19 meanH=1.0000 meanP=1.0000
OK 8Y_H2_N500_P0_ALL_seed011 blk=19 meanH=0.9978 meanP=0.9978
OK 8Y_H2_N500_P3_ENERGY_seed011 blk=12 meanH=0.5993 meanP=0.4619
OK 8Y_H2_N500_P4_RESERVE_seed011 blk=11 meanH=0.5590 meanP=0.5341
OK 8Y_H2_N500_POW_seed012 blk=22 meanH=1.0000 meanP=1.0000
OK 8Y_H2_N500_P0_ALL_seed012 blk=22 meanH=0.9982 meanP=0.9982
OK 8Y_H2_N500_P3_ENERGY_seed012 blk=14 meanH=0.5996 meanP=0.4622
OK 8Y_H2_N500_P4_RESERVE_seed012 blk=11 meanH=0.5041 meanP=0.4845
OK 8Y_H2_N500_POW_seed013 blk=15 meanH=1.0000 meanP=1.0000
OK 8Y_H2_N500_P0_ALL_seed013 blk=15 meanH=0.9970 meanP=0.9970
OK 8Y_H2_N500_P3_ENERGY_seed013 blk=12 meanH=0.5993 meanP=0.4619
OK 8Y_H2_N500_P4_RESERVE_seed013 blk=9 meanH=0.5443 meanP=0.5224
OK 8Y_H2_N500_POW_seed014 blk=20 meanH=1.0000 meanP=1.0000
OK 8Y_H2_N500_P0_ALL_seed014 blk=20 meanH=0.9981 meanP=0.9981
OK 8Y_H2_N500_P3_ENERGY_seed014 blk=10 meanH=0.5989 meanP=0.4616
OK 8Y_H2_N500_P4_RESERVE_seed014 blk=10 meanH=0.4923 meanP=0.4743
OK 8Y_H2_N500_POW_seed015 blk=17 meanH=1.0000 meanP=1.0000
OK 8Y_H2_N500_P0_ALL_seed015 blk=16 meanH=0.9974 meanP=0.9974
OK 8Y_H2_N500_P3_ENERGY_seed015 blk=10 meanH=0.5994 meanP=0.4620
OK 8Y_H2_N500_P4_RESERVE_seed015 blk=9 meanH=0.5729 meanP=0.5342
OK 8Y_H2_N500_POW_seed016 blk=15 meanH=1.0000 meanP=1.0000
OK 8Y_H2_N500_P0_ALL_seed016 blk=15 meanH=0.9975 meanP=0.9975
OK 8Y_H2_N500_P3_ENERGY_seed016 blk=10 meanH=0.5992 meanP=0.4618
OK 8Y_H2_N500_P4_RESERVE_seed016 blk=9 meanH=0.5430 meanP=0.5138
OK 8Y_H2_N500_POW_seed017 blk=21 meanH=1.0000 meanP=1.0000
OK 8Y_H2_N500_P0_ALL_seed017 blk=21 meanH=0.9986 meanP=0.9986
OK 8Y_H2_N500_P3_ENERGY_seed017 blk=16 meanH=0.5997 meanP=0.4622
OK 8Y_H2_N500_P4_RESERVE_seed017 blk=9 meanH=0.5524 meanP=0.5226
OK 8Y_H2_N500_POW_seed018 blk=18 meanH=1.0000 meanP=1.0000
OK 8Y_H2_N500_P0_ALL_seed018 blk=18 meanH=0.9980 meanP=0.9980
OK 8Y_H2_N500_P3_ENERGY_seed018 blk=8 meanH=0.5990 meanP=0.4617
OK 8Y_H2_N500_P4_RESERVE_seed018 blk=8 meanH=0.5667 meanP=0.5393
OK 8Y_H2_N500_POW_seed019 blk=16 meanH=1.0000 meanP=1.0000
OK 8Y_H2_N500_P0_ALL_seed019 blk=16 meanH=0.9971 meanP=0.9971
OK 8Y_H2_N500_P3_ENERGY_seed019 blk=10 meanH=0.5989 meanP=0.4616
OK 8Y_H2_N500_P4_RESERVE_seed019 blk=11 meanH=0.5548 meanP=0.5261
OK 8Y_H2_N500_POW_seed020 blk=14 meanH=1.0000 meanP=1.0000
OK 8Y_H2_N500_P0_ALL_seed020 blk=13 meanH=0.9975 meanP=0.9975
OK 8Y_H2_N500_P3_ENERGY_seed020 blk=12 meanH=0.5995 meanP=0.4620
OK 8Y_H2_N500_P4_RESERVE_seed020 blk=8 meanH=0.6990 meanP=0.6653
OK 8Y_H2_N500_POW_seed021 blk=19 meanH=1.0000 meanP=1.0000
OK 8Y_H2_N500_P0_ALL_seed021 blk=19 meanH=0.9980 meanP=0.9980
OK 8Y_H2_N500_P3_ENERGY_seed021 blk=15 meanH=0.5994 meanP=0.4620
OK 8Y_H2_N500_P4_RESERVE_seed021 blk=16 meanH=0.5457 meanP=0.4941
OK 8Y_H2_N500_POW_seed022 blk=19 meanH=1.0000 meanP=1.0000
OK 8Y_H2_N500_P0_ALL_seed022 blk=19 meanH=0.9978 meanP=0.9978
OK 8Y_H2_N500_P3_ENERGY_seed022 blk=14 meanH=0.5996 meanP=0.4621
OK 8Y_H2_N500_P4_RESERVE_seed022 blk=13 meanH=0.5376 meanP=0.4994
OK 8Y_H2_N500_POW_seed023 blk=14 meanH=1.0000 meanP=1.0000
OK 8Y_H2_N500_P0_ALL_seed023 blk=14 meanH=0.9971 meanP=0.9971
OK 8Y_H2_N500_P3_ENERGY_seed023 blk=8 meanH=0.5992 meanP=0.4618
OK 8Y_H2_N500_P4_RESERVE_seed023 blk=9 meanH=0.6018 meanP=0.5649
OK 8Y_H2_N500_POW_seed024 blk=14 meanH=1.0000 meanP=1.0000
OK 8Y_H2_N500_P0_ALL_seed024 blk=14 meanH=0.9969 meanP=0.9969
OK 8Y_H2_N500_P3_ENERGY_seed024 blk=8 meanH=0.5988 meanP=0.4615
OK 8Y_H2_N500_P4_RESERVE_seed024 blk=9 meanH=0.5755 meanP=0.5487
OK 8Y_H2_N500_POW_seed025 blk=16 meanH=1.0000 meanP=1.0000
OK 8Y_H2_N500_P0_ALL_seed025 blk=16 meanH=0.9976 meanP=0.9976
OK 8Y_H2_N500_P3_ENERGY_seed025 blk=7 meanH=0.5990 meanP=0.4617
OK 8Y_H2_N500_P4_RESERVE_seed025 blk=8 meanH=0.6047 meanP=0.5822
OK 8Y_H2_N500_POW_seed026 blk=13 meanH=1.0000 meanP=1.0000
OK 8Y_H2_N500_P0_ALL_seed026 blk=13 meanH=0.9968 meanP=0.9968
OK 8Y_H2_N500_P3_ENERGY_seed026 blk=8 meanH=0.5990 meanP=0.4617
OK 8Y_H2_N500_P4_RESERVE_seed026 blk=8 meanH=0.6705 meanP=0.6517
OK 8Y_H2_N500_POW_seed027 blk=12 meanH=1.0000 meanP=1.0000
OK 8Y_H2_N500_P0_ALL_seed027 blk=12 meanH=0.9972 meanP=0.9972
OK 8Y_H2_N500_P3_ENERGY_seed027 blk=8 meanH=0.5993 meanP=0.4619
OK 8Y_H2_N500_P4_RESERVE_seed027 blk=5 meanH=0.5515 meanP=0.5477
OK 8Y_H2_N500_POW_seed028 blk=14 meanH=1.0000 meanP=1.0000
OK 8Y_H2_N500_P0_ALL_seed028 blk=14 meanH=0.9971 meanP=0.9971
OK 8Y_H2_N500_P3_ENERGY_seed028 blk=9 meanH=0.5994 meanP=0.4620
OK 8Y_H2_N500_P4_RESERVE_seed028 blk=9 meanH=0.5866 meanP=0.5688
OK 8Y_H2_N500_POW_seed029 blk=16 meanH=1.0000 meanP=1.0000
OK 8Y_H2_N500_P0_ALL_seed029 blk=16 meanH=0.9967 meanP=0.9967
OK 8Y_H2_N500_P3_ENERGY_seed029 blk=13 meanH=0.5994 meanP=0.4620
OK 8Y_H2_N500_P4_RESERVE_seed029 blk=13 meanH=0.5616 meanP=0.5194
OK 8Y_H2_N500_POW_seed030 blk=15 meanH=1.0000 meanP=1.0000
OK 8Y_H2_N500_P0_ALL_seed030 blk=15 meanH=0.9974 meanP=0.9974
OK 8Y_H2_N500_P3_ENERGY_seed030 blk=10 meanH=0.5992 meanP=0.4618
OK 8Y_H2_N500_P4_RESERVE_seed030 blk=12 meanH=0.5844 meanP=0.5407
OK 8Y_H4_N100_POW_seed001 blk=14 meanH=1.0000 meanP=1.0000
OK 8Y_H4_N100_P0_ALL_seed001 blk=14 meanH=0.9985 meanP=0.9985
OK 8Y_H4_N100_P3_ENERGY_seed001 blk=11 meanH=0.6007 meanP=0.4819
OK 8Y_H4_N100_P4_RESERVE_seed001 blk=8 meanH=0.5790 meanP=0.5644
OK 8Y_H4_N100_POW_seed002 blk=24 meanH=1.0000 meanP=1.0000
OK 8Y_H4_N100_P0_ALL_seed002 blk=24 meanH=0.9986 meanP=0.9986
OK 8Y_H4_N100_P3_ENERGY_seed002 blk=11 meanH=0.6001 meanP=0.4814
OK 8Y_H4_N100_P4_RESERVE_seed002 blk=11 meanH=0.5256 meanP=0.5071
OK 8Y_H4_N100_POW_seed003 blk=18 meanH=1.0000 meanP=1.0000
OK 8Y_H4_N100_P0_ALL_seed003 blk=18 meanH=0.9980 meanP=0.9980
OK 8Y_H4_N100_P3_ENERGY_seed003 blk=11 meanH=0.6005 meanP=0.4817
OK 8Y_H4_N100_P4_RESERVE_seed003 blk=9 meanH=0.5267 meanP=0.5075
OK 8Y_H4_N100_POW_seed004 blk=15 meanH=1.0000 meanP=1.0000
OK 8Y_H4_N100_P0_ALL_seed004 blk=15 meanH=0.9979 meanP=0.9979
OK 8Y_H4_N100_P3_ENERGY_seed004 blk=10 meanH=0.6002 meanP=0.4815
OK 8Y_H4_N100_P4_RESERVE_seed004 blk=9 meanH=0.5835 meanP=0.5568
OK 8Y_H4_N100_POW_seed005 blk=27 meanH=1.0000 meanP=1.0000
OK 8Y_H4_N100_P0_ALL_seed005 blk=26 meanH=0.9986 meanP=0.9986
OK 8Y_H4_N100_P3_ENERGY_seed005 blk=15 meanH=0.6002 meanP=0.4815
OK 8Y_H4_N100_P4_RESERVE_seed005 blk=14 meanH=0.5774 meanP=0.5442
OK 8Y_H4_N100_POW_seed006 blk=14 meanH=1.0000 meanP=1.0000
OK 8Y_H4_N100_P0_ALL_seed006 blk=14 meanH=0.9980 meanP=0.9979
OK 8Y_H4_N100_P3_ENERGY_seed006 blk=8 meanH=0.6001 meanP=0.4814
OK 8Y_H4_N100_P4_RESERVE_seed006 blk=9 meanH=0.5213 meanP=0.5107
OK 8Y_H4_N100_POW_seed007 blk=10 meanH=1.0000 meanP=1.0000
OK 8Y_H4_N100_P0_ALL_seed007 blk=10 meanH=0.9974 meanP=0.9974
OK 8Y_H4_N100_P3_ENERGY_seed007 blk=6 meanH=0.5997 meanP=0.4811
OK 8Y_H4_N100_P4_RESERVE_seed007 blk=8 meanH=0.5667 meanP=0.5547
OK 8Y_H4_N100_POW_seed008 blk=15 meanH=1.0000 meanP=1.0000
OK 8Y_H4_N100_P0_ALL_seed008 blk=15 meanH=0.9973 meanP=0.9973
OK 8Y_H4_N100_P3_ENERGY_seed008 blk=13 meanH=0.6003 meanP=0.4816
OK 8Y_H4_N100_P4_RESERVE_seed008 blk=9 meanH=0.5593 meanP=0.5400
OK 8Y_H4_N100_POW_seed009 blk=19 meanH=1.0000 meanP=1.0000
OK 8Y_H4_N100_P0_ALL_seed009 blk=19 meanH=0.9982 meanP=0.9982
OK 8Y_H4_N100_P3_ENERGY_seed009 blk=14 meanH=0.6004 meanP=0.4817
OK 8Y_H4_N100_P4_RESERVE_seed009 blk=11 meanH=0.5160 meanP=0.4952
OK 8Y_H4_N100_POW_seed010 blk=26 meanH=1.0000 meanP=1.0000
OK 8Y_H4_N100_P0_ALL_seed010 blk=26 meanH=0.9987 meanP=0.9987
OK 8Y_H4_N100_P3_ENERGY_seed010 blk=13 meanH=0.6005 meanP=0.4817
OK 8Y_H4_N100_P4_RESERVE_seed010 blk=16 meanH=0.5337 meanP=0.4973
OK 8Y_H4_N100_POW_seed011 blk=19 meanH=1.0000 meanP=1.0000
OK 8Y_H4_N100_P0_ALL_seed011 blk=19 meanH=0.9976 meanP=0.9976
OK 8Y_H4_N100_P3_ENERGY_seed011 blk=12 meanH=0.6000 meanP=0.4814
OK 8Y_H4_N100_P4_RESERVE_seed011 blk=12 meanH=0.5564 meanP=0.5412
OK 8Y_H4_N100_POW_seed012 blk=19 meanH=1.0000 meanP=1.0000
OK 8Y_H4_N100_P0_ALL_seed012 blk=19 meanH=0.9978 meanP=0.9978
OK 8Y_H4_N100_P3_ENERGY_seed012 blk=16 meanH=0.6003 meanP=0.4816
OK 8Y_H4_N100_P4_RESERVE_seed012 blk=15 meanH=0.5031 meanP=0.4732
OK 8Y_H4_N100_POW_seed013 blk=13 meanH=1.0000 meanP=1.0000
OK 8Y_H4_N100_P0_ALL_seed013 blk=13 meanH=0.9977 meanP=0.9977
OK 8Y_H4_N100_P3_ENERGY_seed013 blk=4 meanH=0.6000 meanP=0.4813
OK 8Y_H4_N100_P4_RESERVE_seed013 blk=8 meanH=0.5136 meanP=0.4938
OK 8Y_H4_N100_POW_seed014 blk=19 meanH=1.0000 meanP=1.0000
OK 8Y_H4_N100_P0_ALL_seed014 blk=19 meanH=0.9981 meanP=0.9981
OK 8Y_H4_N100_P3_ENERGY_seed014 blk=17 meanH=0.6006 meanP=0.4819
OK 8Y_H4_N100_P4_RESERVE_seed014 blk=15 meanH=0.6621 meanP=0.6174
OK 8Y_H4_N100_POW_seed015 blk=14 meanH=1.0000 meanP=1.0000
OK 8Y_H4_N100_P0_ALL_seed015 blk=13 meanH=0.9976 meanP=0.9976
OK 8Y_H4_N100_P3_ENERGY_seed015 blk=6 meanH=0.6001 meanP=0.4814
OK 8Y_H4_N100_P4_RESERVE_seed015 blk=8 meanH=0.6441 meanP=0.6267
OK 8Y_H4_N100_POW_seed016 blk=24 meanH=1.0000 meanP=1.0000
OK 8Y_H4_N100_P0_ALL_seed016 blk=24 meanH=0.9984 meanP=0.9984
OK 8Y_H4_N100_P3_ENERGY_seed016 blk=15 meanH=0.6006 meanP=0.4818
OK 8Y_H4_N100_P4_RESERVE_seed016 blk=14 meanH=0.5683 meanP=0.5266
OK 8Y_H4_N100_POW_seed017 blk=14 meanH=1.0000 meanP=1.0000
OK 8Y_H4_N100_P0_ALL_seed017 blk=14 meanH=0.9976 meanP=0.9976
OK 8Y_H4_N100_P3_ENERGY_seed017 blk=11 meanH=0.6001 meanP=0.4814
OK 8Y_H4_N100_P4_RESERVE_seed017 blk=8 meanH=0.6236 meanP=0.6102
OK 8Y_H4_N100_POW_seed018 blk=12 meanH=1.0000 meanP=1.0000
OK 8Y_H4_N100_P0_ALL_seed018 blk=13 meanH=0.9979 meanP=0.9979
OK 8Y_H4_N100_P3_ENERGY_seed018 blk=7 meanH=0.6002 meanP=0.4815
OK 8Y_H4_N100_P4_RESERVE_seed018 blk=6 meanH=0.5721 meanP=0.5593
OK 8Y_H4_N100_POW_seed019 blk=24 meanH=1.0000 meanP=1.0000
OK 8Y_H4_N100_P0_ALL_seed019 blk=24 meanH=0.9986 meanP=0.9986
OK 8Y_H4_N100_P3_ENERGY_seed019 blk=12 meanH=0.6003 meanP=0.4816
OK 8Y_H4_N100_P4_RESERVE_seed019 blk=14 meanH=0.5423 meanP=0.5137
OK 8Y_H4_N100_POW_seed020 blk=21 meanH=1.0000 meanP=1.0000
OK 8Y_H4_N100_P0_ALL_seed020 blk=21 meanH=0.9984 meanP=0.9984
OK 8Y_H4_N100_P3_ENERGY_seed020 blk=15 meanH=0.6004 meanP=0.4817
OK 8Y_H4_N100_P4_RESERVE_seed020 blk=12 meanH=0.5138 meanP=0.5009
OK 8Y_H4_N100_POW_seed021 blk=17 meanH=1.0000 meanP=1.0000
OK 8Y_H4_N100_P0_ALL_seed021 blk=17 meanH=0.9984 meanP=0.9984
OK 8Y_H4_N100_P3_ENERGY_seed021 blk=11 meanH=0.6007 meanP=0.4819
OK 8Y_H4_N100_P4_RESERVE_seed021 blk=12 meanH=0.5666 meanP=0.5246
OK 8Y_H4_N100_POW_seed022 blk=11 meanH=1.0000 meanP=1.0000
OK 8Y_H4_N100_P0_ALL_seed022 blk=11 meanH=0.9976 meanP=0.9976
OK 8Y_H4_N100_P3_ENERGY_seed022 blk=8 meanH=0.6001 meanP=0.4814
OK 8Y_H4_N100_P4_RESERVE_seed022 blk=8 meanH=0.5778 meanP=0.5616
OK 8Y_H4_N100_POW_seed023 blk=15 meanH=1.0000 meanP=1.0000
OK 8Y_H4_N100_P0_ALL_seed023 blk=14 meanH=0.9978 meanP=0.9978
OK 8Y_H4_N100_P3_ENERGY_seed023 blk=13 meanH=0.6003 meanP=0.4816
OK 8Y_H4_N100_P4_RESERVE_seed023 blk=9 meanH=0.5623 meanP=0.5429
OK 8Y_H4_N100_POW_seed024 blk=10 meanH=1.0000 meanP=1.0000
OK 8Y_H4_N100_P0_ALL_seed024 blk=10 meanH=0.9977 meanP=0.9977
OK 8Y_H4_N100_P3_ENERGY_seed024 blk=5 meanH=0.5997 meanP=0.4811
OK 8Y_H4_N100_P4_RESERVE_seed024 blk=9 meanH=0.5867 meanP=0.5647
OK 8Y_H4_N100_POW_seed025 blk=20 meanH=1.0000 meanP=1.0000
OK 8Y_H4_N100_P0_ALL_seed025 blk=20 meanH=0.9993 meanP=0.9993
OK 8Y_H4_N100_P3_ENERGY_seed025 blk=13 meanH=0.6006 meanP=0.4818
OK 8Y_H4_N100_P4_RESERVE_seed025 blk=8 meanH=0.5391 meanP=0.5250
OK 8Y_H4_N100_POW_seed026 blk=15 meanH=1.0000 meanP=1.0000
OK 8Y_H4_N100_P0_ALL_seed026 blk=15 meanH=0.9980 meanP=0.9980
OK 8Y_H4_N100_P3_ENERGY_seed026 blk=10 meanH=0.6000 meanP=0.4814
OK 8Y_H4_N100_P4_RESERVE_seed026 blk=8 meanH=0.5701 meanP=0.5529
OK 8Y_H4_N100_POW_seed027 blk=14 meanH=1.0000 meanP=1.0000
OK 8Y_H4_N100_P0_ALL_seed027 blk=14 meanH=0.9977 meanP=0.9977
OK 8Y_H4_N100_P3_ENERGY_seed027 blk=9 meanH=0.6004 meanP=0.4816
OK 8Y_H4_N100_P4_RESERVE_seed027 blk=8 meanH=0.5480 meanP=0.5325
OK 8Y_H4_N100_POW_seed028 blk=14 meanH=1.0000 meanP=1.0000
OK 8Y_H4_N100_P0_ALL_seed028 blk=14 meanH=0.9980 meanP=0.9980
OK 8Y_H4_N100_P3_ENERGY_seed028 blk=6 meanH=0.5999 meanP=0.4813
OK 8Y_H4_N100_P4_RESERVE_seed028 blk=6 meanH=0.6141 meanP=0.6044
OK 8Y_H4_N100_POW_seed029 blk=21 meanH=1.0000 meanP=1.0000
OK 8Y_H4_N100_P0_ALL_seed029 blk=21 meanH=0.9986 meanP=0.9986
OK 8Y_H4_N100_P3_ENERGY_seed029 blk=14 meanH=0.6004 meanP=0.4817
OK 8Y_H4_N100_P4_RESERVE_seed029 blk=11 meanH=0.6063 meanP=0.5772
OK 8Y_H4_N100_POW_seed030 blk=21 meanH=1.0000 meanP=1.0000
OK 8Y_H4_N100_P0_ALL_seed030 blk=21 meanH=0.9982 meanP=0.9982
OK 8Y_H4_N100_P3_ENERGY_seed030 blk=10 meanH=0.5998 meanP=0.4812
OK 8Y_H4_N100_P4_RESERVE_seed030 blk=12 meanH=0.5332 meanP=0.5007
OK 8Y_H4_N300_POW_seed001 blk=18 meanH=1.0000 meanP=1.0000
OK 8Y_H4_N300_P0_ALL_seed001 blk=18 meanH=0.9976 meanP=0.9976
OK 8Y_H4_N300_P3_ENERGY_seed001 blk=14 meanH=0.6000 meanP=0.4813
OK 8Y_H4_N300_P4_RESERVE_seed001 blk=13 meanH=0.5427 meanP=0.5109
OK 8Y_H4_N300_POW_seed002 blk=16 meanH=1.0000 meanP=1.0000
OK 8Y_H4_N300_P0_ALL_seed002 blk=16 meanH=0.9977 meanP=0.9977
OK 8Y_H4_N300_P3_ENERGY_seed002 blk=10 meanH=0.6000 meanP=0.4814
OK 8Y_H4_N300_P4_RESERVE_seed002 blk=13 meanH=0.5542 meanP=0.5208
OK 8Y_H4_N300_POW_seed003 blk=14 meanH=1.0000 meanP=1.0000
OK 8Y_H4_N300_P0_ALL_seed003 blk=14 meanH=0.9973 meanP=0.9973
OK 8Y_H4_N300_P3_ENERGY_seed003 blk=9 meanH=0.5999 meanP=0.4813
OK 8Y_H4_N300_P4_RESERVE_seed003 blk=13 meanH=0.5440 meanP=0.5090
OK 8Y_H4_N300_POW_seed004 blk=16 meanH=1.0000 meanP=1.0000
OK 8Y_H4_N300_P0_ALL_seed004 blk=16 meanH=0.9980 meanP=0.9980
OK 8Y_H4_N300_P3_ENERGY_seed004 blk=11 meanH=0.5997 meanP=0.4811
OK 8Y_H4_N300_P4_RESERVE_seed004 blk=10 meanH=0.5362 meanP=0.5099
OK 8Y_H4_N300_POW_seed005 blk=15 meanH=1.0000 meanP=1.0000
OK 8Y_H4_N300_P0_ALL_seed005 blk=15 meanH=0.9975 meanP=0.9976
OK 8Y_H4_N300_P3_ENERGY_seed005 blk=11 meanH=0.6002 meanP=0.4815
OK 8Y_H4_N300_P4_RESERVE_seed005 blk=10 meanH=0.5903 meanP=0.5673
OK 8Y_H4_N300_POW_seed006 blk=18 meanH=1.0000 meanP=1.0000
OK 8Y_H4_N300_P0_ALL_seed006 blk=19 meanH=0.9977 meanP=0.9977
OK 8Y_H4_N300_P3_ENERGY_seed006 blk=14 meanH=0.6000 meanP=0.4814
OK 8Y_H4_N300_P4_RESERVE_seed006 blk=12 meanH=0.5942 meanP=0.5841
OK 8Y_H4_N300_POW_seed007 blk=15 meanH=1.0000 meanP=1.0000
OK 8Y_H4_N300_P0_ALL_seed007 blk=15 meanH=0.9970 meanP=0.9970
OK 8Y_H4_N300_P3_ENERGY_seed007 blk=10 meanH=0.5997 meanP=0.4811
OK 8Y_H4_N300_P4_RESERVE_seed007 blk=7 meanH=0.5877 meanP=0.5805
OK 8Y_H4_N300_POW_seed008 blk=21 meanH=1.0000 meanP=1.0000
OK 8Y_H4_N300_P0_ALL_seed008 blk=21 meanH=0.9974 meanP=0.9974
OK 8Y_H4_N300_P3_ENERGY_seed008 blk=13 meanH=0.5999 meanP=0.4813
OK 8Y_H4_N300_P4_RESERVE_seed008 blk=10 meanH=0.5710 meanP=0.5412
OK 8Y_H4_N300_POW_seed009 blk=16 meanH=1.0000 meanP=1.0000
OK 8Y_H4_N300_P0_ALL_seed009 blk=16 meanH=0.9972 meanP=0.9972
OK 8Y_H4_N300_P3_ENERGY_seed009 blk=8 meanH=0.5996 meanP=0.4810
OK 8Y_H4_N300_P4_RESERVE_seed009 blk=11 meanH=0.5389 meanP=0.5126
OK 8Y_H4_N300_POW_seed010 blk=22 meanH=1.0000 meanP=1.0000
OK 8Y_H4_N300_P0_ALL_seed010 blk=22 meanH=0.9984 meanP=0.9984
OK 8Y_H4_N300_P3_ENERGY_seed010 blk=12 meanH=0.5998 meanP=0.4812
OK 8Y_H4_N300_P4_RESERVE_seed010 blk=11 meanH=0.5236 meanP=0.5022
OK 8Y_H4_N300_POW_seed011 blk=18 meanH=1.0000 meanP=1.0000
OK 8Y_H4_N300_P0_ALL_seed011 blk=18 meanH=0.9972 meanP=0.9972
OK 8Y_H4_N300_P3_ENERGY_seed011 blk=13 meanH=0.6000 meanP=0.4813
OK 8Y_H4_N300_P4_RESERVE_seed011 blk=9 meanH=0.5351 meanP=0.5267
OK 8Y_H4_N300_POW_seed012 blk=12 meanH=1.0000 meanP=1.0000
OK 8Y_H4_N300_P0_ALL_seed012 blk=12 meanH=0.9974 meanP=0.9974
OK 8Y_H4_N300_P3_ENERGY_seed012 blk=8 meanH=0.5999 meanP=0.4812
OK 8Y_H4_N300_P4_RESERVE_seed012 blk=6 meanH=0.6712 meanP=0.6575
OK 8Y_H4_N300_POW_seed013 blk=17 meanH=1.0000 meanP=1.0000
OK 8Y_H4_N300_P0_ALL_seed013 blk=17 meanH=0.9978 meanP=0.9978
OK 8Y_H4_N300_P3_ENERGY_seed013 blk=15 meanH=0.6007 meanP=0.4819
OK 8Y_H4_N300_P4_RESERVE_seed013 blk=14 meanH=0.6042 meanP=0.5604
OK 8Y_H4_N300_POW_seed014 blk=20 meanH=1.0000 meanP=1.0000
OK 8Y_H4_N300_P0_ALL_seed014 blk=20 meanH=0.9982 meanP=0.9982
OK 8Y_H4_N300_P3_ENERGY_seed014 blk=14 meanH=0.6004 meanP=0.4816
OK 8Y_H4_N300_P4_RESERVE_seed014 blk=13 meanH=0.4916 meanP=0.4646
OK 8Y_H4_N300_POW_seed015 blk=12 meanH=1.0000 meanP=1.0000
OK 8Y_H4_N300_P0_ALL_seed015 blk=12 meanH=0.9967 meanP=0.9967
OK 8Y_H4_N300_P3_ENERGY_seed015 blk=8 meanH=0.5999 meanP=0.4813
OK 8Y_H4_N300_P4_RESERVE_seed015 blk=8 meanH=0.5971 meanP=0.5860
OK 8Y_H4_N300_POW_seed016 blk=17 meanH=1.0000 meanP=1.0000
OK 8Y_H4_N300_P0_ALL_seed016 blk=17 meanH=0.9976 meanP=0.9976
OK 8Y_H4_N300_P3_ENERGY_seed016 blk=6 meanH=0.5995 meanP=0.4809
OK 8Y_H4_N300_P4_RESERVE_seed016 blk=9 meanH=0.6072 meanP=0.5884
OK 8Y_H4_N300_POW_seed017 blk=25 meanH=1.0000 meanP=1.0000
OK 8Y_H4_N300_P0_ALL_seed017 blk=25 meanH=0.9987 meanP=0.9987
OK 8Y_H4_N300_P3_ENERGY_seed017 blk=12 meanH=0.6001 meanP=0.4814
OK 8Y_H4_N300_P4_RESERVE_seed017 blk=7 meanH=0.5298 meanP=0.5281
OK 8Y_H4_N300_POW_seed018 blk=18 meanH=1.0000 meanP=1.0000
OK 8Y_H4_N300_P0_ALL_seed018 blk=18 meanH=0.9983 meanP=0.9983
OK 8Y_H4_N300_P3_ENERGY_seed018 blk=10 meanH=0.6003 meanP=0.4816
OK 8Y_H4_N300_P4_RESERVE_seed018 blk=9 meanH=0.5684 meanP=0.5471
OK 8Y_H4_N300_POW_seed019 blk=13 meanH=1.0000 meanP=1.0000
OK 8Y_H4_N300_P0_ALL_seed019 blk=13 meanH=0.9977 meanP=0.9977
OK 8Y_H4_N300_P3_ENERGY_seed019 blk=12 meanH=0.6001 meanP=0.4814
OK 8Y_H4_N300_P4_RESERVE_seed019 blk=9 meanH=0.5887 meanP=0.5712
OK 8Y_H4_N300_POW_seed020 blk=11 meanH=1.0000 meanP=1.0000
OK 8Y_H4_N300_P0_ALL_seed020 blk=11 meanH=0.9970 meanP=0.9970
OK 8Y_H4_N300_P3_ENERGY_seed020 blk=6 meanH=0.5997 meanP=0.4811
OK 8Y_H4_N300_P4_RESERVE_seed020 blk=5 meanH=0.6330 meanP=0.6251
OK 8Y_H4_N300_POW_seed021 blk=17 meanH=1.0000 meanP=1.0000
OK 8Y_H4_N300_P0_ALL_seed021 blk=17 meanH=0.9976 meanP=0.9976
OK 8Y_H4_N300_P3_ENERGY_seed021 blk=11 meanH=0.6002 meanP=0.4815
OK 8Y_H4_N300_P4_RESERVE_seed021 blk=11 meanH=0.6023 meanP=0.5757
OK 8Y_H4_N300_POW_seed022 blk=14 meanH=1.0000 meanP=1.0000
OK 8Y_H4_N300_P0_ALL_seed022 blk=14 meanH=0.9977 meanP=0.9977
OK 8Y_H4_N300_P3_ENERGY_seed022 blk=10 meanH=0.6000 meanP=0.4814
OK 8Y_H4_N300_P4_RESERVE_seed022 blk=10 meanH=0.5697 meanP=0.5443
OK 8Y_H4_N300_POW_seed023 blk=17 meanH=1.0000 meanP=1.0000
OK 8Y_H4_N300_P0_ALL_seed023 blk=17 meanH=0.9976 meanP=0.9976
OK 8Y_H4_N300_P3_ENERGY_seed023 blk=9 meanH=0.5998 meanP=0.4812
OK 8Y_H4_N300_P4_RESERVE_seed023 blk=11 meanH=0.5078 meanP=0.4818
OK 8Y_H4_N300_POW_seed024 blk=16 meanH=1.0000 meanP=1.0000
OK 8Y_H4_N300_P0_ALL_seed024 blk=16 meanH=0.9984 meanP=0.9984
OK 8Y_H4_N300_P3_ENERGY_seed024 blk=15 meanH=0.6004 meanP=0.4817
OK 8Y_H4_N300_P4_RESERVE_seed024 blk=13 meanH=0.6124 meanP=0.5804
OK 8Y_H4_N300_POW_seed025 blk=22 meanH=1.0000 meanP=1.0000
OK 8Y_H4_N300_P0_ALL_seed025 blk=22 meanH=0.9985 meanP=0.9985
OK 8Y_H4_N300_P3_ENERGY_seed025 blk=14 meanH=0.6002 meanP=0.4815
OK 8Y_H4_N300_P4_RESERVE_seed025 blk=10 meanH=0.5252 meanP=0.5061
OK 8Y_H4_N300_POW_seed026 blk=16 meanH=1.0000 meanP=1.0000
OK 8Y_H4_N300_P0_ALL_seed026 blk=17 meanH=0.9983 meanP=0.9983
OK 8Y_H4_N300_P3_ENERGY_seed026 blk=14 meanH=0.6003 meanP=0.4816
OK 8Y_H4_N300_P4_RESERVE_seed026 blk=11 meanH=0.5463 meanP=0.5220
OK 8Y_H4_N300_POW_seed027 blk=12 meanH=1.0000 meanP=1.0000
OK 8Y_H4_N300_P0_ALL_seed027 blk=12 meanH=0.9974 meanP=0.9974
OK 8Y_H4_N300_P3_ENERGY_seed027 blk=10 meanH=0.6000 meanP=0.4814
OK 8Y_H4_N300_P4_RESERVE_seed027 blk=6 meanH=0.5861 meanP=0.5776
OK 8Y_H4_N300_POW_seed028 blk=19 meanH=1.0000 meanP=1.0000
OK 8Y_H4_N300_P0_ALL_seed028 blk=19 meanH=0.9979 meanP=0.9979
OK 8Y_H4_N300_P3_ENERGY_seed028 blk=17 meanH=0.6004 meanP=0.4817
OK 8Y_H4_N300_P4_RESERVE_seed028 blk=13 meanH=0.5458 meanP=0.5147
OK 8Y_H4_N300_POW_seed029 blk=18 meanH=1.0000 meanP=1.0000
OK 8Y_H4_N300_P0_ALL_seed029 blk=18 meanH=0.9973 meanP=0.9973
OK 8Y_H4_N300_P3_ENERGY_seed029 blk=14 meanH=0.5999 meanP=0.4813
OK 8Y_H4_N300_P4_RESERVE_seed029 blk=11 meanH=0.5177 meanP=0.4950
OK 8Y_H4_N300_POW_seed030 blk=14 meanH=1.0000 meanP=1.0000
OK 8Y_H4_N300_P0_ALL_seed030 blk=14 meanH=0.9979 meanP=0.9979
OK 8Y_H4_N300_P3_ENERGY_seed030 blk=10 meanH=0.6001 meanP=0.4814
OK 8Y_H4_N300_P4_RESERVE_seed030 blk=13 meanH=0.5994 meanP=0.5588
OK 8Y_H4_N500_POW_seed001 blk=16 meanH=1.0000 meanP=1.0000
OK 8Y_H4_N500_P0_ALL_seed001 blk=15 meanH=0.9971 meanP=0.9971
OK 8Y_H4_N500_P3_ENERGY_seed001 blk=12 meanH=0.5984 meanP=0.4808
OK 8Y_H4_N500_P4_RESERVE_seed001 blk=11 meanH=0.5205 meanP=0.4977
OK 8Y_H4_N500_POW_seed002 blk=25 meanH=1.0000 meanP=1.0000
OK 8Y_H4_N500_P0_ALL_seed002 blk=24 meanH=0.9980 meanP=0.9980
OK 8Y_H4_N500_P3_ENERGY_seed002 blk=13 meanH=0.5986 meanP=0.4810
OK 8Y_H4_N500_P4_RESERVE_seed002 blk=16 meanH=0.5508 meanP=0.5121
OK 8Y_H4_N500_POW_seed003 blk=15 meanH=1.0000 meanP=1.0000
OK 8Y_H4_N500_P0_ALL_seed003 blk=15 meanH=0.9969 meanP=0.9969
OK 8Y_H4_N500_P3_ENERGY_seed003 blk=5 meanH=0.5983 meanP=0.4807
OK 8Y_H4_N500_P4_RESERVE_seed003 blk=10 meanH=0.5391 meanP=0.5173
OK 8Y_H4_N500_POW_seed004 blk=11 meanH=1.0000 meanP=1.0000
OK 8Y_H4_N500_P0_ALL_seed004 blk=11 meanH=0.9966 meanP=0.9966
OK 8Y_H4_N500_P3_ENERGY_seed004 blk=5 meanH=0.5980 meanP=0.4804
OK 8Y_H4_N500_P4_RESERVE_seed004 blk=9 meanH=0.5596 meanP=0.5431
OK 8Y_H4_N500_POW_seed005 blk=18 meanH=1.0000 meanP=1.0000
OK 8Y_H4_N500_P0_ALL_seed005 blk=18 meanH=0.9978 meanP=0.9978
OK 8Y_H4_N500_P3_ENERGY_seed005 blk=11 meanH=0.5984 meanP=0.4808
OK 8Y_H4_N500_P4_RESERVE_seed005 blk=9 meanH=0.5214 meanP=0.5050
OK 8Y_H4_N500_POW_seed006 blk=21 meanH=1.0000 meanP=1.0000
OK 8Y_H4_N500_P0_ALL_seed006 blk=20 meanH=0.9979 meanP=0.9979
OK 8Y_H4_N500_P3_ENERGY_seed006 blk=12 meanH=0.5986 meanP=0.4810
OK 8Y_H4_N500_P4_RESERVE_seed006 blk=10 meanH=0.5393 meanP=0.5266
OK 8Y_H4_N500_POW_seed007 blk=15 meanH=1.0000 meanP=1.0000
OK 8Y_H4_N500_P0_ALL_seed007 blk=15 meanH=0.9977 meanP=0.9977
OK 8Y_H4_N500_P3_ENERGY_seed007 blk=9 meanH=0.5986 meanP=0.4810
OK 8Y_H4_N500_P4_RESERVE_seed007 blk=6 meanH=0.5031 meanP=0.4974
OK 8Y_H4_N500_POW_seed008 blk=14 meanH=1.0000 meanP=1.0000
OK 8Y_H4_N500_P0_ALL_seed008 blk=15 meanH=0.9966 meanP=0.9966
OK 8Y_H4_N500_P3_ENERGY_seed008 blk=8 meanH=0.5985 meanP=0.4808
OK 8Y_H4_N500_P4_RESERVE_seed008 blk=7 meanH=0.5763 meanP=0.5614
OK 8Y_H4_N500_POW_seed009 blk=23 meanH=1.0000 meanP=1.0000
OK 8Y_H4_N500_P0_ALL_seed009 blk=23 meanH=0.9973 meanP=0.9973
OK 8Y_H4_N500_P3_ENERGY_seed009 blk=13 meanH=0.5982 meanP=0.4807
OK 8Y_H4_N500_P4_RESERVE_seed009 blk=10 meanH=0.4836 meanP=0.4735
OK 8Y_H4_N500_POW_seed010 blk=22 meanH=1.0000 meanP=1.0000
OK 8Y_H4_N500_P0_ALL_seed010 blk=22 meanH=0.9976 meanP=0.9976
OK 8Y_H4_N500_P3_ENERGY_seed010 blk=14 meanH=0.5988 meanP=0.4812
OK 8Y_H4_N500_P4_RESERVE_seed010 blk=12 meanH=0.5136 meanP=0.4883
OK 8Y_H4_N500_POW_seed011 blk=21 meanH=1.0000 meanP=1.0000
OK 8Y_H4_N500_P0_ALL_seed011 blk=20 meanH=0.9975 meanP=0.9974
OK 8Y_H4_N500_P3_ENERGY_seed011 blk=10 meanH=0.5985 meanP=0.4809
OK 8Y_H4_N500_P4_RESERVE_seed011 blk=9 meanH=0.5534 meanP=0.5344
OK 8Y_H4_N500_POW_seed012 blk=20 meanH=1.0000 meanP=1.0000
OK 8Y_H4_N500_P0_ALL_seed012 blk=20 meanH=0.9981 meanP=0.9981
OK 8Y_H4_N500_P3_ENERGY_seed012 blk=13 meanH=0.5990 meanP=0.4812
OK 8Y_H4_N500_P4_RESERVE_seed012 blk=12 meanH=0.5456 meanP=0.5151
OK 8Y_H4_N500_POW_seed013 blk=15 meanH=1.0000 meanP=1.0000
OK 8Y_H4_N500_P0_ALL_seed013 blk=15 meanH=0.9974 meanP=0.9974
OK 8Y_H4_N500_P3_ENERGY_seed013 blk=13 meanH=0.5987 meanP=0.4810
OK 8Y_H4_N500_P4_RESERVE_seed013 blk=8 meanH=0.5031 meanP=0.4936
OK 8Y_H4_N500_POW_seed014 blk=21 meanH=1.0000 meanP=1.0000
OK 8Y_H4_N500_P0_ALL_seed014 blk=21 meanH=0.9984 meanP=0.9984
OK 8Y_H4_N500_P3_ENERGY_seed014 blk=11 meanH=0.5987 meanP=0.4811
OK 8Y_H4_N500_P4_RESERVE_seed014 blk=10 meanH=0.5121 meanP=0.4943
OK 8Y_H4_N500_POW_seed015 blk=16 meanH=1.0000 meanP=1.0000
OK 8Y_H4_N500_P0_ALL_seed015 blk=16 meanH=0.9977 meanP=0.9977
OK 8Y_H4_N500_P3_ENERGY_seed015 blk=11 meanH=0.5987 meanP=0.4811
OK 8Y_H4_N500_P4_RESERVE_seed015 blk=12 meanH=0.5958 meanP=0.5509
OK 8Y_H4_N500_POW_seed016 blk=14 meanH=1.0000 meanP=1.0000
OK 8Y_H4_N500_P0_ALL_seed016 blk=14 meanH=0.9968 meanP=0.9968
OK 8Y_H4_N500_P3_ENERGY_seed016 blk=10 meanH=0.5984 meanP=0.4808
OK 8Y_H4_N500_P4_RESERVE_seed016 blk=9 meanH=0.5546 meanP=0.5360
OK 8Y_H4_N500_POW_seed017 blk=24 meanH=1.0000 meanP=1.0000
OK 8Y_H4_N500_P0_ALL_seed017 blk=24 meanH=0.9984 meanP=0.9984
OK 8Y_H4_N500_P3_ENERGY_seed017 blk=13 meanH=0.5988 meanP=0.4811
OK 8Y_H4_N500_P4_RESERVE_seed017 blk=10 meanH=0.6115 meanP=0.5943
OK 8Y_H4_N500_POW_seed018 blk=18 meanH=1.0000 meanP=1.0000
OK 8Y_H4_N500_P0_ALL_seed018 blk=18 meanH=0.9981 meanP=0.9981
OK 8Y_H4_N500_P3_ENERGY_seed018 blk=5 meanH=0.5983 meanP=0.4807
OK 8Y_H4_N500_P4_RESERVE_seed018 blk=9 meanH=0.5743 meanP=0.5500
OK 8Y_H4_N500_POW_seed019 blk=19 meanH=1.0000 meanP=1.0000
OK 8Y_H4_N500_P0_ALL_seed019 blk=19 meanH=0.9968 meanP=0.9968
OK 8Y_H4_N500_P3_ENERGY_seed019 blk=13 meanH=0.5984 meanP=0.4808
OK 8Y_H4_N500_P4_RESERVE_seed019 blk=13 meanH=0.5137 meanP=0.4916
OK 8Y_H4_N500_POW_seed020 blk=9 meanH=1.0000 meanP=1.0000
OK 8Y_H4_N500_P0_ALL_seed020 blk=9 meanH=0.9975 meanP=0.9975
OK 8Y_H4_N500_P3_ENERGY_seed020 blk=8 meanH=0.5988 meanP=0.4811
OK 8Y_H4_N500_P4_RESERVE_seed020 blk=5 meanH=0.7264 meanP=0.7101
OK 8Y_H4_N500_POW_seed021 blk=19 meanH=1.0000 meanP=1.0000
OK 8Y_H4_N500_P0_ALL_seed021 blk=19 meanH=0.9980 meanP=0.9980
OK 8Y_H4_N500_P3_ENERGY_seed021 blk=12 meanH=0.5986 meanP=0.4809
OK 8Y_H4_N500_P4_RESERVE_seed021 blk=11 meanH=0.5133 meanP=0.4880
OK 8Y_H4_N500_POW_seed022 blk=18 meanH=1.0000 meanP=1.0000
OK 8Y_H4_N500_P0_ALL_seed022 blk=18 meanH=0.9973 meanP=0.9973
OK 8Y_H4_N500_P3_ENERGY_seed022 blk=14 meanH=0.5987 meanP=0.4810
OK 8Y_H4_N500_P4_RESERVE_seed022 blk=8 meanH=0.5433 meanP=0.5316
OK 8Y_H4_N500_POW_seed023 blk=15 meanH=1.0000 meanP=1.0000
OK 8Y_H4_N500_P0_ALL_seed023 blk=15 meanH=0.9976 meanP=0.9976
OK 8Y_H4_N500_P3_ENERGY_seed023 blk=10 meanH=0.5985 meanP=0.4809
OK 8Y_H4_N500_P4_RESERVE_seed023 blk=8 meanH=0.6450 meanP=0.6231
OK 8Y_H4_N500_POW_seed024 blk=15 meanH=1.0000 meanP=1.0000
OK 8Y_H4_N500_P0_ALL_seed024 blk=15 meanH=0.9969 meanP=0.9969
OK 8Y_H4_N500_P3_ENERGY_seed024 blk=14 meanH=0.5985 meanP=0.4809
OK 8Y_H4_N500_P4_RESERVE_seed024 blk=9 meanH=0.5245 meanP=0.5133
OK 8Y_H4_N500_POW_seed025 blk=15 meanH=1.0000 meanP=1.0000
OK 8Y_H4_N500_P0_ALL_seed025 blk=15 meanH=0.9976 meanP=0.9976
OK 8Y_H4_N500_P3_ENERGY_seed025 blk=6 meanH=0.5982 meanP=0.4806
OK 8Y_H4_N500_P4_RESERVE_seed025 blk=7 meanH=0.5704 meanP=0.5555
OK 8Y_H4_N500_POW_seed026 blk=15 meanH=1.0000 meanP=1.0000
OK 8Y_H4_N500_P0_ALL_seed026 blk=15 meanH=0.9972 meanP=0.9972
OK 8Y_H4_N500_P3_ENERGY_seed026 blk=7 meanH=0.5981 meanP=0.4806
OK 8Y_H4_N500_P4_RESERVE_seed026 blk=7 meanH=0.6250 meanP=0.6196
OK 8Y_H4_N500_POW_seed027 blk=15 meanH=1.0000 meanP=1.0000
OK 8Y_H4_N500_P0_ALL_seed027 blk=15 meanH=0.9975 meanP=0.9975
OK 8Y_H4_N500_P3_ENERGY_seed027 blk=11 meanH=0.5986 meanP=0.4810
OK 8Y_H4_N500_P4_RESERVE_seed027 blk=5 meanH=0.6030 meanP=0.5957
OK 8Y_H4_N500_POW_seed028 blk=16 meanH=1.0000 meanP=1.0000
OK 8Y_H4_N500_P0_ALL_seed028 blk=16 meanH=0.9978 meanP=0.9978
OK 8Y_H4_N500_P3_ENERGY_seed028 blk=11 meanH=0.5987 meanP=0.4810
OK 8Y_H4_N500_P4_RESERVE_seed028 blk=12 meanH=0.5807 meanP=0.5507
OK 8Y_H4_N500_POW_seed029 blk=14 meanH=1.0000 meanP=1.0000
OK 8Y_H4_N500_P0_ALL_seed029 blk=14 meanH=0.9971 meanP=0.9971
OK 8Y_H4_N500_P3_ENERGY_seed029 blk=10 meanH=0.5984 meanP=0.4808
OK 8Y_H4_N500_P4_RESERVE_seed029 blk=12 meanH=0.5809 meanP=0.5534
OK 8Y_H4_N500_POW_seed030 blk=12 meanH=1.0000 meanP=1.0000
OK 8Y_H4_N500_P0_ALL_seed030 blk=12 meanH=0.9968 meanP=0.9968
OK 8Y_H4_N500_P3_ENERGY_seed030 blk=9 meanH=0.5983 meanP=0.4808
OK 8Y_H4_N500_P4_RESERVE_seed030 blk=9 meanH=0.6223 meanP=0.6055
=== primary end completed=1080 failed=0 elapsed=67.7s
