=== pilot start 2026-08-14T16:59:59 commit=2d3c243b36e904ca04bf391b0a4adc73c8cbe273 config=b871c98ea1c612cdbd5a2223ff017610d908ae78fe08d509113f86983218cebf todo=45
OK 8XP_N100_POW_seed001 blocks=17 Flow=0.000000e+00 wall=0.015
OK 8XP_N100_POCOL_seed001 blocks=17 Flow=2.312605e-03 wall=0.019
OK 8XP_N100_POWMT_seed001 blocks=14 Flow=0.000000e+00 wall=0.018
OK 8XP_N100_POW_seed002 blocks=17 Flow=0.000000e+00 wall=0.011
OK 8XP_N100_POCOL_seed002 blocks=17 Flow=1.896820e-03 wall=0.015
OK 8XP_N100_POWMT_seed002 blocks=12 Flow=0.000000e+00 wall=0.013
OK 8XP_N100_POW_seed003 blocks=19 Flow=0.000000e+00 wall=0.013
OK 8XP_N100_POCOL_seed003 blocks=19 Flow=2.335496e-03 wall=0.017
OK 8XP_N100_POWMT_seed003 blocks=12 Flow=0.000000e+00 wall=0.013
OK 8XP_N100_POW_seed004 blocks=19 Flow=0.000000e+00 wall=0.013
OK 8XP_N100_POCOL_seed004 blocks=19 Flow=1.861529e-03 wall=0.016
OK 8XP_N100_POWMT_seed004 blocks=20 Flow=0.000000e+00 wall=0.018
OK 8XP_N100_POW_seed005 blocks=19 Flow=0.000000e+00 wall=0.013
OK 8XP_N100_POCOL_seed005 blocks=19 Flow=2.229307e-03 wall=0.017
OK 8XP_N100_POWMT_seed005 blocks=10 Flow=0.000000e+00 wall=0.011
OK 8XP_N300_POW_seed001 blocks=21 Flow=0.000000e+00 wall=0.048
OK 8XP_N300_POCOL_seed001 blocks=21 Flow=2.087576e-03 wall=0.056
OK 8XP_N300_POWMT_seed001 blocks=13 Flow=0.000000e+00 wall=0.043
OK 8XP_N300_POW_seed002 blocks=15 Flow=0.000000e+00 wall=0.037
OK 8XP_N300_POCOL_seed002 blocks=15 Flow=2.635972e-03 wall=0.049
OK 8XP_N300_POWMT_seed002 blocks=22 Flow=0.000000e+00 wall=0.062
OK 8XP_N300_POW_seed003 blocks=18 Flow=0.000000e+00 wall=0.044
OK 8XP_N300_POCOL_seed003 blocks=18 Flow=2.606941e-03 wall=0.053
OK 8XP_N300_POWMT_seed003 blocks=15 Flow=0.000000e+00 wall=0.049
OK 8XP_N300_POW_seed004 blocks=11 Flow=0.000000e+00 wall=0.032
OK 8XP_N300_POCOL_seed004 blocks=11 Flow=2.515036e-03 wall=0.071
OK 8XP_N300_POWMT_seed004 blocks=12 Flow=0.000000e+00 wall=0.049
OK 8XP_N300_POW_seed005 blocks=14 Flow=0.000000e+00 wall=0.037
OK 8XP_N300_POCOL_seed005 blocks=14 Flow=2.565816e-03 wall=0.045
OK 8XP_N300_POWMT_seed005 blocks=13 Flow=0.000000e+00 wall=0.044
OK 8XP_N500_POW_seed001 blocks=20 Flow=0.000000e+00 wall=0.080
OK 8XP_N500_POCOL_seed001 blocks=20 Flow=2.514278e-03 wall=0.114
OK 8XP_N500_POWMT_seed001 blocks=16 Flow=0.000000e+00 wall=0.080
OK 8XP_N500_POW_seed002 blocks=20 Flow=0.000000e+00 wall=0.076
OK 8XP_N500_POCOL_seed002 blocks=20 Flow=2.143540e-03 wall=0.097
OK 8XP_N500_POWMT_seed002 blocks=16 Flow=0.000000e+00 wall=0.084
OK 8XP_N500_POW_seed003 blocks=17 Flow=0.000000e+00 wall=0.065
OK 8XP_N500_POCOL_seed003 blocks=17 Flow=2.246389e-03 wall=0.091
OK 8XP_N500_POWMT_seed003 blocks=12 Flow=0.000000e+00 wall=0.069
OK 8XP_N500_POW_seed004 blocks=17 Flow=0.000000e+00 wall=0.065
OK 8XP_N500_POCOL_seed004 blocks=15 Flow=1.917266e-03 wall=0.076
OK 8XP_N500_POWMT_seed004 blocks=14 Flow=0.000000e+00 wall=0.082
OK 8XP_N500_POW_seed005 blocks=12 Flow=0.000000e+00 wall=0.061
OK 8XP_N500_POCOL_seed005 blocks=12 Flow=2.945181e-03 wall=0.079
OK 8XP_N500_POWMT_seed005 blocks=10 Flow=0.000000e+00 wall=0.070
=== pilot end completed=45 failed=0 elapsed=2.8s
