      0.0s 1/30 pilot N=100 seed=7068745346940014165 XNR-PW-CONV-ZERO blocks=19
      0.0s 2/30 pilot N=100 seed=7068745346940014165 XNR-PW-CONV-OFFSET blocks=19
      0.0s 3/30 pilot N=100 seed=7068745346940014165 XNR-PW-MT-ZERO blocks=1
      0.0s 4/30 pilot N=100 seed=7068745346940014165 XNR-PW-MT-OFFSET blocks=1
      0.0s 5/30 pilot N=100 seed=7068745346940014165 XNR-PC blocks=19
      0.0s 6/30 pilot N=100 seed=1676186997283559608 XNR-PW-CONV-ZERO blocks=15
      0.0s 7/30 pilot N=100 seed=1676186997283559608 XNR-PW-CONV-OFFSET blocks=15
      0.0s 8/30 pilot N=100 seed=1676186997283559608 XNR-PW-MT-ZERO blocks=0
      0.0s 9/30 pilot N=100 seed=1676186997283559608 XNR-PW-MT-OFFSET blocks=0
      0.0s 10/30 pilot N=100 seed=1676186997283559608 XNR-PC blocks=15
      0.1s 11/30 pilot N=300 seed=7068745346940014165 XNR-PW-CONV-ZERO blocks=19
      0.1s 12/30 pilot N=300 seed=7068745346940014165 XNR-PW-CONV-OFFSET blocks=19
      0.1s 13/30 pilot N=300 seed=7068745346940014165 XNR-PW-MT-ZERO blocks=1
      0.1s 14/30 pilot N=300 seed=7068745346940014165 XNR-PW-MT-OFFSET blocks=1
      0.1s 15/30 pilot N=300 seed=7068745346940014165 XNR-PC blocks=19
      0.1s 16/30 pilot N=300 seed=1676186997283559608 XNR-PW-CONV-ZERO blocks=15
      0.1s 17/30 pilot N=300 seed=1676186997283559608 XNR-PW-CONV-OFFSET blocks=15
      0.1s 18/30 pilot N=300 seed=1676186997283559608 XNR-PW-MT-ZERO blocks=0
      0.1s 19/30 pilot N=300 seed=1676186997283559608 XNR-PW-MT-OFFSET blocks=0
      0.2s 20/30 pilot N=300 seed=1676186997283559608 XNR-PC blocks=15
      0.2s 21/30 pilot N=500 seed=7068745346940014165 XNR-PW-CONV-ZERO blocks=19
      0.2s 22/30 pilot N=500 seed=7068745346940014165 XNR-PW-CONV-OFFSET blocks=19
      0.2s 23/30 pilot N=500 seed=7068745346940014165 XNR-PW-MT-ZERO blocks=1
      0.2s 24/30 pilot N=500 seed=7068745346940014165 XNR-PW-MT-OFFSET blocks=1
      0.3s 25/30 pilot N=500 seed=7068745346940014165 XNR-PC blocks=19
      0.3s 26/30 pilot N=500 seed=1676186997283559608 XNR-PW-CONV-ZERO blocks=15
      0.3s 27/30 pilot N=500 seed=1676186997283559608 XNR-PW-CONV-OFFSET blocks=15
      0.3s 28/30 pilot N=500 seed=1676186997283559608 XNR-PW-MT-ZERO blocks=0
      0.3s 29/30 pilot N=500 seed=1676186997283559608 XNR-PW-MT-OFFSET blocks=0
      0.3s 30/30 pilot N=500 seed=1676186997283559608 XNR-PC blocks=15
      0.0s 1/30 pilot N=100 seed=7068745346940014165 XNR-PW-CONV-ZERO blocks=19
      0.0s 2/30 pilot N=100 seed=7068745346940014165 XNR-PW-CONV-OFFSET blocks=19
      0.0s 3/30 pilot N=100 seed=7068745346940014165 XNR-PW-MT-ZERO blocks=1
      0.0s 4/30 pilot N=100 seed=7068745346940014165 XNR-PW-MT-OFFSET blocks=1
      0.0s 5/30 pilot N=100 seed=7068745346940014165 XNR-PC blocks=19
      0.0s 6/30 pilot N=100 seed=1676186997283559608 XNR-PW-CONV-ZERO blocks=15
      0.0s 7/30 pilot N=100 seed=1676186997283559608 XNR-PW-CONV-OFFSET blocks=15
      0.0s 8/30 pilot N=100 seed=1676186997283559608 XNR-PW-MT-ZERO blocks=0
      0.0s 9/30 pilot N=100 seed=1676186997283559608 XNR-PW-MT-OFFSET blocks=0
      0.0s 10/30 pilot N=100 seed=1676186997283559608 XNR-PC blocks=15
      0.1s 11/30 pilot N=300 seed=7068745346940014165 XNR-PW-CONV-ZERO blocks=19
      0.1s 12/30 pilot N=300 seed=7068745346940014165 XNR-PW-CONV-OFFSET blocks=19
      0.1s 13/30 pilot N=300 seed=7068745346940014165 XNR-PW-MT-ZERO blocks=1
      0.1s 14/30 pilot N=300 seed=7068745346940014165 XNR-PW-MT-OFFSET blocks=1
      0.1s 15/30 pilot N=300 seed=7068745346940014165 XNR-PC blocks=19
      0.1s 16/30 pilot N=300 seed=1676186997283559608 XNR-PW-CONV-ZERO blocks=15
      0.1s 17/30 pilot N=300 seed=1676186997283559608 XNR-PW-CONV-OFFSET blocks=15
      0.1s 18/30 pilot N=300 seed=1676186997283559608 XNR-PW-MT-ZERO blocks=0
      0.1s 19/30 pilot N=300 seed=1676186997283559608 XNR-PW-MT-OFFSET blocks=0
      0.1s 20/30 pilot N=300 seed=1676186997283559608 XNR-PC blocks=15
      0.2s 21/30 pilot N=500 seed=7068745346940014165 XNR-PW-CONV-ZERO blocks=19
      0.2s 22/30 pilot N=500 seed=7068745346940014165 XNR-PW-CONV-OFFSET blocks=19
      0.2s 23/30 pilot N=500 seed=7068745346940014165 XNR-PW-MT-ZERO blocks=1
      0.2s 24/30 pilot N=500 seed=7068745346940014165 XNR-PW-MT-OFFSET blocks=1
      0.2s 25/30 pilot N=500 seed=7068745346940014165 XNR-PC blocks=19
      0.3s 26/30 pilot N=500 seed=1676186997283559608 XNR-PW-CONV-ZERO blocks=15
      0.3s 27/30 pilot N=500 seed=1676186997283559608 XNR-PW-CONV-OFFSET blocks=15
      0.3s 28/30 pilot N=500 seed=1676186997283559608 XNR-PW-MT-ZERO blocks=0
      0.3s 29/30 pilot N=500 seed=1676186997283559608 XNR-PW-MT-OFFSET blocks=0
      0.3s 30/30 pilot N=500 seed=1676186997283559608 XNR-PC blocks=15
